Archive member included to satisfy reference by file (symbol)

Generated_Source\PSoC6\pdl\middleware\ble\lib\cy_ble_stack_gcc_host_ipc_cm4.a(CyBleStackMgrIP_Interface.o)
                              .\CortexM4\ARM_GCC_541\Debug\host_main.o (Cy_BLE_ProcessEvents)
Generated_Source\PSoC6\pdl\middleware\ble\lib\cy_ble_stack_gcc_host_ipc_cm4.a(BT_os.o)
                              Generated_Source\PSoC6\pdl\middleware\ble\lib\cy_ble_stack_gcc_host_ipc_cm4.a(CyBleStackMgrIP_Interface.o) (cyBleStackMemoryConfig)
Generated_Source\PSoC6\pdl\middleware\ble\lib\cy_ble_stack_gcc_host_ipc_cm4.a(CyBleStackMgr_StackTaskHandler.o)
                              Generated_Source\PSoC6\pdl\middleware\ble\lib\cy_ble_stack_gcc_host_ipc_cm4.a(CyBleStackMgrIP_Interface.o) (CyBle_CreateBleStackTask)
Generated_Source\PSoC6\pdl\middleware\ble\lib\cy_ble_stack_gcc_host_ipc_cm4.a(storage_pl.o)
                              Generated_Source\PSoC6\pdl\middleware\ble\lib\cy_ble_stack_gcc_host_ipc_cm4.a(CyBleStackMgrIP_Interface.o) (storage_manager_init)
Generated_Source\PSoC6\pdl\middleware\ble\lib\cy_ble_stack_gcc_host_ipc_cm4.a(mint_os.o)
                              Generated_Source\PSoC6\pdl\middleware\ble\lib\cy_ble_stack_gcc_host_ipc_cm4.a(CyBleStackMgrIP_Interface.o) (OS_init)
Generated_Source\PSoC6\pdl\middleware\ble\lib\cy_ble_stack_gcc_host_ipc_cm4.a(mint_os_queue.o)
                              Generated_Source\PSoC6\pdl\middleware\ble\lib\cy_ble_stack_gcc_host_ipc_cm4.a(mint_os.o) (OS_TOTAL_QUEUES)
Generated_Source\PSoC6\pdl\middleware\ble\lib\cy_ble_stack_gcc_host_ipc_cm4.a(mint_os_task.o)
                              Generated_Source\PSoC6\pdl\middleware\ble\lib\cy_ble_stack_gcc_host_ipc_cm4.a(mint_os.o) (idle_func_handler)
Generated_Source\PSoC6\pdl\middleware\ble\lib\cy_ble_stack_gcc_host_ipc_cm4.a(mint_buf_mgmt.o)
                              Generated_Source\PSoC6\pdl\middleware\ble\lib\cy_ble_stack_gcc_host_ipc_cm4.a(BT_os.o) (mint_buf_mgmt_allocate_buffer)
Generated_Source\PSoC6\pdl\middleware\ble\lib\cy_ble_stack_gcc_host_ipc_cm4.a(transport_ipc.o)
                              Generated_Source\PSoC6\pdl\middleware\ble\lib\cy_ble_stack_gcc_host_ipc_cm4.a(CyBleStackMgr_StackTaskHandler.o) (CyBleHost_HciIpcFreePktBuffer)
Generated_Source\PSoC6\pdl\middleware\ble\lib\cy_ble_stack_gcc_host_ipc_cm4.a(CyBleStackMgr_PSoCIPCHal.o)
                              Generated_Source\PSoC6\pdl\middleware\ble\lib\cy_ble_stack_gcc_host_ipc_cm4.a(transport_ipc.o) (CyBleHost_IPC_HAL_InitWithStaticMem)
Generated_Source\PSoC6\pdl\middleware\ble\lib\cy_ble_stack_gcc_host_ipc_cm4.a(host_main.o)
                              Generated_Source\PSoC6\pdl\middleware\ble\lib\cy_ble_stack_gcc_host_ipc_cm4.a(CyBleStackMgrIP_Interface.o) (CyBle_HostInit)
Generated_Source\PSoC6\pdl\middleware\ble\lib\cy_ble_stack_gcc_host_ipc_cm4.a(att_api.o)
                              Generated_Source\PSoC6\pdl\middleware\ble\lib\cy_ble_stack_gcc_host_ipc_cm4.a(host_main.o) (BT_att_register)
Generated_Source\PSoC6\pdl\middleware\ble\lib\cy_ble_stack_gcc_host_ipc_cm4.a(att_init.o)
                              Generated_Source\PSoC6\pdl\middleware\ble\lib\cy_ble_stack_gcc_host_ipc_cm4.a(att_api.o) (att_connections)
Generated_Source\PSoC6\pdl\middleware\ble\lib\cy_ble_stack_gcc_host_ipc_cm4.a(att_internal.o)
                              Generated_Source\PSoC6\pdl\middleware\ble\lib\cy_ble_stack_gcc_host_ipc_cm4.a(att_api.o) (att_get_fsm_event)
Generated_Source\PSoC6\pdl\middleware\ble\lib\cy_ble_stack_gcc_host_ipc_cm4.a(BT_common.o)
                              Generated_Source\PSoC6\pdl\middleware\ble\lib\cy_ble_stack_gcc_host_ipc_cm4.a(host_main.o) (BT_bluetooth_off)
Generated_Source\PSoC6\pdl\middleware\ble\lib\cy_ble_stack_gcc_host_ipc_cm4.a(device_queue.o)
                              Generated_Source\PSoC6\pdl\middleware\ble\lib\cy_ble_stack_gcc_host_ipc_cm4.a(host_main.o) (CyBle_DeviceQueueHeapDeInit)
Generated_Source\PSoC6\pdl\middleware\ble\lib\cy_ble_stack_gcc_host_ipc_cm4.a(l2cap.o)
                              Generated_Source\PSoC6\pdl\middleware\ble\lib\cy_ble_stack_gcc_host_ipc_cm4.a(host_main.o) (CyBle_L2capCB)
Generated_Source\PSoC6\pdl\middleware\ble\lib\cy_ble_stack_gcc_host_ipc_cm4.a(l2cap_disconnect.o)
                              Generated_Source\PSoC6\pdl\middleware\ble\lib\cy_ble_stack_gcc_host_ipc_cm4.a(l2cap.o) (l2ca_disconnect_req)
Generated_Source\PSoC6\pdl\middleware\ble\lib\cy_ble_stack_gcc_host_ipc_cm4.a(l2cap_init.o)
                              Generated_Source\PSoC6\pdl\middleware\ble\lib\cy_ble_stack_gcc_host_ipc_cm4.a(l2cap_disconnect.o) (l2cap_fixed_channel)
Generated_Source\PSoC6\pdl\middleware\ble\lib\cy_ble_stack_gcc_host_ipc_cm4.a(l2cap_utils.o)
                              Generated_Source\PSoC6\pdl\middleware\ble\lib\cy_ble_stack_gcc_host_ipc_cm4.a(l2cap_disconnect.o) (l2cap_buffer_dequeue)
Generated_Source\PSoC6\pdl\middleware\ble\lib\cy_ble_stack_gcc_host_ipc_cm4.a(l2cap_lmp.o)
[...]
Memory Configuration

Name             Origin             Length             Attributes
ram              0x08024000         0x00023800         xrw
flash            0x10080000         0x00080000         xr
em_eeprom        0x14000000         0x00008000         xr
sflash_user_data 0x16000800         0x00000800         xr
sflash_nar       0x16001a00         0x00000200         xr
sflash_public_key 0x16005a00         0x00000c00         xr
sflash_toc_2     0x16007c00         0x00000200         xr
sflash_rtoc_2    0x16007e00         0x00000200         xr
xip              0x18000000         0x08000000         xr
efuse            0x90700000         0x00100000         r
*default*        0x00000000         0xffffffff

Linker script and memory map

LOAD c:/program files (x86)/cypress/psoc creator/4.4/psoc creator/import/gnu/arm/5.4.1/bin/../lib/gcc/arm-none-eabi/5.4.1/armv7e-m/softfp/crti.o
LOAD c:/program files (x86)/cypress/psoc creator/4.4/psoc creator/import/gnu/arm/5.4.1/bin/../lib/gcc/arm-none-eabi/5.4.1/armv7e-m/softfp/crtbegin.o
LOAD c:/program files (x86)/cypress/psoc creator/4.4/psoc creator/import/gnu/arm/5.4.1/bin/../lib/gcc/arm-none-eabi/5.4.1/../../../../arm-none-eabi/lib/armv7e-m/softfp/crt0.o
START GROUP
LOAD Generated_Source\PSoC6\pdl\middleware\ble\lib\cy_ble_stack_gcc_host_ipc_cm4.a
LOAD .\CortexM4\ARM_GCC_541\Debug\startup_psoc6_01_cm4.o
LOAD .\CortexM4\ARM_GCC_541\Debug\main_cm4.o
LOAD .\CortexM4\ARM_GCC_541\Debug\system_psoc6_cm4.o
LOAD .\CortexM4\ARM_GCC_541\Debug\host_main.o
LOAD .\CortexM4\ARM_GCC_541\Debug\ias.o
LOAD .\CortexM4\ARM_GCC_541\Debug\user_interface.o
LOAD .\CortexM4\ARM_GCC_541\Debug\cyfitter_sysint_cfg.o
LOAD .\CortexM4\ARM_GCC_541\Debug\cymetadata.o
LOAD .\CortexM4\ARM_GCC_541\Debug\BLE.o
LOAD .\CortexM4\ARM_GCC_541\Debug\BLE_config.o
LOAD .\CortexM4\ARM_GCC_541\Debug\BLE_ias_config.o
LOAD .\CortexM4\ARM_GCC_541\Debug\cy_sysint.o
LOAD .\CortexM4\ARM_GCC_541\Debug\cy_ipc_drv.o
LOAD .\CortexM4\ARM_GCC_541\Debug\cy_ipc_sema.o
LOAD .\CortexM4\ARM_GCC_541\Debug\cy_ipc_pipe.o
LOAD .\CortexM4\ARM_GCC_541\Debug\cy_sysclk.o
LOAD .\CortexM4\ARM_GCC_541\Debug\cy_wdt.o
LOAD .\CortexM4\ARM_GCC_541\Debug\cy_efuse.o
LOAD .\CortexM4\ARM_GCC_541\Debug\cy_flash.o
LOAD .\CortexM4\ARM_GCC_541\Debug\cy_gpio.o
LOAD .\CortexM4\ARM_GCC_541\Debug\cy_sysanalog.o
LOAD .\CortexM4\ARM_GCC_541\Debug\cy_syspm.o
LOAD .\CortexM4\ARM_GCC_541\Debug\cy_syslib.o
LOAD .\CortexM4\ARM_GCC_541\Debug\cy_syslib_gcc.o
LOAD .\CortexM4\ARM_GCC_541\Debug\cy_trigmux.o
LOAD .\CortexM4\ARM_GCC_541\Debug\cy_systick.o
LOAD .\CortexM4\ARM_GCC_541\Debug\cy_profile.o
LOAD .\CortexM4\ARM_GCC_541\Debug\cy_prot.o
LOAD .\CortexM4\ARM_GCC_541\Debug\cy_lvd.o
LOAD .\CortexM4\ARM_GCC_541\Debug\cy_device.o
LOAD .\CortexM4\ARM_GCC_541\Debug\cy_ble.o
LOAD .\CortexM4\ARM_GCC_541\Debug\cy_ble_hal_int.o
LOAD .\CortexM4\ARM_GCC_541\Debug\cy_ble_hal_pvt.o
LOAD .\CortexM4\ARM_GCC_541\Debug\cy_ble_gap.o
LOAD .\CortexM4\ARM_GCC_541\Debug\cy_ble_gatt.o
LOAD .\CortexM4\ARM_GCC_541\Debug\cy_ble_event_handler.o
LOAD .\CortexM4\ARM_GCC_541\Debug\cy_ble_ancs.o
LOAD .\CortexM4\ARM_GCC_541\Debug\cy_ble_ans.o
LOAD .\CortexM4\ARM_GCC_541\Debug\cy_ble_aios.o
LOAD .\CortexM4\ARM_GCC_541\Debug\cy_ble_bas.o
LOAD .\CortexM4\ARM_GCC_541\Debug\cy_ble_bcs.o
LOAD .\CortexM4\ARM_GCC_541\Debug\cy_ble_bls.o
LOAD .\CortexM4\ARM_GCC_541\Debug\cy_ble_bms.o
LOAD .\CortexM4\ARM_GCC_541\Debug\cy_ble_bts.o
LOAD .\CortexM4\ARM_GCC_541\Debug\cy_ble_cgms.o
LOAD .\CortexM4\ARM_GCC_541\Debug\cy_ble_cps.o
LOAD .\CortexM4\ARM_GCC_541\Debug\cy_ble_cscs.o
LOAD .\CortexM4\ARM_GCC_541\Debug\cy_ble_cts.o
LOAD .\CortexM4\ARM_GCC_541\Debug\cy_ble_custom.o
LOAD .\CortexM4\ARM_GCC_541\Debug\cy_ble_dis.o
LOAD .\CortexM4\ARM_GCC_541\Debug\cy_ble_ess.o
LOAD .\CortexM4\ARM_GCC_541\Debug\cy_ble_gls.o
LOAD .\CortexM4\ARM_GCC_541\Debug\cy_ble_hids.o
LOAD .\CortexM4\ARM_GCC_541\Debug\cy_ble_hps.o
LOAD .\CortexM4\ARM_GCC_541\Debug\cy_ble_hrs.o
LOAD .\CortexM4\ARM_GCC_541\Debug\cy_ble_hts.o
LOAD .\CortexM4\ARM_GCC_541\Debug\cy_ble_ias.o
LOAD .\CortexM4\ARM_GCC_541\Debug\cy_ble_ips.o
LOAD .\CortexM4\ARM_GCC_541\Debug\cy_ble_lls.o
LOAD .\CortexM4\ARM_GCC_541\Debug\cy_ble_lns.o
LOAD .\CortexM4\ARM_GCC_541\Debug\cy_ble_ndcs.o
LOAD .\CortexM4\ARM_GCC_541\Debug\cy_ble_plxs.o
LOAD .\CortexM4\ARM_GCC_541\Debug\cy_ble_pass.o
LOAD .\CortexM4\ARM_GCC_541\Debug\cy_ble_rscs.o
LOAD .\CortexM4\ARM_GCC_541\Debug\cy_ble_rtus.o
LOAD .\CortexM4\ARM_GCC_541\Debug\cy_ble_scps.o
LOAD .\CortexM4\ARM_GCC_541\Debug\cy_ble_tps.o
LOAD .\CortexM4\ARM_GCC_541\Debug\cy_ble_uds.o
LOAD .\CortexM4\ARM_GCC_541\Debug\cy_ble_wpts.o
LOAD .\CortexM4\ARM_GCC_541\Debug\cy_ble_wss.o
LOAD .\CortexM4\ARM_GCC_541\Debug\cy_ble_clk.o
END GROUP
START GROUP
LOAD c:/program files (x86)/cypress/psoc creator/4.4/psoc creator/import/gnu/arm/5.4.1/bin/../lib/gcc/arm-none-eabi/5.4.1/armv7e-m/softfp\libgcc.a
LOAD c:/program files (x86)/cypress/psoc creator/4.4/psoc creator/import/gnu/arm/5.4.1/bin/../lib/gcc/arm-none-eabi/5.4.1/../../../../arm-none-eabi/lib/armv7e-m/softfp\libg_nano.a
LOAD c:/program files (x86)/cypress/psoc creator/4.4/psoc creator/import/gnu/arm/5.4.1/bin/../lib/gcc/arm-none-eabi/5.4.1/../../../../arm-none-eabi/lib/armv7e-m/softfp\libc_nano.a
END GROUP
START GROUP
LOAD c:/program files (x86)/cypress/psoc creator/4.4/psoc creator/import/gnu/arm/5.4.1/bin/../lib/gcc/arm-none-eabi/5.4.1/armv7e-m/softfp\libgcc.a
LOAD c:/program files (x86)/cypress/psoc creator/4.4/psoc creator/import/gnu/arm/5.4.1/bin/../lib/gcc/arm-none-eabi/5.4.1/../../../../arm-none-eabi/lib/armv7e-m/softfp\libc_nano.a
END GROUP
LOAD c:/program files (x86)/cypress/psoc creator/4.4/psoc creator/import/gnu/arm/5.4.1/bin/../lib/gcc/arm-none-eabi/5.4.1/armv7e-m/softfp/crtend.o
LOAD c:/program files (x86)/cypress/psoc creator/4.4/psoc creator/import/gnu/arm/5.4.1/bin/../lib/gcc/arm-none-eabi/5.4.1/armv7e-m/softfp/crtn.o
START GROUP
LOAD c:/program files (x86)/cypress/psoc creator/4.4/psoc creator/import/gnu/arm/5.4.1/bin/../lib/gcc/arm-none-eabi/5.4.1/armv7e-m/softfp\libgcc.a
LOAD c:/program files (x86)/cypress/psoc creator/4.4/psoc creator/import/gnu/arm/5.4.1/bin/../lib/gcc/arm-none-eabi/5.4.1/../../../../arm-none-eabi/lib/armv7e-m/softfp\libc.a
LOAD c:/program files (x86)/cypress/psoc creator/4.4/psoc creator/import/gnu/arm/5.4.1/bin/../lib/gcc/arm-none-eabi/5.4.1/../../../../arm-none-eabi/lib/armv7e-m/softfp\libnosys.a
END GROUP
START GROUP
LOAD c:/program files (x86)/cypress/psoc creator/4.4/psoc creator/import/gnu/arm/5.4.1/bin/../lib/gcc/arm-none-eabi/5.4.1/armv7e-m/softfp\libgcc.a
LOAD c:/program files (x86)/cypress/psoc creator/4.4/psoc creator/import/gnu/arm/5.4.1/bin/../lib/gcc/arm-none-eabi/5.4.1/../../../../arm-none-eabi/lib/armv7e-m/softfp\libc.a
LOAD c:/program files (x86)/cypress/psoc creator/4.4/psoc creator/import/gnu/arm/5.4.1/bin/../lib/gcc/arm-none-eabi/5.4.1/../../../../arm-none-eabi/lib/armv7e-m/softfp\libm.a
LOAD c:/program files (x86)/cypress/psoc creator/4.4/psoc creator/import/gnu/arm/5.4.1/bin/../lib/gcc/arm-none-eabi/5.4.1/../../../../arm-none-eabi/lib/armv7e-m/softfp\libnosys.a
END GROUP

.text           0x10080000     0x3108
                0x10080000                . = ALIGN (0x4)
                0x10080000                __Vectors = .
 *(.vectors)
 .vectors       0x10080000      0x28c .\CortexM4\ARM_GCC_541\Debug\startup_psoc6_01_cm4.o
                0x1008028c                . = ALIGN (0x4)
                0x1008028c                __Vectors_End = .
                0x0000028c                __Vectors_Size = (__Vectors_End - __Vectors)
                0x1008028c                __end__ = .
                0x1008028c                . = ALIGN (0x4)
 *(.text*)
 .text          0x1008028c       0x5c c:/program files (x86)/cypress/psoc creator/4.4/psoc creator/import/gnu/arm/5.4.1/bin/../lib/gcc/arm-none-eabi/5.4.1/armv7e-m/softfp/crtbegin.o
 .text          0x100802e8       0x84 .\CortexM4\ARM_GCC_541\Debug\startup_psoc6_01_cm4.o
                0x100802e8                Cy_OnResetUser
                0x100802ea                Reset_Handler
                0x1008034c                cpuss_interrupts_ipc_6_IRQHandler
                0x1008034c                DebugMon_Handler
                0x1008034c                tcpwm_1_interrupts_11_IRQHandler
                0x1008034c                cpuss_interrupts_ipc_0_IRQHandler
                0x1008034c                tcpwm_1_interrupts_15_IRQHandler
                0x1008034c                ioss_interrupts_gpio_13_IRQHandler
                0x1008034c                tcpwm_1_interrupts_13_IRQHandler
                0x1008034c                cpuss_interrupts_dw1_8_IRQHandler
                0x1008034c                tcpwm_0_interrupts_0_IRQHandler
                0x1008034c                SysTick_Handler
                0x1008034c                cpuss_interrupt_fm_IRQHandler
                0x1008034c                cpuss_interrupts_ipc_7_IRQHandler
                0x1008034c                tcpwm_1_interrupts_14_IRQHandler
                0x1008034c                cpuss_interrupts_dw0_5_IRQHandler
                0x1008034c                tcpwm_1_interrupts_9_IRQHandler
                0x1008034c                cpuss_interrupts_cm0_cti_1_IRQHandler
                0x1008034c                tcpwm_1_interrupts_22_IRQHandler
                0x1008034c                cpuss_interrupts_dw0_4_IRQHandler
                0x1008034c                PendSV_Handler
                0x1008034c                NMI_Handler
                0x1008034c                cpuss_interrupts_dw1_12_IRQHandler
                0x1008034c                tcpwm_1_interrupts_12_IRQHandler
                0x1008034c                smif_interrupt_IRQHandler
                0x1008034c                tcpwm_1_interrupts_2_IRQHandler
                0x1008034c                cpuss_interrupts_ipc_13_IRQHandler
                0x1008034c                udb_interrupts_11_IRQHandler
                0x1008034c                tcpwm_1_interrupts_18_IRQHandler
                0x1008034c                cpuss_interrupts_dw0_11_IRQHandler
                0x1008034c                tcpwm_0_interrupts_2_IRQHandler
                0x1008034c                cpuss_interrupts_dw0_13_IRQHandler
                0x1008034c                udb_interrupts_2_IRQHandler
                0x1008034c                cpuss_interrupts_dw1_7_IRQHandler
                0x1008034c                ioss_interrupts_gpio_1_IRQHandler
                0x1008034c                ioss_interrupts_gpio_7_IRQHandler
                0x1008034c                scb_5_interrupt_IRQHandler
                0x1008034c                udb_interrupts_6_IRQHandler
                0x1008034c                cpuss_interrupts_fault_1_IRQHandler
                0x1008034c                cpuss_interrupts_ipc_4_IRQHandler
                0x1008034c                cpuss_interrupts_ipc_5_IRQHandler
                0x1008034c                cpuss_interrupts_dw1_10_IRQHandler
                0x1008034c                udb_interrupts_0_IRQHandler
                0x1008034c                tcpwm_1_interrupts_6_IRQHandler
                0x1008034c                scb_4_interrupt_IRQHandler
                0x1008034c                pass_interrupt_dacs_IRQHandler
                0x1008034c                ioss_interrupts_gpio_2_IRQHandler
                0x1008034c                cpuss_interrupts_dw1_9_IRQHandler
                0x1008034c                cpuss_interrupts_dw1_13_IRQHandler
                0x1008034c                scb_2_interrupt_IRQHandler
                0x1008034c                cpuss_interrupts_cm0_cti_0_IRQHandler
                0x1008034c                udb_interrupts_5_IRQHandler
                0x1008034c                srss_interrupt_IRQHandler
                0x1008034c                udb_interrupts_12_IRQHandler
                0x1008034c                scb_0_interrupt_IRQHandler
                0x1008034c                csd_interrupt_IRQHandler
                0x1008034c                udb_interrupts_1_IRQHandler
                0x1008034c                profile_interrupt_IRQHandler
                0x1008034c                tcpwm_1_interrupts_1_IRQHandler
                0x1008034c                cpuss_interrupts_ipc_12_IRQHandler
                0x1008034c                tcpwm_1_interrupts_3_IRQHandler
                0x1008034c                tcpwm_0_interrupts_7_IRQHandler
                0x1008034c                cpuss_interrupts_dw1_1_IRQHandler
                0x1008034c                cpuss_interrupts_dw1_0_IRQHandler
                0x1008034c                cpuss_interrupts_dw0_9_IRQHandler
                0x1008034c                lpcomp_interrupt_IRQHandler
                0x1008034c                tcpwm_1_interrupts_23_IRQHandler
                0x1008034c                udb_interrupts_4_IRQHandler
                0x1008034c                tcpwm_1_interrupts_20_IRQHandler
                0x1008034c                ioss_interrupt_gpio_IRQHandler
                0x1008034c                tcpwm_0_interrupts_1_IRQHandler
                0x1008034c                ioss_interrupts_gpio_8_IRQHandler
                0x1008034c                tcpwm_0_interrupts_6_IRQHandler
                0x1008034c                scb_7_interrupt_IRQHandler
                0x1008034c                tcpwm_1_interrupts_7_IRQHandler
                0x1008034c                cpuss_interrupts_ipc_11_IRQHandler
                0x1008034c                udb_interrupts_13_IRQHandler
                0x1008034c                cpuss_interrupts_dw0_15_IRQHandler
                0x1008034c                udb_interrupts_7_IRQHandler
                0x1008034c                cpuss_interrupts_dw1_6_IRQHandler
                0x1008034c                cpuss_interrupt_crypto_IRQHandler
                0x1008034c                scb_1_interrupt_IRQHandler
                0x1008034c                Default_Handler
                0x1008034c                usb_interrupt_hi_IRQHandler
                0x1008034c                tcpwm_1_interrupts_0_IRQHandler
                0x1008034c                udb_interrupts_9_IRQHandler
                0x1008034c                audioss_interrupt_pdm_IRQHandler
                0x1008034c                srss_interrupt_mcwdt_0_IRQHandler
                0x1008034c                scb_3_interrupt_IRQHandler
                0x1008034c                pass_interrupt_ctbs_IRQHandler
                0x1008034c                udb_interrupts_8_IRQHandler
                0x1008034c                ioss_interrupts_gpio_3_IRQHandler
                0x1008034c                scb_6_interrupt_IRQHandler
                0x1008034c                cpuss_interrupts_cm4_cti_0_IRQHandler
                0x1008034c                cpuss_interrupts_dw1_3_IRQHandler
                0x1008034c                pass_interrupt_sar_IRQHandler
                0x1008034c                ioss_interrupts_gpio_0_IRQHandler
                0x1008034c                ioss_interrupts_gpio_14_IRQHandler
                0x1008034c                tcpwm_0_interrupts_4_IRQHandler
                0x1008034c                udb_interrupts_3_IRQHandler
                0x1008034c                tcpwm_0_interrupts_5_IRQHandler
                0x1008034c                cpuss_interrupts_ipc_15_IRQHandler
                0x1008034c                cpuss_interrupts_cm4_cti_1_IRQHandler
                0x1008034c                scb_8_interrupt_IRQHandler
                0x1008034c                srss_interrupt_mcwdt_1_IRQHandler
                0x1008034c                cpuss_interrupts_dw1_2_IRQHandler
                0x1008034c                SVC_Handler
                0x1008034c                cpuss_interrupts_dw1_5_IRQHandler
                0x1008034c                cpuss_interrupts_ipc_1_IRQHandler
                0x1008034c                cpuss_interrupts_dw0_0_IRQHandler
                0x1008034c                ioss_interrupts_gpio_12_IRQHandler
                0x1008034c                cpuss_interrupts_ipc_3_IRQHandler
                0x1008034c                tcpwm_1_interrupts_17_IRQHandler
                0x1008034c                srss_interrupt_backup_IRQHandler
                0x1008034c                bless_interrupt_IRQHandler
                0x1008034c                cpuss_interrupts_ipc_10_IRQHandler
                0x1008034c                cpuss_interrupts_ipc_9_IRQHandler
                0x1008034c                cpuss_interrupts_dw0_14_IRQHandler
                0x1008034c                tcpwm_1_interrupts_4_IRQHandler
                0x1008034c                tcpwm_0_interrupts_3_IRQHandler
                0x1008034c                cpuss_interrupts_dw1_15_IRQHandler
                0x1008034c                ioss_interrupts_gpio_10_IRQHandler
                0x1008034c                udb_interrupts_10_IRQHandler
                0x1008034c                cpuss_interrupts_dw0_8_IRQHandler
                0x1008034c                ioss_interrupts_gpio_11_IRQHandler
                0x1008034c                cpuss_interrupts_ipc_14_IRQHandler
                0x1008034c                ioss_interrupts_gpio_5_IRQHandler
                0x1008034c                ioss_interrupts_gpio_4_IRQHandler
                0x1008034c                tcpwm_1_interrupts_8_IRQHandler
                0x1008034c                cpuss_interrupts_dw1_14_IRQHandler
                0x1008034c                usb_interrupt_med_IRQHandler
                0x1008034c                cpuss_interrupts_dw0_2_IRQHandler
                0x1008034c                tcpwm_1_interrupts_10_IRQHandler
                0x1008034c                cpuss_interrupts_fault_0_IRQHandler
                0x1008034c                cpuss_interrupts_dw0_12_IRQHandler
                0x1008034c                ioss_interrupts_gpio_6_IRQHandler
                0x1008034c                tcpwm_1_interrupts_21_IRQHandler
                0x1008034c                tcpwm_1_interrupts_16_IRQHandler
                0x1008034c                cpuss_interrupts_dw1_4_IRQHandler
                0x1008034c                udb_interrupts_15_IRQHandler
                0x1008034c                cpuss_interrupts_dw1_11_IRQHandler
                0x1008034c                cpuss_interrupts_dw0_6_IRQHandler
                0x1008034c                ioss_interrupt_vdd_IRQHandler
                0x1008034c                cpuss_interrupts_dw0_7_IRQHandler
                0x1008034c                audioss_interrupt_i2s_IRQHandler
                0x1008034c                tcpwm_1_interrupts_5_IRQHandler
                0x1008034c                cpuss_interrupts_ipc_2_IRQHandler
                0x1008034c                cpuss_interrupts_dw0_10_IRQHandler
                0x1008034c                tcpwm_1_interrupts_19_IRQHandler
                0x1008034c                cpuss_interrupts_dw0_1_IRQHandler
                0x1008034c                ioss_interrupts_gpio_9_IRQHandler
                0x1008034c                usb_interrupt_lo_IRQHandler
                0x1008034c                cpuss_interrupts_ipc_8_IRQHandler
                0x1008034c                udb_interrupts_14_IRQHandler
                0x1008034c                cpuss_interrupts_dw0_3_IRQHandler
                0x10080350                UsageFault_Handler
                0x10080350                HardFault_Handler
                0x10080350                MemManage_Handler
                0x10080350                BusFault_Handler
 .text.main     0x1008036c       0x20 .\CortexM4\ARM_GCC_541\Debug\main_cm4.o
                0x1008036c                main
 .text.Cy_SysIpcPipeIsrCm4
                0x1008038c        0xc .\CortexM4\ARM_GCC_541\Debug\system_psoc6_cm4.o
                0x1008038c                Cy_SysIpcPipeIsrCm4
 .text.Cy_SystemInit
                0x10080398        0x4 .\CortexM4\ARM_GCC_541\Debug\system_psoc6_cm4.o
                0x10080398                Cy_SystemInit
 .text.SystemCoreClockUpdate
                0x1008039c      0x190 .\CortexM4\ARM_GCC_541\Debug\system_psoc6_cm4.o
                0x1008039c                SystemCoreClockUpdate
 .text.SystemInit
                0x1008052c       0x48 .\CortexM4\ARM_GCC_541\Debug\system_psoc6_cm4.o
                0x1008052c                SystemInit
 .text.Cy_SystemInitFpuEnable
                0x10080574       0x28 .\CortexM4\ARM_GCC_541\Debug\system_psoc6_cm4.o
                0x10080574                Cy_SystemInitFpuEnable
 .text.AppCallBack
                0x1008059c      0x10c .\CortexM4\ARM_GCC_541\Debug\host_main.o
                0x1008059c                AppCallBack
 .text.LowPowerImplementation
                0x100806a8        0xc .\CortexM4\ARM_GCC_541\Debug\host_main.o
                0x100806a8                LowPowerImplementation
 .text.HostMain
                0x100806b4       0x68 .\CortexM4\ARM_GCC_541\Debug\host_main.o
                0x100806b4                HostMain
 .text.IasEventHandler
                0x1008071c       0x1c .\CortexM4\ARM_GCC_541\Debug\ias.o
                0x1008071c                IasEventHandler
 .text.IasInit  0x10080738       0x10 .\CortexM4\ARM_GCC_541\Debug\ias.o
                0x10080738                IasInit
 .text.IasSetAlertLevel
                0x10080748        0xc .\CortexM4\ARM_GCC_541\Debug\ias.o
                0x10080748                IasSetAlertLevel
 .text.IasGetAlertLevel
                0x10080754        0xc .\CortexM4\ARM_GCC_541\Debug\ias.o
                0x10080754                IasGetAlertLevel
 .text.InitUserInterface
                0x10080760       0x24 .\CortexM4\ARM_GCC_541\Debug\user_interface.o
                0x10080760                InitUserInterface
 .text.UpdateLedState
                0x10080784       0x6c .\CortexM4\ARM_GCC_541\Debug\user_interface.o
                0x10080784                UpdateLedState
 .text.Cy_BLE_Start
                0x100807f0       0x38 .\CortexM4\ARM_GCC_541\Debug\BLE.o
                0x100807f0                Cy_BLE_Start
 .text.Cy_BLE_Stop
                0x10080828        0x8 .\CortexM4\ARM_GCC_541\Debug\BLE.o
                0x10080828                Cy_BLE_Stop
 .text.Cy_SysInt_SetVector
                0x10080830       0x48 .\CortexM4\ARM_GCC_541\Debug\cy_sysint.o
                0x10080830                Cy_SysInt_SetVector
 .text.Cy_SysInt_Init
                0x10080878       0x74 .\CortexM4\ARM_GCC_541\Debug\cy_sysint.o
                0x10080878                Cy_SysInt_Init
 .text.Cy_IPC_Drv_LockRelease
                0x100808ec       0x3c .\CortexM4\ARM_GCC_541\Debug\cy_ipc_drv.o
                0x100808ec                Cy_IPC_Drv_LockRelease
 .text.Cy_IPC_Drv_SendMsgWord
                0x10080928       0x3c .\CortexM4\ARM_GCC_541\Debug\cy_ipc_drv.o
                0x10080928                Cy_IPC_Drv_SendMsgWord
 .text.Cy_IPC_Drv_ReadMsgWord
                0x10080964       0x38 .\CortexM4\ARM_GCC_541\Debug\cy_ipc_drv.o
                0x10080964                Cy_IPC_Drv_ReadMsgWord
 .text.Cy_IPC_Sema_InitExt
                0x1008099c       0xac .\CortexM4\ARM_GCC_541\Debug\cy_ipc_sema.o
                0x1008099c                Cy_IPC_Sema_InitExt
 .text.Cy_IPC_Sema_Init
                0x10080a48       0x64 .\CortexM4\ARM_GCC_541\Debug\cy_ipc_sema.o
                0x10080a48                Cy_IPC_Sema_Init
 .text.Cy_IPC_Sema_Clear
                0x10080aac       0x88 .\CortexM4\ARM_GCC_541\Debug\cy_ipc_sema.o
                0x10080aac                Cy_IPC_Sema_Clear
 .text.Cy_IPC_Sema_Status
                0x10080b34       0x40 .\CortexM4\ARM_GCC_541\Debug\cy_ipc_sema.o
                0x10080b34                Cy_IPC_Sema_Status
 .text.Cy_IPC_Pipe_Config
                0x10080b74       0x10 .\CortexM4\ARM_GCC_541\Debug\cy_ipc_pipe.o
                0x10080b74                Cy_IPC_Pipe_Config
 .text.Cy_IPC_Pipe_EndpointInit
                0x10080b84       0xd0 .\CortexM4\ARM_GCC_541\Debug\cy_ipc_pipe.o
                0x10080b84                Cy_IPC_Pipe_EndpointInit
 .text.Cy_IPC_Pipe_Init
                0x10080c54       0xb4 .\CortexM4\ARM_GCC_541\Debug\cy_ipc_pipe.o
                0x10080c54                Cy_IPC_Pipe_Init
 .text.Cy_IPC_Pipe_SendMessage
                0x10080d08       0xa4 .\CortexM4\ARM_GCC_541\Debug\cy_ipc_pipe.o
                0x10080d08                Cy_IPC_Pipe_SendMessage
 .text.Cy_IPC_Pipe_RegisterCallback
                0x10080dac       0x50 .\CortexM4\ARM_GCC_541\Debug\cy_ipc_pipe.o
                0x10080dac                Cy_IPC_Pipe_RegisterCallback
 .text.Cy_IPC_Pipe_RegisterCallbackRel
                0x10080dfc       0x2c .\CortexM4\ARM_GCC_541\Debug\cy_ipc_pipe.o
                0x10080dfc                Cy_IPC_Pipe_RegisterCallbackRel
 .text.Cy_IPC_Pipe_ExecCallback
                0x10080e28       0xbc .\CortexM4\ARM_GCC_541\Debug\cy_ipc_pipe.o
                0x10080e28                Cy_IPC_Pipe_ExecCallback
 .text.Cy_IPC_Pipe_ExecuteCallback
                0x10080ee4       0x2c .\CortexM4\ARM_GCC_541\Debug\cy_ipc_pipe.o
                0x10080ee4                Cy_IPC_Pipe_ExecuteCallback
 .text.Cy_IPC_Pipe_EndpointPause
                0x10080f10       0x54 .\CortexM4\ARM_GCC_541\Debug\cy_ipc_pipe.o
                0x10080f10                Cy_IPC_Pipe_EndpointPause
 .text.Cy_IPC_Pipe_EndpointResume
                0x10080f64       0x48 .\CortexM4\ARM_GCC_541\Debug\cy_ipc_pipe.o
                0x10080f64                Cy_IPC_Pipe_EndpointResume
 .text.Cy_Flash_ProcessOpcode
                0x10080fac       0xac .\CortexM4\ARM_GCC_541\Debug\cy_flash.o
 .text.Cy_Flash_OperationStatus
                0x10081058       0x5c .\CortexM4\ARM_GCC_541\Debug\cy_flash.o
 .text.Cy_Flash_InitExt
                0x100810b4       0x80 .\CortexM4\ARM_GCC_541\Debug\cy_flash.o
                0x100810b4                Cy_Flash_InitExt
 .text.Cy_Flash_Init
                0x10081134       0x10 .\CortexM4\ARM_GCC_541\Debug\cy_flash.o
                0x10081134                Cy_Flash_Init
 .text.Cy_SysPm_SetHibernateWakeupSource
                0x10081144       0x68 .\CortexM4\ARM_GCC_541\Debug\cy_syspm.o
                0x10081144                Cy_SysPm_SetHibernateWakeupSource
 .text.Cy_SysPm_RegisterCallback
                0x100811ac       0x5c .\CortexM4\ARM_GCC_541\Debug\cy_syspm.o
                0x100811ac                Cy_SysPm_RegisterCallback
 .text.Cy_SysPm_UnregisterCallback
                0x10081208       0x68 .\CortexM4\ARM_GCC_541\Debug\cy_syspm.o
                0x10081208                Cy_SysPm_UnregisterCallback
 .text.Cy_SysPm_ExecuteCallback
                0x10081270       0xc8 .\CortexM4\ARM_GCC_541\Debug\cy_syspm.o
                0x10081270                Cy_SysPm_ExecuteCallback
 .text.Cy_SysPm_SystemEnterHibernate
                0x10081338       0x74 .\CortexM4\ARM_GCC_541\Debug\cy_syspm.o
                0x10081338                Cy_SysPm_SystemEnterHibernate
 .text.Cy_SysPm_IoUnfreeze
                0x100813ac       0x2c .\CortexM4\ARM_GCC_541\Debug\cy_syspm.o
                0x100813ac                Cy_SysPm_IoUnfreeze
 .text.Cy_SysPm_SaveRegisters
                0x100813d8       0x70 .\CortexM4\ARM_GCC_541\Debug\cy_syspm.o
                0x100813d8                Cy_SysPm_SaveRegisters
 .text.Cy_SysPm_RestoreRegisters
                0x10081448       0x70 .\CortexM4\ARM_GCC_541\Debug\cy_syspm.o
                0x10081448                Cy_SysPm_RestoreRegisters
 .text.Cy_SysPm_CpuEnterDeepSleep
                0x100814b8      0x110 .\CortexM4\ARM_GCC_541\Debug\cy_syspm.o
                0x100814b8                Cy_SysPm_CpuEnterDeepSleep
 .text.Cy_SysLib_Delay
                0x100815c8       0x30 .\CortexM4\ARM_GCC_541\Debug\cy_syslib.o
                0x100815c8                Cy_SysLib_Delay
 .text.Cy_SysLib_Halt
                0x100815f8        0x4 .\CortexM4\ARM_GCC_541\Debug\cy_syslib.o
                0x100815f8                Cy_SysLib_Halt
 .text.Cy_SysLib_AssertFailed
                0x100815fc       0x1c .\CortexM4\ARM_GCC_541\Debug\cy_syslib.o
                0x100815fc                Cy_SysLib_AssertFailed
 .text.Cy_SysLib_ProcessingFault
                0x10081618        0x4 .\CortexM4\ARM_GCC_541\Debug\cy_syslib.o
                0x10081618                Cy_SysLib_ProcessingFault
 .text.Cy_SysLib_FaultHandler
                0x1008161c       0xa4 .\CortexM4\ARM_GCC_541\Debug\cy_syslib.o
                0x1008161c                Cy_SysLib_FaultHandler
 .text          0x100816c0       0x20 .\CortexM4\ARM_GCC_541\Debug\cy_syslib_gcc.o
                0x100816c0                Cy_SysLib_DelayCycles
                0x100816d2                Cy_SysLib_EnterCriticalSection
                0x100816da                Cy_SysLib_ExitCriticalSection
 .text.Cy_PDL_Init
                0x100816e0        0xc .\CortexM4\ARM_GCC_541\Debug\cy_device.o
                0x100816e0                Cy_PDL_Init
 .text.Cy_BLE_DeepSleepCallback
                0x100816ec       0x88 .\CortexM4\ARM_GCC_541\Debug\cy_ble.o
                0x100816ec                Cy_BLE_DeepSleepCallback
 .text.Cy_BLE_SleepCallback
                0x10081774       0x64 .\CortexM4\ARM_GCC_541\Debug\cy_ble.o
                0x10081774                Cy_BLE_SleepCallback
 .text.Cy_BLE_UnregisterHostPMCallbacks
                0x100817d8       0x18 .\CortexM4\ARM_GCC_541\Debug\cy_ble.o
                0x100817d8                Cy_BLE_UnregisterHostPMCallbacks
 .text.Cy_BLE_Init
                0x100817f0       0x44 .\CortexM4\ARM_GCC_541\Debug\cy_ble.o
                0x100817f0                Cy_BLE_Init
 .text.Cy_BLE_Enable
                0x10081834      0x118 .\CortexM4\ARM_GCC_541\Debug\cy_ble.o
                0x10081834                Cy_BLE_Enable
 .text.Cy_BLE_Disable
                0x1008194c        0x8 .\CortexM4\ARM_GCC_541\Debug\cy_ble.o
                0x1008194c                Cy_BLE_Disable
 .text.Cy_BLE_IPC_HostMsgFlushRecvCallBack
                0x10081954       0x1c .\CortexM4\ARM_GCC_541\Debug\cy_ble_hal_pvt.o
 .text.Cy_BLE_IPC_HostMsgRecvCallBack
                0x10081970       0x1c .\CortexM4\ARM_GCC_541\Debug\cy_ble_hal_pvt.o
 .text.Cy_BLE_HAL_BlockCalcCRC8
                0x1008198c       0x34 .\CortexM4\ARM_GCC_541\Debug\cy_ble_hal_pvt.o
                0x1008198c                Cy_BLE_HAL_BlockCalcCRC8
 .text.Cy_BLE_HAL_EnterCriticalSection
                0x100819c0        0x8 .\CortexM4\ARM_GCC_541\Debug\cy_ble_hal_pvt.o
                0x100819c0                Cy_BLE_HAL_EnterCriticalSection
 .text.Cy_BLE_HAL_ExitCriticalSection
                0x100819c8        0x8 .\CortexM4\ARM_GCC_541\Debug\cy_ble_hal_pvt.o
                0x100819c8                Cy_BLE_HAL_ExitCriticalSection
 .text.Cy_BLE_HAL_EnableHostIpcPipeInterrupt
                0x100819d0        0xc .\CortexM4\ARM_GCC_541\Debug\cy_ble_hal_pvt.o
                0x100819d0                Cy_BLE_HAL_EnableHostIpcPipeInterrupt
 .text.Cy_BLE_HAL_DisableHostIpcPipeInterrupt
                0x100819dc        0xc .\CortexM4\ARM_GCC_541\Debug\cy_ble_hal_pvt.o
                0x100819dc                Cy_BLE_HAL_DisableHostIpcPipeInterrupt
 .text.Cy_BLE_IPC_HostRegisterClientCallbacks
                0x100819e8       0x34 .\CortexM4\ARM_GCC_541\Debug\cy_ble_hal_pvt.o
                0x100819e8                Cy_BLE_IPC_HostRegisterClientCallbacks
 .text.Cy_BLE_IPC_SendMessageToController
                0x10081a1c       0x20 .\CortexM4\ARM_GCC_541\Debug\cy_ble_hal_pvt.o
                0x10081a1c                Cy_BLE_IPC_SendMessageToController
 .text.Cy_BLE_HAL_EccHeapInit
                0x10081a3c        0x4 .\CortexM4\ARM_GCC_541\Debug\cy_ble_hal_pvt.o
                0x10081a3c                Cy_BLE_HAL_EccHeapInit
 .text.Cy_BLE_HAL_EccHeapDeInit
                0x10081a40        0x4 .\CortexM4\ARM_GCC_541\Debug\cy_ble_hal_pvt.o
                0x10081a40                Cy_BLE_HAL_EccHeapDeInit
 .text.Cy_BLE_HAL_EccGetFeatureHeapReq
                0x10081a44        0x4 .\CortexM4\ARM_GCC_541\Debug\cy_ble_hal_pvt.o
                0x10081a44                Cy_BLE_HAL_EccGetFeatureHeapReq
 .text.Cy_BLE_HAL_PairingLocalPublicKeyHandler
                0x10081a48        0x8 .\CortexM4\ARM_GCC_541\Debug\cy_ble_hal_pvt.o
                0x10081a48                Cy_BLE_HAL_PairingLocalPublicKeyHandler
 .text.Cy_BLE_HAL_PairingRemoteKeyHandler
                0x10081a50        0x8 .\CortexM4\ARM_GCC_541\Debug\cy_ble_hal_pvt.o
                0x10081a50                Cy_BLE_HAL_PairingRemoteKeyHandler
 .text.Cy_BLE_HAL_PairingDhkeyHandler
                0x10081a58        0x8 .\CortexM4\ARM_GCC_541\Debug\cy_ble_hal_pvt.o
                0x10081a58                Cy_BLE_HAL_PairingDhkeyHandler
 .text.Cy_BLE_HAL_PairingDhkeyCheckHandler
                0x10081a60        0x8 .\CortexM4\ARM_GCC_541\Debug\cy_ble_hal_pvt.o
                0x10081a60                Cy_BLE_HAL_PairingDhkeyCheckHandler
 .text.Cy_BLE_HAL_PairingKeypressNotificationHandler
                0x10081a68        0x8 .\CortexM4\ARM_GCC_541\Debug\cy_ble_hal_pvt.o
                0x10081a68                Cy_BLE_HAL_PairingKeypressNotificationHandler
 .text.Cy_BLE_HAL_PairingRandHandler
                0x10081a70        0x8 .\CortexM4\ARM_GCC_541\Debug\cy_ble_hal_pvt.o
                0x10081a70                Cy_BLE_HAL_PairingRandHandler
 .text.Cy_BLE_HAL_PairingConfirmHandler
                0x10081a78        0x8 .\CortexM4\ARM_GCC_541\Debug\cy_ble_hal_pvt.o
                0x10081a78                Cy_BLE_HAL_PairingConfirmHandler
 .text.Cy_BLE_HAL_PairingLrConfirmingHandler
                0x10081a80        0x8 .\CortexM4\ARM_GCC_541\Debug\cy_ble_hal_pvt.o
                0x10081a80                Cy_BLE_HAL_PairingLrConfirmingHandler
 .text.Cy_BLE_HAL_PairingScTbxLocalPubkeyGenerateComplete
                0x10081a88        0x8 .\CortexM4\ARM_GCC_541\Debug\cy_ble_hal_pvt.o
                0x10081a88                Cy_BLE_HAL_PairingScTbxLocalPubkeyGenerateComplete
 .text.Cy_BLE_HAL_PairingScTbxGenerateLocalP256PublicKey
                0x10081a90        0x8 .\CortexM4\ARM_GCC_541\Debug\cy_ble_hal_pvt.o
                0x10081a90                Cy_BLE_HAL_PairingScTbxGenerateLocalP256PublicKey
 .text.Cy_BLE_HAL_SeSmpScUserPasskeyHandler
                0x10081a98        0x8 .\CortexM4\ARM_GCC_541\Debug\cy_ble_hal_pvt.o
                0x10081a98                Cy_BLE_HAL_SeSmpScUserPasskeyHandler
 .text.Cy_BLE_HAL_EccPointMult
                0x10081aa0        0x4 .\CortexM4\ARM_GCC_541\Debug\cy_ble_hal_pvt.o
                0x10081aa0                Cy_BLE_HAL_EccPointMult
 .text.Cy_BLE_ServiceInit
                0x10081aa4       0x10 .\CortexM4\ARM_GCC_541\Debug\cy_ble_gap.o
                0x10081aa4                Cy_BLE_ServiceInit
 .text.Cy_BLE_GAPP_StartAdvertisement
                0x10081ab4      0x120 .\CortexM4\ARM_GCC_541\Debug\cy_ble_gap.o
                0x10081ab4                Cy_BLE_GAPP_StartAdvertisement
 .text.Cy_BLE_ChangeAdDeviceAddress
                0x10081bd4       0x5c .\CortexM4\ARM_GCC_541\Debug\cy_ble_gap.o
                0x10081bd4                Cy_BLE_ChangeAdDeviceAddress
 .text.Cy_BLE_GATTS_WriteAttributeValueCCCD
                0x10081c30       0x50 .\CortexM4\ARM_GCC_541\Debug\cy_ble_gatt.o
                0x10081c30                Cy_BLE_GATTS_WriteAttributeValueCCCD
 .text.Cy_BLE_GATTS_WriteEventHandler
                0x10081c80       0x84 .\CortexM4\ARM_GCC_541\Debug\cy_ble_gatt.o
                0x10081c80                Cy_BLE_GATTS_WriteEventHandler
 .text.Cy_BLE_GATTS_ReadAttributeValueCCCDReqHandler
                0x10081d04       0x58 .\CortexM4\ARM_GCC_541\Debug\cy_ble_gatt.o
                0x10081d04                Cy_BLE_GATTS_ReadAttributeValueCCCDReqHandler
 .text.Cy_BLE_SendWriteResponse
                0x10081d5c       0x44 .\CortexM4\ARM_GCC_541\Debug\cy_ble_event_handler.o
 .text.Cy_BLE_RegisterServiceEventHandler
                0x10081da0       0x5c .\CortexM4\ARM_GCC_541\Debug\cy_ble_event_handler.o
                0x10081da0                Cy_BLE_RegisterServiceEventHandler
 .text.Cy_BLE_InvokeServiceEventHandler
                0x10081dfc       0x38 .\CortexM4\ARM_GCC_541\Debug\cy_ble_event_handler.o
                0x10081dfc                Cy_BLE_InvokeServiceEventHandler
 .text.Cy_BLE_IsDeviceAddressValid
                0x10081e34       0x20 .\CortexM4\ARM_GCC_541\Debug\cy_ble_event_handler.o
                0x10081e34                Cy_BLE_IsDeviceAddressValid
 .text.Cy_BLE_EventHandler
                0x10081e54      0x634 .\CortexM4\ARM_GCC_541\Debug\cy_ble_event_handler.o
                0x10081e54                Cy_BLE_EventHandler
 .text.Cy_BLE_IASS_WriteCmdEventHandler
                0x10082488       0x80 .\CortexM4\ARM_GCC_541\Debug\cy_ble_ias.o
 .text.Cy_BLE_IASS_DisconnectEventHandler
                0x10082508       0x3c .\CortexM4\ARM_GCC_541\Debug\cy_ble_ias.o
 .text.Cy_BLE_IAS_EventHandler
                0x10082544       0x30 .\CortexM4\ARM_GCC_541\Debug\cy_ble_ias.o
 .text.Cy_BLE_IAS_Init
                0x10082574       0x2c .\CortexM4\ARM_GCC_541\Debug\cy_ble_ias.o
                0x10082574                Cy_BLE_IAS_Init
 .text.Cy_BLE_IAS_RegisterAttrCallback
                0x100825a0       0x1c .\CortexM4\ARM_GCC_541\Debug\cy_ble_ias.o
                0x100825a0                Cy_BLE_IAS_RegisterAttrCallback
 .text.memcmp   0x100825bc       0x1e c:/program files (x86)/cypress/psoc creator/4.4/psoc creator/import/gnu/arm/5.4.1/bin/../lib/gcc/arm-none-eabi/5.4.1/../../../../arm-none-eabi/lib/armv7e-m/softfp\libg_nano.a(lib_a-memcmp.o)
                0x100825bc                memcmp
 .text.memcpy   0x100825da       0x16 c:/program files (x86)/cypress/psoc creator/4.4/psoc creator/import/gnu/arm/5.4.1/bin/../lib/gcc/arm-none-eabi/5.4.1/../../../../arm-none-eabi/lib/armv7e-m/softfp\libg_nano.a(lib_a-memcpy-stub.o)
                0x100825da                memcpy
 .text.memset   0x100825f0       0x10 c:/program files (x86)/cypress/psoc creator/4.4/psoc creator/import/gnu/arm/5.4.1/bin/../lib/gcc/arm-none-eabi/5.4.1/../../../../arm-none-eabi/lib/armv7e-m/softfp\libg_nano.a(lib_a-memset.o)
                0x100825f0                memset
 .text.strncpy  0x10082600       0x26 c:/program files (x86)/cypress/psoc creator/4.4/psoc creator/import/gnu/arm/5.4.1/bin/../lib/gcc/arm-none-eabi/5.4.1/../../../../arm-none-eabi/lib/armv7e-m/softfp\libg_nano.a(lib_a-strncpy.o)
                0x10082600                strncpy
 *(.init)
 *fill*         0x10082626        0x2 
 .init          0x10082628        0x4 c:/program files (x86)/cypress/psoc creator/4.4/psoc creator/import/gnu/arm/5.4.1/bin/../lib/gcc/arm-none-eabi/5.4.1/armv7e-m/softfp/crti.o
                0x10082628                _init
 .init          0x1008262c        0x8 c:/program files (x86)/cypress/psoc creator/4.4/psoc creator/import/gnu/arm/5.4.1/bin/../lib/gcc/arm-none-eabi/5.4.1/armv7e-m/softfp/crtn.o
 *(.fini)
 .fini          0x10082634        0x4 c:/program files (x86)/cypress/psoc creator/4.4/psoc creator/import/gnu/arm/5.4.1/bin/../lib/gcc/arm-none-eabi/5.4.1/armv7e-m/softfp/crti.o
                0x10082634                _fini
 .fini          0x10082638        0x8 c:/program files (x86)/cypress/psoc creator/4.4/psoc creator/import/gnu/arm/5.4.1/bin/../lib/gcc/arm-none-eabi/5.4.1/armv7e-m/softfp/crtn.o
 .fini.__stub   0x10082640       0x10 linker stubs
 *crtbegin.o(.ctors)
 *crtbegin?.o(.ctors)
 *(EXCLUDE_FILE(*crtend.o *crtend?.o) .ctors)
 *(SORT(.ctors.*))
 *(.ctors)
 *crtbegin.o(.dtors)
 *crtbegin?.o(.dtors)
 *(EXCLUDE_FILE(*crtend.o *crtend?.o) .dtors)
 *(SORT(.dtors.*))
 *(.dtors)
 *(.rodata .rodata.* .constdata .constdata.* .conststring .conststring.*)
 .rodata        0x10082650       0x34 .\CortexM4\ARM_GCC_541\Debug\system_psoc6_cm4.o
 .rodata        0x10082684      0x15a .\CortexM4\ARM_GCC_541\Debug\BLE_config.o
 *fill*         0x100827de        0x2 
 .rodata        0x100827e0        0x4 .\CortexM4\ARM_GCC_541\Debug\BLE_ias_config.o
 .rodata.str1.4
                0x100827e4       0x41 .\CortexM4\ARM_GCC_541\Debug\cy_sysint.o
 *fill*         0x10082825        0x3 
 .rodata.str1.4
                0x10082828       0x7f .\CortexM4\ARM_GCC_541\Debug\cy_ipc_drv.o
 .rodata.str1.4
                0x100828a7       0x3f .\CortexM4\ARM_GCC_541\Debug\cy_ipc_sema.o
 *fill*         0x100828a7        0x1 
 .rodata.str1.4
                0x100828a8       0x40 .\CortexM4\ARM_GCC_541\Debug\cy_ipc_pipe.o
                                 0x7f (size before relaxing)
 .rodata.str1.4
                0x100828e8       0x3f .\CortexM4\ARM_GCC_541\Debug\cy_flash.o
 *fill*         0x10082927        0x1 
 .rodata.str1.4
                0x10082928       0x3f .\CortexM4\ARM_GCC_541\Debug\cy_syspm.o
                                 0x7f (size before relaxing)
 *fill*         0x10082967        0x1 
 .rodata        0x10082968      0x170 .\CortexM4\ARM_GCC_541\Debug\cy_device.o
                0x10082968                cy_deviceIpBlockCfgPSoC6_02
                0x10082a20                cy_deviceIpBlockCfgPSoC6_01
 .rodata        0x10082ad8       0x14 .\CortexM4\ARM_GCC_541\Debug\cy_ble.o
 .rodata        0x10082aec      0x100 .\CortexM4\ARM_GCC_541\Debug\cy_ble_hal_pvt.o
 .rodata        0x10082bec        0x2 .\CortexM4\ARM_GCC_541\Debug\cy_ble_event_handler.o
 *fill*         0x10082bee        0x2 
 .rodata.str1.4
                0x10082bf0       0x38 .\CortexM4\ARM_GCC_541\Debug\cy_ble_event_handler.o
                                 0x37 (size before relaxing)
 .constdata     0x10082c28       0x18 Generated_Source\PSoC6\pdl\middleware\ble\lib\cy_ble_stack_gcc_host_ipc_cm4.a(BT_os.o)
                0x10082c28                cyBleStackMemoryConfig
 .constdata     0x10082c40       0x58 Generated_Source\PSoC6\pdl\middleware\ble\lib\cy_ble_stack_gcc_host_ipc_cm4.a(l2cap_init.o)
                0x10082c40                l2cap_le_sig_handler
 .constdata     0x10082c98       0x3c Generated_Source\PSoC6\pdl\middleware\ble\lib\cy_ble_stack_gcc_host_ipc_cm4.a(fsm_engine_pl.o)
                0x10082c98                fsm_module_table
 .constdata     0x10082cd4      0x110 Generated_Source\PSoC6\pdl\middleware\ble\lib\cy_ble_stack_gcc_host_ipc_cm4.a(gap_hci_iface.o)
                0x10082cd4                hciCommandCompleteEventHandlers
 .constdata     0x10082de4       0x20 Generated_Source\PSoC6\pdl\middleware\ble\lib\cy_ble_stack_gcc_host_ipc_cm4.a(gap_privacy.o)
 .constdata     0x10082e04       0x32 Generated_Source\PSoC6\pdl\middleware\ble\lib\cy_ble_stack_gcc_host_ipc_cm4.a(smp_core.o)
                0x10082e04                smp_iocap_assoc_map
                0x10082e1d                smp_sc_iocap_assoc_map
 *fill*         0x10082e36        0x2 
 .constdata     0x10082e38        0xc Generated_Source\PSoC6\pdl\middleware\ble\lib\cy_ble_stack_gcc_host_ipc_cm4.a(smp_interface.o)
                0x10082e38                smp_event_fp
 .constdata     0x10082e44       0x22 Generated_Source\PSoC6\pdl\middleware\ble\lib\cy_ble_stack_gcc_host_ipc_cm4.a(smp_utils.o)
                0x10082e44                smp_event_map
 *fill*         0x10082e66        0x2 
 .constdata     0x10082e68       0xb4 Generated_Source\PSoC6\pdl\middleware\ble\lib\cy_ble_stack_gcc_host_ipc_cm4.a(smp_fsm_table.o)
                0x10082e68                smp_state_event_table
 .constdata     0x10082f1c      0x110 Generated_Source\PSoC6\pdl\middleware\ble\lib\cy_ble_stack_gcc_host_ipc_cm4.a(smp_fsm_table.o)
                0x10082f1c                smp_event_handler_table
 .constdata     0x1008302c       0x20 Generated_Source\PSoC6\pdl\middleware\ble\lib\cy_ble_stack_gcc_host_ipc_cm4.a(aes_cmac.o)
                0x1008302c                cmac_zero_data
                0x1008303c                cmac_rb_data
 .constdata     0x1008304c       0x60 Generated_Source\PSoC6\pdl\middleware\ble\lib\cy_ble_stack_gcc_host_ipc_cm4.a(att_fsm_table.o)
                0x1008304c                att_state_event_table
 .constdata     0x100830ac       0x58 Generated_Source\PSoC6\pdl\middleware\ble\lib\cy_ble_stack_gcc_host_ipc_cm4.a(att_fsm_table.o)
                0x100830ac                att_event_handler_table
 *(.eh_frame*)
 .eh_frame      0x10083104        0x0 c:/program files (x86)/cypress/psoc creator/4.4/psoc creator/import/gnu/arm/5.4.1/bin/../lib/gcc/arm-none-eabi/5.4.1/armv7e-m/softfp/crtbegin.o
 .eh_frame      0x10083104        0x4 c:/program files (x86)/cypress/psoc creator/4.4/psoc creator/import/gnu/arm/5.4.1/bin/../lib/gcc/arm-none-eabi/5.4.1/armv7e-m/softfp/crtend.o

.glue_7         0x10083108        0x0
 .glue_7        0x10083108        0x0 linker stubs

.glue_7t        0x10083108        0x0
 .glue_7t       0x10083108        0x0 linker stubs

.vfp11_veneer   0x10083108        0x0
 .vfp11_veneer  0x10083108        0x0 linker stubs

.v4_bx          0x10083108        0x0
 .v4_bx         0x10083108        0x0 linker stubs

.iplt           0x10083108        0x0
 .iplt          0x10083108        0x0 c:/program files (x86)/cypress/psoc creator/4.4/psoc creator/import/gnu/arm/5.4.1/bin/../lib/gcc/arm-none-eabi/5.4.1/armv7e-m/softfp/crtbegin.o

i.CyBleStackMgr_Init
                0x10083108       0xdc
 i.CyBleStackMgr_Init
                0x10083108       0xdc Generated_Source\PSoC6\pdl\middleware\ble\lib\cy_ble_stack_gcc_host_ipc_cm4.a(CyBleStackMgrIP_Interface.o)
                0x10083108                CyBleStackMgr_Init

i.CyBleStackMgr_ProcessBleEvents
                0x100831e4       0x14
 i.CyBleStackMgr_ProcessBleEvents
                0x100831e4       0x14 Generated_Source\PSoC6\pdl\middleware\ble\lib\cy_ble_stack_gcc_host_ipc_cm4.a(CyBleStackMgrIP_Interface.o)
                0x100831e4                CyBleStackMgr_ProcessBleEvents

i.CyBleStackMgr_Shutdown
                0x100831f8       0x20
 i.CyBleStackMgr_Shutdown
                0x100831f8       0x20 Generated_Source\PSoC6\pdl\middleware\ble\lib\cy_ble_stack_gcc_host_ipc_cm4.a(CyBleStackMgrIP_Interface.o)
                0x100831f8                CyBleStackMgr_Shutdown

i.CyBle_GetHeapMemory
                0x10083218       0x3c
 i.CyBle_GetHeapMemory
                0x10083218       0x3c Generated_Source\PSoC6\pdl\middleware\ble\lib\cy_ble_stack_gcc_host_ipc_cm4.a(CyBleStackMgrIP_Interface.o)
                0x10083218                CyBle_GetHeapMemory

i.CyBle_GetNumAppBufferPools
                0x10083254        0xc
 i.CyBle_GetNumAppBufferPools
                0x10083254        0xc Generated_Source\PSoC6\pdl\middleware\ble\lib\cy_ble_stack_gcc_host_ipc_cm4.a(CyBleStackMgrIP_Interface.o)
                0x10083254                CyBle_GetNumAppBufferPools

i.CyBle_HostStackBufferPoolInit
                0x10083260       0xc4
 i.CyBle_HostStackBufferPoolInit
                0x10083260       0xc4 Generated_Source\PSoC6\pdl\middleware\ble\lib\cy_ble_stack_gcc_host_ipc_cm4.a(CyBleStackMgrIP_Interface.o)

i.CyBle_SortBufers
                0x10083324       0x40
 i.CyBle_SortBufers
                0x10083324       0x40 Generated_Source\PSoC6\pdl\middleware\ble\lib\cy_ble_stack_gcc_host_ipc_cm4.a(CyBleStackMgrIP_Interface.o)
                0x10083324                CyBle_SortBufers

i.CyBle_StackGetConfigPtr
                0x10083364        0x8
 i.CyBle_StackGetConfigPtr
                0x10083364        0x8 Generated_Source\PSoC6\pdl\middleware\ble\lib\cy_ble_stack_gcc_host_ipc_cm4.a(CyBleStackMgrIP_Interface.o)
                0x10083364                CyBle_StackGetConfigPtr

i.Cy_BLE_ProcessEvents
                0x1008336c        0x4
 i.Cy_BLE_ProcessEvents
                0x1008336c        0x4 Generated_Source\PSoC6\pdl\middleware\ble\lib\cy_ble_stack_gcc_host_ipc_cm4.a(CyBleStackMgrIP_Interface.o)
                0x1008336c                Cy_BLE_ProcessEvents

i.Cy_BLE_StackEnterLPM
                0x10083370       0x16
 i.Cy_BLE_StackEnterLPM
                0x10083370       0x16 Generated_Source\PSoC6\pdl\middleware\ble\lib\cy_ble_stack_gcc_host_ipc_cm4.a(CyBleStackMgrIP_Interface.o)
                0x10083370                Cy_BLE_StackEnterLPM

i.Cy_BLE_StackGetBleSsState
                0x10083386        0x4
 i.Cy_BLE_StackGetBleSsState
                0x10083386        0x4 Generated_Source\PSoC6\pdl\middleware\ble\lib\cy_ble_stack_gcc_host_ipc_cm4.a(CyBleStackMgrIP_Interface.o)
                0x10083386                Cy_BLE_StackGetBleSsState

i.Cy_BLE_StackGetFeatureConfig
                0x1008338c       0x20
 i.Cy_BLE_StackGetFeatureConfig
                0x1008338c       0x20 Generated_Source\PSoC6\pdl\middleware\ble\lib\cy_ble_stack_gcc_host_ipc_cm4.a(CyBleStackMgrIP_Interface.o)
                0x1008338c                Cy_BLE_StackGetFeatureConfig

i.Cy_BLE_StackInit
                0x100833ac       0x70
 i.Cy_BLE_StackInit
                0x100833ac       0x70 Generated_Source\PSoC6\pdl\middleware\ble\lib\cy_ble_stack_gcc_host_ipc_cm4.a(CyBleStackMgrIP_Interface.o)
                0x100833ac                Cy_BLE_StackInit

i.Cy_BLE_StackSetFeatureConfig
                0x1008341c       0x54
 i.Cy_BLE_StackSetFeatureConfig
                0x1008341c       0x54 Generated_Source\PSoC6\pdl\middleware\ble\lib\cy_ble_stack_gcc_host_ipc_cm4.a(CyBleStackMgrIP_Interface.o)
                0x1008341c                Cy_BLE_StackSetFeatureConfig

i.ble_stack_idle_task_callback
                0x10083470        0x2
 i.ble_stack_idle_task_callback
                0x10083470        0x2 Generated_Source\PSoC6\pdl\middleware\ble\lib\cy_ble_stack_gcc_host_ipc_cm4.a(CyBleStackMgrIP_Interface.o)
                0x10083470                ble_stack_idle_task_callback

i.BT_OSFreeBuf  0x10083474       0x20
 i.BT_OSFreeBuf
                0x10083474       0x20 Generated_Source\PSoC6\pdl\middleware\ble\lib\cy_ble_stack_gcc_host_ipc_cm4.a(BT_os.o)
                0x10083474                BT_OSFreeBuf

i.BT_OSGetBuF   0x10083494       0x30
 i.BT_OSGetBuF  0x10083494       0x30 Generated_Source\PSoC6\pdl\middleware\ble\lib\cy_ble_stack_gcc_host_ipc_cm4.a(BT_os.o)
                0x10083494                BT_OSGetBuF

i.BT_OSMemCreate
                0x100834c4       0x3c
 i.BT_OSMemCreate
                0x100834c4       0x3c Generated_Source\PSoC6\pdl\middleware\ble\lib\cy_ble_stack_gcc_host_ipc_cm4.a(BT_os.o)
                0x100834c4                BT_OSMemCreate

i.BT_alloc_mem_ext
                0x10083500       0x40
 i.BT_alloc_mem_ext
                0x10083500       0x40 Generated_Source\PSoC6\pdl\middleware\ble\lib\cy_ble_stack_gcc_host_ipc_cm4.a(BT_os.o)
                0x10083500                BT_alloc_mem_ext

i.BT_free_mem   0x10083540        0xa
 i.BT_free_mem  0x10083540        0xa Generated_Source\PSoC6\pdl\middleware\ble\lib\cy_ble_stack_gcc_host_ipc_cm4.a(BT_os.o)
                0x10083540                BT_free_mem

i.bt_stack_create_buffer_pool
                0x1008354c       0x2c
 i.bt_stack_create_buffer_pool
                0x1008354c       0x2c Generated_Source\PSoC6\pdl\middleware\ble\lib\cy_ble_stack_gcc_host_ipc_cm4.a(BT_os.o)
                0x1008354c                bt_stack_create_buffer_pool

i.CyBle_CreateBleStackTask
                0x10083578       0x30
 i.CyBle_CreateBleStackTask
                0x10083578       0x30 Generated_Source\PSoC6\pdl\middleware\ble\lib\cy_ble_stack_gcc_host_ipc_cm4.a(CyBleStackMgr_StackTaskHandler.o)
                0x10083578                CyBle_CreateBleStackTask

i.CyBle_SignalBleStackTask
                0x100835a8       0x38
 i.CyBle_SignalBleStackTask
                0x100835a8       0x38 Generated_Source\PSoC6\pdl\middleware\ble\lib\cy_ble_stack_gcc_host_ipc_cm4.a(CyBleStackMgr_StackTaskHandler.o)
                0x100835a8                CyBle_SignalBleStackTask

i.CyBle_StackTaskHandler
                0x100835e0       0x74
 i.CyBle_StackTaskHandler
                0x100835e0       0x74 Generated_Source\PSoC6\pdl\middleware\ble\lib\cy_ble_stack_gcc_host_ipc_cm4.a(CyBleStackMgr_StackTaskHandler.o)
                0x100835e0                CyBle_StackTaskHandler

i.IsStackTaskFree
                0x10083654        0xc
 i.IsStackTaskFree
                0x10083654        0xc Generated_Source\PSoC6\pdl\middleware\ble\lib\cy_ble_stack_gcc_host_ipc_cm4.a(CyBleStackMgr_StackTaskHandler.o)
                0x10083654                IsStackTaskFree

i.storage_bt_init_pl
                0x10083660       0x8c
 i.storage_bt_init_pl
                0x10083660       0x8c Generated_Source\PSoC6\pdl\middleware\ble\lib\cy_ble_stack_gcc_host_ipc_cm4.a(storage_pl.o)
                0x10083660                storage_bt_init_pl

i.storage_bt_reset_offset
                0x100836ec       0x3c
 i.storage_bt_reset_offset
                0x100836ec       0x3c Generated_Source\PSoC6\pdl\middleware\ble\lib\cy_ble_stack_gcc_host_ipc_cm4.a(storage_pl.o)
                0x100836ec                storage_bt_reset_offset

i.storage_manager_init
                0x10083728       0x58
 i.storage_manager_init
                0x10083728       0x58 Generated_Source\PSoC6\pdl\middleware\ble\lib\cy_ble_stack_gcc_host_ipc_cm4.a(storage_pl.o)
                0x10083728                storage_manager_init

i.storage_manager_register_module
                0x10083780       0x68
 i.storage_manager_register_module
                0x10083780       0x68 Generated_Source\PSoC6\pdl\middleware\ble\lib\cy_ble_stack_gcc_host_ipc_cm4.a(storage_pl.o)
                0x10083780                storage_manager_register_module

i.storage_validate_init_params
                0x100837e8       0x98
 i.storage_validate_init_params
                0x100837e8       0x98 Generated_Source\PSoC6\pdl\middleware\ble\lib\cy_ble_stack_gcc_host_ipc_cm4.a(storage_pl.o)
                0x100837e8                storage_validate_init_params

i.OS_init       0x10083880       0x64
 i.OS_init      0x10083880       0x64 Generated_Source\PSoC6\pdl\middleware\ble\lib\cy_ble_stack_gcc_host_ipc_cm4.a(mint_os.o)
                0x10083880                OS_init

i.OS_shutdown   0x100838e4        0x4
 i.OS_shutdown  0x100838e4        0x4 Generated_Source\PSoC6\pdl\middleware\ble\lib\cy_ble_stack_gcc_host_ipc_cm4.a(mint_os.o)
                0x100838e4                OS_shutdown

i.mintos_malloc
                0x100838e8       0x34
 i.mintos_malloc
                0x100838e8       0x34 Generated_Source\PSoC6\pdl\middleware\ble\lib\cy_ble_stack_gcc_host_ipc_cm4.a(mint_os.o)
                0x100838e8                mintos_malloc

i.OS_create_queue
                0x1008391c       0x74
 i.OS_create_queue
                0x1008391c       0x74 Generated_Source\PSoC6\pdl\middleware\ble\lib\cy_ble_stack_gcc_host_ipc_cm4.a(mint_os_queue.o)
                0x1008391c                OS_create_queue

i.OS_enqueue_item
                0x10083990       0x9c
 i.OS_enqueue_item
                0x10083990       0x9c Generated_Source\PSoC6\pdl\middleware\ble\lib\cy_ble_stack_gcc_host_ipc_cm4.a(mint_os_queue.o)
                0x10083990                OS_enqueue_item

i.OS_queue_get_num_of_items
                0x10083a2c       0x2c
 i.OS_queue_get_num_of_items
                0x10083a2c       0x2c Generated_Source\PSoC6\pdl\middleware\ble\lib\cy_ble_stack_gcc_host_ipc_cm4.a(mint_os_queue.o)
                0x10083a2c                OS_queue_get_num_of_items

i.OS_queue_mgmt_init
                0x10083a58       0x58
 i.OS_queue_mgmt_init
                0x10083a58       0x58 Generated_Source\PSoC6\pdl\middleware\ble\lib\cy_ble_stack_gcc_host_ipc_cm4.a(mint_os_queue.o)
                0x10083a58                OS_queue_mgmt_init

i.OS_remove_item
                0x10083ab0       0xb8
 i.OS_remove_item
                0x10083ab0       0xb8 Generated_Source\PSoC6\pdl\middleware\ble\lib\cy_ble_stack_gcc_host_ipc_cm4.a(mint_os_queue.o)
                0x10083ab0                OS_remove_item

i.OS_create_task
                0x10083b68       0x88
 i.OS_create_task
                0x10083b68       0x88 Generated_Source\PSoC6\pdl\middleware\ble\lib\cy_ble_stack_gcc_host_ipc_cm4.a(mint_os_task.o)
                0x10083b68                OS_create_task

i.OS_is_task_free
                0x10083bf0       0x30
 i.OS_is_task_free
                0x10083bf0       0x30 Generated_Source\PSoC6\pdl\middleware\ble\lib\cy_ble_stack_gcc_host_ipc_cm4.a(mint_os_task.o)
                0x10083bf0                OS_is_task_free

i.OS_scheduler  0x10083c20       0x64
 i.OS_scheduler
                0x10083c20       0x64 Generated_Source\PSoC6\pdl\middleware\ble\lib\cy_ble_stack_gcc_host_ipc_cm4.a(mint_os_task.o)
                0x10083c20                OS_scheduler

i.OS_send_signal_to_task
                0x10083c84        0xc
 i.OS_send_signal_to_task
                0x10083c84        0xc Generated_Source\PSoC6\pdl\middleware\ble\lib\cy_ble_stack_gcc_host_ipc_cm4.a(mint_os_task.o)
                0x10083c84                OS_send_signal_to_task

i.OS_send_signal_to_task_context
                0x10083c90       0x3c
 i.OS_send_signal_to_task_context
                0x10083c90       0x3c Generated_Source\PSoC6\pdl\middleware\ble\lib\cy_ble_stack_gcc_host_ipc_cm4.a(mint_os_task.o)

i.OS_task_mgmt_init
                0x10083ccc       0x60
 i.OS_task_mgmt_init
                0x10083ccc       0x60 Generated_Source\PSoC6\pdl\middleware\ble\lib\cy_ble_stack_gcc_host_ipc_cm4.a(mint_os_task.o)
                0x10083ccc                OS_task_mgmt_init

i.mint_buf_mgmt_allocate_buffer
                0x10083d2c       0x54
 i.mint_buf_mgmt_allocate_buffer
                0x10083d2c       0x54 Generated_Source\PSoC6\pdl\middleware\ble\lib\cy_ble_stack_gcc_host_ipc_cm4.a(mint_buf_mgmt.o)
                0x10083d2c                mint_buf_mgmt_allocate_buffer

i.mint_buf_mgmt_create_pool
                0x10083d80       0xd4
 i.mint_buf_mgmt_create_pool
                0x10083d80       0xd4 Generated_Source\PSoC6\pdl\middleware\ble\lib\cy_ble_stack_gcc_host_ipc_cm4.a(mint_buf_mgmt.o)
                0x10083d80                mint_buf_mgmt_create_pool

i.mint_buf_mgmt_free_buffer
                0x10083e54       0xac
 i.mint_buf_mgmt_free_buffer
                0x10083e54       0xac Generated_Source\PSoC6\pdl\middleware\ble\lib\cy_ble_stack_gcc_host_ipc_cm4.a(mint_buf_mgmt.o)
                0x10083e54                mint_buf_mgmt_free_buffer

i.mint_buf_mgmt_init
                0x10083f00       0x5c
 i.mint_buf_mgmt_init
                0x10083f00       0x5c Generated_Source\PSoC6\pdl\middleware\ble\lib\cy_ble_stack_gcc_host_ipc_cm4.a(mint_buf_mgmt.o)
                0x10083f00                mint_buf_mgmt_init

i.mint_buf_mgmt_malloc
                0x10083f5c       0x28
 i.mint_buf_mgmt_malloc
                0x10083f5c       0x28 Generated_Source\PSoC6\pdl\middleware\ble\lib\cy_ble_stack_gcc_host_ipc_cm4.a(mint_buf_mgmt.o)
                0x10083f5c                mint_buf_mgmt_malloc

i.mint_buf_mgmt_pl_init
                0x10083f84       0x44
 i.mint_buf_mgmt_pl_init
                0x10083f84       0x44 Generated_Source\PSoC6\pdl\middleware\ble\lib\cy_ble_stack_gcc_host_ipc_cm4.a(mint_buf_mgmt.o)
                0x10083f84                mint_buf_mgmt_pl_init

i.mint_buf_mgmt_stack_init
                0x10083fc8       0x22
 i.mint_buf_mgmt_stack_init
                0x10083fc8       0x22 Generated_Source\PSoC6\pdl\middleware\ble\lib\cy_ble_stack_gcc_host_ipc_cm4.a(mint_buf_mgmt.o)
                0x10083fc8                mint_buf_mgmt_stack_init

i.mint_buf_mgmt_stack_pop
                0x10083fea       0x34
 i.mint_buf_mgmt_stack_pop
                0x10083fea       0x34 Generated_Source\PSoC6\pdl\middleware\ble\lib\cy_ble_stack_gcc_host_ipc_cm4.a(mint_buf_mgmt.o)
                0x10083fea                mint_buf_mgmt_stack_pop

i.mint_buf_mgmt_stack_push
                0x1008401e       0x34
 i.mint_buf_mgmt_stack_push
                0x1008401e       0x34 Generated_Source\PSoC6\pdl\middleware\ble\lib\cy_ble_stack_gcc_host_ipc_cm4.a(mint_buf_mgmt.o)
                0x1008401e                mint_buf_mgmt_stack_push

i.mint_buf_mgmt_stack_search_item
                0x10084052       0x2e
 i.mint_buf_mgmt_stack_search_item
                0x10084052       0x2e Generated_Source\PSoC6\pdl\middleware\ble\lib\cy_ble_stack_gcc_host_ipc_cm4.a(mint_buf_mgmt.o)
                0x10084052                mint_buf_mgmt_stack_search_item

i.CyBleHost_HciIpcFreePktBuffer
                0x10084080       0x2e
 i.CyBleHost_HciIpcFreePktBuffer
                0x10084080       0x2e Generated_Source\PSoC6\pdl\middleware\ble\lib\cy_ble_stack_gcc_host_ipc_cm4.a(transport_ipc.o)
                0x10084080                CyBleHost_HciIpcFreePktBuffer

i.CyBleHost_HciIpcMsgCompleteReceive
                0x100840b0       0x28
 i.CyBleHost_HciIpcMsgCompleteReceive
                0x100840b0       0x28 Generated_Source\PSoC6\pdl\middleware\ble\lib\cy_ble_stack_gcc_host_ipc_cm4.a(transport_ipc.o)
                0x100840b0                CyBleHost_HciIpcMsgCompleteReceive

i.CyBleHost_HciIpcMsgReceive
                0x100840d8       0x28
 i.CyBleHost_HciIpcMsgReceive
                0x100840d8       0x28 Generated_Source\PSoC6\pdl\middleware\ble\lib\cy_ble_stack_gcc_host_ipc_cm4.a(transport_ipc.o)
                0x100840d8                CyBleHost_HciIpcMsgReceive

i.hci_transport_bt_shutdown
                0x10084100        0x4
 i.hci_transport_bt_shutdown
                0x10084100        0x4 Generated_Source\PSoC6\pdl\middleware\ble\lib\cy_ble_stack_gcc_host_ipc_cm4.a(transport_ipc.o)
                0x10084100                hci_transport_bt_shutdown

i.hci_transport_init
                0x10084104       0x10
 i.hci_transport_init
                0x10084104       0x10 Generated_Source\PSoC6\pdl\middleware\ble\lib\cy_ble_stack_gcc_host_ipc_cm4.a(transport_ipc.o)
                0x10084104                hci_transport_init

i.hci_transport_write_data
                0x10084114       0x9c
 i.hci_transport_write_data
                0x10084114       0x9c Generated_Source\PSoC6\pdl\middleware\ble\lib\cy_ble_stack_gcc_host_ipc_cm4.a(transport_ipc.o)
                0x10084114                hci_transport_write_data

i.CyBleHost_IPC_HAL_Init
                0x100841b0       0x40
 i.CyBleHost_IPC_HAL_Init
                0x100841b0       0x40 Generated_Source\PSoC6\pdl\middleware\ble\lib\cy_ble_stack_gcc_host_ipc_cm4.a(CyBleStackMgr_PSoCIPCHal.o)
                0x100841b0                CyBleHost_IPC_HAL_Init

i.CyBleHost_IPC_HAL_InitWithStaticMem
                0x100841f0        0xc
 i.CyBleHost_IPC_HAL_InitWithStaticMem
                0x100841f0        0xc Generated_Source\PSoC6\pdl\middleware\ble\lib\cy_ble_stack_gcc_host_ipc_cm4.a(CyBleStackMgr_PSoCIPCHal.o)
                0x100841f0                CyBleHost_IPC_HAL_InitWithStaticMem

i.CyBleHost_IPC_HAL_IsQueueEmpty
                0x100841fc       0x24
 i.CyBleHost_IPC_HAL_IsQueueEmpty
                0x100841fc       0x24 Generated_Source\PSoC6\pdl\middleware\ble\lib\cy_ble_stack_gcc_host_ipc_cm4.a(CyBleStackMgr_PSoCIPCHal.o)
                0x100841fc                CyBleHost_IPC_HAL_IsQueueEmpty

i.CyBleHost_IPC_HAL_PipeReleaseCallback
                0x10084220       0x1c
 i.CyBleHost_IPC_HAL_PipeReleaseCallback
                0x10084220       0x1c Generated_Source\PSoC6\pdl\middleware\ble\lib\cy_ble_stack_gcc_host_ipc_cm4.a(CyBleStackMgr_PSoCIPCHal.o)

i.CyBleHost_IPC_HAL_ProcessMsgQ
                0x1008423c       0x3c
 i.CyBleHost_IPC_HAL_ProcessMsgQ
                0x1008423c       0x3c Generated_Source\PSoC6\pdl\middleware\ble\lib\cy_ble_stack_gcc_host_ipc_cm4.a(CyBleStackMgr_PSoCIPCHal.o)
                0x1008423c                CyBleHost_IPC_HAL_ProcessMsgQ

i.CyBleHost_IPC_HAL_PushMessage
                0x10084278       0x48
 i.CyBleHost_IPC_HAL_PushMessage
                0x10084278       0x48 Generated_Source\PSoC6\pdl\middleware\ble\lib\cy_ble_stack_gcc_host_ipc_cm4.a(CyBleStackMgr_PSoCIPCHal.o)

i.CyBleHost_IPC_HAL_Reset
                0x100842c0       0x30
 i.CyBleHost_IPC_HAL_Reset
                0x100842c0       0x30 Generated_Source\PSoC6\pdl\middleware\ble\lib\cy_ble_stack_gcc_host_ipc_cm4.a(CyBleStackMgr_PSoCIPCHal.o)
                0x100842c0                CyBleHost_IPC_HAL_Reset

i.CyBleHost_IPC_HAL_SendEnqueue
                0x100842f0       0x10
 i.CyBleHost_IPC_HAL_SendEnqueue
                0x100842f0       0x10 Generated_Source\PSoC6\pdl\middleware\ble\lib\cy_ble_stack_gcc_host_ipc_cm4.a(CyBleStackMgr_PSoCIPCHal.o)
                0x100842f0                CyBleHost_IPC_HAL_SendEnqueue

i.CyBle_BluetoothOnCmptCB
                0x10084300       0x60
 i.CyBle_BluetoothOnCmptCB
                0x10084300       0x60 Generated_Source\PSoC6\pdl\middleware\ble\lib\cy_ble_stack_gcc_host_ipc_cm4.a(host_main.o)

i.CyBle_HostDisableFeatures
                0x10084360       0x12
 i.CyBle_HostDisableFeatures
                0x10084360       0x12 Generated_Source\PSoC6\pdl\middleware\ble\lib\cy_ble_stack_gcc_host_ipc_cm4.a(host_main.o)
                0x10084360                CyBle_HostDisableFeatures

i.CyBle_HostInit
                0x10084374       0x68
 i.CyBle_HostInit
                0x10084374       0x68 Generated_Source\PSoC6\pdl\middleware\ble\lib\cy_ble_stack_gcc_host_ipc_cm4.a(host_main.o)
                0x10084374                CyBle_HostInit

i.CyBle_HostIsStackFree
                0x100843dc       0x16
 i.CyBle_HostIsStackFree
                0x100843dc       0x16 Generated_Source\PSoC6\pdl\middleware\ble\lib\cy_ble_stack_gcc_host_ipc_cm4.a(host_main.o)
                0x100843dc                CyBle_HostIsStackFree

i.CyBle_HostSetFeatureConfig
                0x100843f4       0x80
 i.CyBle_HostSetFeatureConfig
                0x100843f4       0x80 Generated_Source\PSoC6\pdl\middleware\ble\lib\cy_ble_stack_gcc_host_ipc_cm4.a(host_main.o)
                0x100843f4                CyBle_HostSetFeatureConfig

i.CyBle_HostStackHeapDeInit
                0x10084474       0x1e
 i.CyBle_HostStackHeapDeInit
                0x10084474       0x1e Generated_Source\PSoC6\pdl\middleware\ble\lib\cy_ble_stack_gcc_host_ipc_cm4.a(host_main.o)
                0x10084474                CyBle_HostStackHeapDeInit

i.CyBle_HostStackHeapInit
                0x10084494       0x4c
 i.CyBle_HostStackHeapInit
                0x10084494       0x4c Generated_Source\PSoC6\pdl\middleware\ble\lib\cy_ble_stack_gcc_host_ipc_cm4.a(host_main.o)
                0x10084494                CyBle_HostStackHeapInit

i.CyBle_HostStackInit
                0x100844e0       0x30
 i.CyBle_HostStackInit
                0x100844e0       0x30 Generated_Source\PSoC6\pdl\middleware\ble\lib\cy_ble_stack_gcc_host_ipc_cm4.a(host_main.o)
                0x100844e0                CyBle_HostStackInit

i.CyBle_HostStackOn
                0x10084510       0x30
 i.CyBle_HostStackOn
                0x10084510       0x30 Generated_Source\PSoC6\pdl\middleware\ble\lib\cy_ble_stack_gcc_host_ipc_cm4.a(host_main.o)

i.CyBle_HostValidateAppBuffers
                0x10084540       0x4c
 i.CyBle_HostValidateAppBuffers
                0x10084540       0x4c Generated_Source\PSoC6\pdl\middleware\ble\lib\cy_ble_stack_gcc_host_ipc_cm4.a(host_main.o)
                0x10084540                CyBle_HostValidateAppBuffers

i.CyBle_HostValidateInputParams
                0x1008458c       0xc4
 i.CyBle_HostValidateInputParams
                0x1008458c       0xc4 Generated_Source\PSoC6\pdl\middleware\ble\lib\cy_ble_stack_gcc_host_ipc_cm4.a(host_main.o)
                0x1008458c                CyBle_HostValidateInputParams

i.CyBle_SendEvToApp
                0x10084650       0x14
 i.CyBle_SendEvToApp
                0x10084650       0x14 Generated_Source\PSoC6\pdl\middleware\ble\lib\cy_ble_stack_gcc_host_ipc_cm4.a(host_main.o)
                0x10084650                CyBle_SendEvToApp

i.CyBle_ShutdownResetComplete
                0x10084664       0x78
 i.CyBle_ShutdownResetComplete
                0x10084664       0x78 Generated_Source\PSoC6\pdl\middleware\ble\lib\cy_ble_stack_gcc_host_ipc_cm4.a(host_main.o)
                0x10084664                CyBle_ShutdownResetComplete

i.CyBle_StackResetGlobalVariables
                0x100846dc       0x14
 i.CyBle_StackResetGlobalVariables
                0x100846dc       0x14 Generated_Source\PSoC6\pdl\middleware\ble\lib\cy_ble_stack_gcc_host_ipc_cm4.a(host_main.o)

i.CyBle_StackResetShutdown
                0x100846f0        0xa
 i.CyBle_StackResetShutdown
                0x100846f0        0xa Generated_Source\PSoC6\pdl\middleware\ble\lib\cy_ble_stack_gcc_host_ipc_cm4.a(host_main.o)

i.CyBle_TimerExpiryHandler
                0x100846fc       0x2c
 i.CyBle_TimerExpiryHandler
                0x100846fc       0x2c Generated_Source\PSoC6\pdl\middleware\ble\lib\cy_ble_stack_gcc_host_ipc_cm4.a(host_main.o)

i.Cy_BLE_StackShutdown
                0x10084728       0x20
 i.Cy_BLE_StackShutdown
                0x10084728       0x20 Generated_Source\PSoC6\pdl\middleware\ble\lib\cy_ble_stack_gcc_host_ipc_cm4.a(host_main.o)
                0x10084728                Cy_BLE_StackShutdown

i.Cy_BLE_StartTimer
                0x10084748       0x40
 i.Cy_BLE_StartTimer
                0x10084748       0x40 Generated_Source\PSoC6\pdl\middleware\ble\lib\cy_ble_stack_gcc_host_ipc_cm4.a(host_main.o)
                0x10084748                Cy_BLE_StartTimer

i.BT_att_access_mtu
                0x10084788       0x24
 i.BT_att_access_mtu
                0x10084788       0x24 Generated_Source\PSoC6\pdl\middleware\ble\lib\cy_ble_stack_gcc_host_ipc_cm4.a(att_api.o)
                0x10084788                BT_att_access_mtu

i.BT_att_check_connected_state
                0x100847ac       0x38
 i.BT_att_check_connected_state
                0x100847ac       0x38 Generated_Source\PSoC6\pdl\middleware\ble\lib\cy_ble_stack_gcc_host_ipc_cm4.a(att_api.o)
                0x100847ac                BT_att_check_connected_state

i.BT_att_get_att_handle_from_device_id
                0x100847e4       0x34
 i.BT_att_get_att_handle_from_device_id
                0x100847e4       0x34 Generated_Source\PSoC6\pdl\middleware\ble\lib\cy_ble_stack_gcc_host_ipc_cm4.a(att_api.o)
                0x100847e4                BT_att_get_att_handle_from_device_id

i.BT_att_get_stop_long_procedure_state
                0x10084818       0x10
 i.BT_att_get_stop_long_procedure_state
                0x10084818       0x10 Generated_Source\PSoC6\pdl\middleware\ble\lib\cy_ble_stack_gcc_host_ipc_cm4.a(att_api.o)
                0x10084818                BT_att_get_stop_long_procedure_state

i.BT_att_register
                0x10084828       0x24
 i.BT_att_register
                0x10084828       0x24 Generated_Source\PSoC6\pdl\middleware\ble\lib\cy_ble_stack_gcc_host_ipc_cm4.a(att_api.o)
                0x10084828                BT_att_register

i.BT_att_send_pdu
                0x1008484c      0x560
 i.BT_att_send_pdu
                0x1008484c      0x560 Generated_Source\PSoC6\pdl\middleware\ble\lib\cy_ble_stack_gcc_host_ipc_cm4.a(att_api.o)
                0x1008484c                BT_att_send_pdu

i.BT_att_set_stop_long_procedure
                0x10084dac       0x20
 i.BT_att_set_stop_long_procedure
                0x10084dac       0x20 Generated_Source\PSoC6\pdl\middleware\ble\lib\cy_ble_stack_gcc_host_ipc_cm4.a(att_api.o)
                0x10084dac                BT_att_set_stop_long_procedure

i.att_bt_init   0x10084dcc       0x48
 i.att_bt_init  0x10084dcc       0x48 Generated_Source\PSoC6\pdl\middleware\ble\lib\cy_ble_stack_gcc_host_ipc_cm4.a(att_init.o)
                0x10084dcc                att_bt_init

i.att_bt_shutdown
                0x10084e14        0x2
 i.att_bt_shutdown
                0x10084e14        0x2 Generated_Source\PSoC6\pdl\middleware\ble\lib\cy_ble_stack_gcc_host_ipc_cm4.a(att_init.o)
                0x10084e14                att_bt_shutdown

i.att_get_heap_req
                0x10084e16        0x4
 i.att_get_heap_req
                0x10084e16        0x4 Generated_Source\PSoC6\pdl\middleware\ble\lib\cy_ble_stack_gcc_host_ipc_cm4.a(att_init.o)
                0x10084e16                att_get_heap_req

i.att_heap_deinit
                0x10084e1c        0xc
 i.att_heap_deinit
                0x10084e1c        0xc Generated_Source\PSoC6\pdl\middleware\ble\lib\cy_ble_stack_gcc_host_ipc_cm4.a(att_init.o)
                0x10084e1c                att_heap_deinit

i.att_heap_init
                0x10084e28        0xc
 i.att_heap_init
                0x10084e28        0xc Generated_Source\PSoC6\pdl\middleware\ble\lib\cy_ble_stack_gcc_host_ipc_cm4.a(att_init.o)
                0x10084e28                att_heap_init

i.att_init      0x10084e34        0x2
 i.att_init     0x10084e34        0x2 Generated_Source\PSoC6\pdl\middleware\ble\lib\cy_ble_stack_gcc_host_ipc_cm4.a(att_init.o)
                0x10084e34                att_init

i.att_access_state_handler
                0x10084e38       0x18
 i.att_access_state_handler
                0x10084e38       0x18 Generated_Source\PSoC6\pdl\middleware\ble\lib\cy_ble_stack_gcc_host_ipc_cm4.a(att_internal.o)
                0x10084e38                att_access_state_handler

i.att_fsm_change_state
                0x10084e50       0xd8
 i.att_fsm_change_state
                0x10084e50       0xd8 Generated_Source\PSoC6\pdl\middleware\ble\lib\cy_ble_stack_gcc_host_ipc_cm4.a(att_internal.o)
                0x10084e50                att_fsm_change_state

i.att_fsm_set_state
                0x10084f28       0x48
 i.att_fsm_set_state
                0x10084f28       0x48 Generated_Source\PSoC6\pdl\middleware\ble\lib\cy_ble_stack_gcc_host_ipc_cm4.a(att_internal.o)
                0x10084f28                att_fsm_set_state

i.att_get_fsm_event
                0x10084f70       0x1e
 i.att_get_fsm_event
                0x10084f70       0x1e Generated_Source\PSoC6\pdl\middleware\ble\lib\cy_ble_stack_gcc_host_ipc_cm4.a(att_internal.o)
                0x10084f70                att_get_fsm_event

i.att_l2cap_data_cb
                0x10084f90      0x158
 i.att_l2cap_data_cb
                0x10084f90      0x158 Generated_Source\PSoC6\pdl\middleware\ble\lib\cy_ble_stack_gcc_host_ipc_cm4.a(att_internal.o)
                0x10084f90                att_l2cap_data_cb

i.att_notify_application
                0x100850e8       0x78
 i.att_notify_application
                0x100850e8       0x78 Generated_Source\PSoC6\pdl\middleware\ble\lib\cy_ble_stack_gcc_host_ipc_cm4.a(att_internal.o)
                0x100850e8                att_notify_application

i.att_pack_handle_list
                0x10085160       0x4c
 i.att_pack_handle_list
                0x10085160       0x4c Generated_Source\PSoC6\pdl\middleware\ble\lib\cy_ble_stack_gcc_host_ipc_cm4.a(att_internal.o)
                0x10085160                att_pack_handle_list

i.att_pack_handle_value_pair
                0x100851ac       0x48
 i.att_pack_handle_value_pair
                0x100851ac       0x48 Generated_Source\PSoC6\pdl\middleware\ble\lib\cy_ble_stack_gcc_host_ipc_cm4.a(att_internal.o)
                0x100851ac                att_pack_handle_value_pair

i.att_pack_value
                0x100851f4       0x44
 i.att_pack_value
                0x100851f4       0x44 Generated_Source\PSoC6\pdl\middleware\ble\lib\cy_ble_stack_gcc_host_ipc_cm4.a(att_internal.o)
                0x100851f4                att_pack_value

i.att_timer_cb  0x10085238       0x6c
 i.att_timer_cb
                0x10085238       0x6c Generated_Source\PSoC6\pdl\middleware\ble\lib\cy_ble_stack_gcc_host_ipc_cm4.a(att_internal.o)
                0x10085238                att_timer_cb

i.att_transport_write
                0x100852a4       0x46
 i.att_transport_write
                0x100852a4       0x46 Generated_Source\PSoC6\pdl\middleware\ble\lib\cy_ble_stack_gcc_host_ipc_cm4.a(att_internal.o)
                0x100852a4                att_transport_write

i.BT_bluetooth_get_stack_init_state
                0x100852ec       0x18
 i.BT_bluetooth_get_stack_init_state
                0x100852ec       0x18 Generated_Source\PSoC6\pdl\middleware\ble\lib\cy_ble_stack_gcc_host_ipc_cm4.a(BT_common.o)
                0x100852ec                BT_bluetooth_get_stack_init_state

i.BT_bluetooth_off
                0x10085304       0x40
 i.BT_bluetooth_off
                0x10085304       0x40 Generated_Source\PSoC6\pdl\middleware\ble\lib\cy_ble_stack_gcc_host_ipc_cm4.a(BT_common.o)
                0x10085304                BT_bluetooth_off

i.BT_bluetooth_on
                0x10085344       0x54
 i.BT_bluetooth_on
                0x10085344       0x54 Generated_Source\PSoC6\pdl\middleware\ble\lib\cy_ble_stack_gcc_host_ipc_cm4.a(BT_common.o)
                0x10085344                BT_bluetooth_on

i.BT_common_bluetooth_on_complete
                0x10085398       0x1c
 i.BT_common_bluetooth_on_complete
                0x10085398       0x1c Generated_Source\PSoC6\pdl\middleware\ble\lib\cy_ble_stack_gcc_host_ipc_cm4.a(BT_common.o)
                0x10085398                BT_common_bluetooth_on_complete

i.BT_ethermind_init
                0x100853b4       0x38
 i.BT_ethermind_init
                0x100853b4       0x38 Generated_Source\PSoC6\pdl\middleware\ble\lib\cy_ble_stack_gcc_host_ipc_cm4.a(BT_common.o)
                0x100853b4                BT_ethermind_init

i.CyBle_DeviceQueueHeapDeInit
                0x100853ec       0x10
 i.CyBle_DeviceQueueHeapDeInit
                0x100853ec       0x10 Generated_Source\PSoC6\pdl\middleware\ble\lib\cy_ble_stack_gcc_host_ipc_cm4.a(device_queue.o)
                0x100853ec                CyBle_DeviceQueueHeapDeInit

i.CyBle_DeviceQueueHeapInit
                0x100853fc       0x50
 i.CyBle_DeviceQueueHeapInit
                0x100853fc       0x50 Generated_Source\PSoC6\pdl\middleware\ble\lib\cy_ble_stack_gcc_host_ipc_cm4.a(device_queue.o)
                0x100853fc                CyBle_DeviceQueueHeapInit

i.CyBle_DeviceQueueHeapMemReq
                0x1008544c       0x46
 i.CyBle_DeviceQueueHeapMemReq
                0x1008544c       0x46 Generated_Source\PSoC6\pdl\middleware\ble\lib\cy_ble_stack_gcc_host_ipc_cm4.a(device_queue.o)
                0x1008544c                CyBle_DeviceQueueHeapMemReq

i.device_queue_alloc
                0x10085494       0xe8
 i.device_queue_alloc
                0x10085494       0xe8 Generated_Source\PSoC6\pdl\middleware\ble\lib\cy_ble_stack_gcc_host_ipc_cm4.a(device_queue.o)
                0x10085494                device_queue_alloc

i.device_queue_bt_init
                0x1008557c       0x3c
 i.device_queue_bt_init
                0x1008557c       0x3c Generated_Source\PSoC6\pdl\middleware\ble\lib\cy_ble_stack_gcc_host_ipc_cm4.a(device_queue.o)
                0x1008557c                device_queue_bt_init

i.device_queue_bt_shutdown
                0x100855b8        0x4
 i.device_queue_bt_shutdown
                0x100855b8        0x4 Generated_Source\PSoC6\pdl\middleware\ble\lib\cy_ble_stack_gcc_host_ipc_cm4.a(device_queue.o)
                0x100855b8                device_queue_bt_shutdown

i.device_queue_extension_clear_rpa_addr
                0x100855bc       0x64
 i.device_queue_extension_clear_rpa_addr
                0x100855bc       0x64 Generated_Source\PSoC6\pdl\middleware\ble\lib\cy_ble_stack_gcc_host_ipc_cm4.a(device_queue.o)
                0x100855bc                device_queue_extension_clear_rpa_addr

i.device_queue_extension_find_index
                0x10085620       0x5c
 i.device_queue_extension_find_index
                0x10085620       0x5c Generated_Source\PSoC6\pdl\middleware\ble\lib\cy_ble_stack_gcc_host_ipc_cm4.a(device_queue.o)
                0x10085620                device_queue_extension_find_index

i.device_queue_extension_init
                0x1008567c       0x14
 i.device_queue_extension_init
                0x1008567c       0x14 Generated_Source\PSoC6\pdl\middleware\ble\lib\cy_ble_stack_gcc_host_ipc_cm4.a(device_queue.o)
                0x1008567c                device_queue_extension_init

i.device_queue_extension_set_local_pub_priv_addr
                0x10085690       0x58
 i.device_queue_extension_set_local_pub_priv_addr
                0x10085690       0x58 Generated_Source\PSoC6\pdl\middleware\ble\lib\cy_ble_stack_gcc_host_ipc_cm4.a(device_queue.o)
                0x10085690                device_queue_extension_set_local_pub_priv_addr

i.device_queue_free
                0x100856e8       0x6c
 i.device_queue_free
                0x100856e8       0x6c Generated_Source\PSoC6\pdl\middleware\ble\lib\cy_ble_stack_gcc_host_ipc_cm4.a(device_queue.o)
                0x100856e8                device_queue_free

i.device_queue_get_local_addr
                0x10085754       0x4c
 i.device_queue_get_local_addr
                0x10085754       0x4c Generated_Source\PSoC6\pdl\middleware\ble\lib\cy_ble_stack_gcc_host_ipc_cm4.a(device_queue.o)
                0x10085754                device_queue_get_local_addr

i.device_queue_get_local_addr_used_for_conn_setup
                0x100857a0       0xe4
 i.device_queue_get_local_addr_used_for_conn_setup
                0x100857a0       0xe4 Generated_Source\PSoC6\pdl\middleware\ble\lib\cy_ble_stack_gcc_host_ipc_cm4.a(device_queue.o)
                0x100857a0                device_queue_get_local_addr_used_for_conn_setup

i.device_queue_get_remote_addr
                0x10085884       0x5c
 i.device_queue_get_remote_addr
                0x10085884       0x5c Generated_Source\PSoC6\pdl\middleware\ble\lib\cy_ble_stack_gcc_host_ipc_cm4.a(device_queue.o)
                0x10085884                device_queue_get_remote_addr

i.device_queue_get_remote_addr_used_for_conn_setup
                0x100858e0       0x8c
 i.device_queue_get_remote_addr_used_for_conn_setup
                0x100858e0       0x8c Generated_Source\PSoC6\pdl\middleware\ble\lib\cy_ble_stack_gcc_host_ipc_cm4.a(device_queue.o)
                0x100858e0                device_queue_get_remote_addr_used_for_conn_setup

i.device_queue_init
                0x1008596c       0x54
 i.device_queue_init
                0x1008596c       0x54 Generated_Source\PSoC6\pdl\middleware\ble\lib\cy_ble_stack_gcc_host_ipc_cm4.a(device_queue.o)
                0x1008596c                device_queue_init

i.device_queue_search_remote_addr
                0x100859c0       0x9c
 i.device_queue_search_remote_addr
                0x100859c0       0x9c Generated_Source\PSoC6\pdl\middleware\ble\lib\cy_ble_stack_gcc_host_ipc_cm4.a(device_queue.o)
                0x100859c0                device_queue_search_remote_addr

i.device_queue_set_curr_addr_type
                0x10085a5c       0x20
 i.device_queue_set_curr_addr_type
                0x10085a5c       0x20 Generated_Source\PSoC6\pdl\middleware\ble\lib\cy_ble_stack_gcc_host_ipc_cm4.a(device_queue.o)
                0x10085a5c                device_queue_set_curr_addr_type

i.device_queue_set_remote_addr
                0x10085a7c       0x4c
 i.device_queue_set_remote_addr
                0x10085a7c       0x4c Generated_Source\PSoC6\pdl\middleware\ble\lib\cy_ble_stack_gcc_host_ipc_cm4.a(device_queue.o)
                0x10085a7c                device_queue_set_remote_addr

i.CyBle_L2capCB
                0x10085ac8       0xa8
 i.CyBle_L2capCB
                0x10085ac8       0xa8 Generated_Source\PSoC6\pdl\middleware\ble\lib\cy_ble_stack_gcc_host_ipc_cm4.a(l2cap.o)
                0x10085ac8                CyBle_L2capCB

i.CyBle_L2capFreeBuffers
                0x10085b70       0x44
 i.CyBle_L2capFreeBuffers
                0x10085b70       0x44 Generated_Source\PSoC6\pdl\middleware\ble\lib\cy_ble_stack_gcc_host_ipc_cm4.a(l2cap.o)
                0x10085b70                CyBle_L2capFreeBuffers

i.CyBle_L2capHeapDeInit
                0x10085bb4       0x1c
 i.CyBle_L2capHeapDeInit
                0x10085bb4       0x1c Generated_Source\PSoC6\pdl\middleware\ble\lib\cy_ble_stack_gcc_host_ipc_cm4.a(l2cap.o)
                0x10085bb4                CyBle_L2capHeapDeInit

i.CyBle_L2capHeapInit
                0x10085bd0       0x6c
 i.CyBle_L2capHeapInit
                0x10085bd0       0x6c Generated_Source\PSoC6\pdl\middleware\ble\lib\cy_ble_stack_gcc_host_ipc_cm4.a(l2cap.o)
                0x10085bd0                CyBle_L2capHeapInit

i.CyBle_L2capHeapReq
                0x10085c3c       0x14
 i.CyBle_L2capHeapReq
                0x10085c3c       0x14 Generated_Source\PSoC6\pdl\middleware\ble\lib\cy_ble_stack_gcc_host_ipc_cm4.a(l2cap.o)
                0x10085c3c                CyBle_L2capHeapReq

i.CyBle_L2capInit
                0x10085c50      0x1a8
 i.CyBle_L2capInit
                0x10085c50      0x1a8 Generated_Source\PSoC6\pdl\middleware\ble\lib\cy_ble_stack_gcc_host_ipc_cm4.a(l2cap.o)
                0x10085c50                CyBle_L2capInit

i.CyBle_L2capMemsetBuffers
                0x10085df8       0x70
 i.CyBle_L2capMemsetBuffers
                0x10085df8       0x70 Generated_Source\PSoC6\pdl\middleware\ble\lib\cy_ble_stack_gcc_host_ipc_cm4.a(l2cap.o)
                0x10085df8                CyBle_L2capMemsetBuffers

i.CyBle_L2capShutdown
                0x10085e68        0xe
 i.CyBle_L2capShutdown
                0x10085e68        0xe Generated_Source\PSoC6\pdl\middleware\ble\lib\cy_ble_stack_gcc_host_ipc_cm4.a(l2cap.o)
                0x10085e68                CyBle_L2capShutdown

i.CyBle_L2capTxQueueFlowCb
                0x10085e76       0x18
 i.CyBle_L2capTxQueueFlowCb
                0x10085e76       0x18 Generated_Source\PSoC6\pdl\middleware\ble\lib\cy_ble_stack_gcc_host_ipc_cm4.a(l2cap.o)
                0x10085e76                CyBle_L2capTxQueueFlowCb

i.l2cap_disconnect_cid
                0x10085e90       0xb4
 i.l2cap_disconnect_cid
                0x10085e90       0xb4 Generated_Source\PSoC6\pdl\middleware\ble\lib\cy_ble_stack_gcc_host_ipc_cm4.a(l2cap_disconnect.o)
                0x10085e90                l2cap_disconnect_cid

i.l2cap_disconnect_req
                0x10085f44       0xd4
 i.l2cap_disconnect_req
                0x10085f44       0xd4 Generated_Source\PSoC6\pdl\middleware\ble\lib\cy_ble_stack_gcc_host_ipc_cm4.a(l2cap_disconnect.o)
                0x10085f44                l2cap_disconnect_req

i.l2cap_disconnect_rsp
                0x10086018       0x9c
 i.l2cap_disconnect_rsp
                0x10086018       0x9c Generated_Source\PSoC6\pdl\middleware\ble\lib\cy_ble_stack_gcc_host_ipc_cm4.a(l2cap_disconnect.o)
                0x10086018                l2cap_disconnect_rsp

i.l2cap_lp_disconnect_ind
                0x100860b4      0x120
 i.l2cap_lp_disconnect_ind
                0x100860b4      0x120 Generated_Source\PSoC6\pdl\middleware\ble\lib\cy_ble_stack_gcc_host_ipc_cm4.a(l2cap_disconnect.o)
                0x100860b4                l2cap_lp_disconnect_ind

i.l2cap_bt_init
                0x100861d4       0xdc
 i.l2cap_bt_init
                0x100861d4       0xdc Generated_Source\PSoC6\pdl\middleware\ble\lib\cy_ble_stack_gcc_host_ipc_cm4.a(l2cap_init.o)
                0x100861d4                l2cap_bt_init

i.l2cap_bt_shutdown
                0x100862b0       0x34
 i.l2cap_bt_shutdown
                0x100862b0       0x34 Generated_Source\PSoC6\pdl\middleware\ble\lib\cy_ble_stack_gcc_host_ipc_cm4.a(l2cap_init.o)
                0x100862b0                l2cap_bt_shutdown

i.l2cap_init    0x100862e4       0x2c
 i.l2cap_init   0x100862e4       0x2c Generated_Source\PSoC6\pdl\middleware\ble\lib\cy_ble_stack_gcc_host_ipc_cm4.a(l2cap_init.o)
                0x100862e4                l2cap_init

i.l2cap_register_tx_queue_flow_cb
                0x10086310       0x14
 i.l2cap_register_tx_queue_flow_cb
                0x10086310       0x14 Generated_Source\PSoC6\pdl\middleware\ble\lib\cy_ble_stack_gcc_host_ipc_cm4.a(l2cap_init.o)
                0x10086310                l2cap_register_tx_queue_flow_cb

i.l2cap_allocate_buffer_element
                0x10086324       0x90
 i.l2cap_allocate_buffer_element
                0x10086324       0x90 Generated_Source\PSoC6\pdl\middleware\ble\lib\cy_ble_stack_gcc_host_ipc_cm4.a(l2cap_utils.o)
                0x10086324                l2cap_allocate_buffer_element

i.l2cap_buffer_dequeue
                0x100863b4       0xd8
 i.l2cap_buffer_dequeue
                0x100863b4       0xd8 Generated_Source\PSoC6\pdl\middleware\ble\lib\cy_ble_stack_gcc_host_ipc_cm4.a(l2cap_utils.o)
                0x100863b4                l2cap_buffer_dequeue

i.l2cap_buffer_enqueue
                0x1008648c       0x5c
 i.l2cap_buffer_enqueue
                0x1008648c       0x5c Generated_Source\PSoC6\pdl\middleware\ble\lib\cy_ble_stack_gcc_host_ipc_cm4.a(l2cap_utils.o)
                0x1008648c                l2cap_buffer_enqueue

i.l2cap_free_buffer_element
                0x100864e8      0x144
 i.l2cap_free_buffer_element
                0x100864e8      0x144 Generated_Source\PSoC6\pdl\middleware\ble\lib\cy_ble_stack_gcc_host_ipc_cm4.a(l2cap_utils.o)
                0x100864e8                l2cap_free_buffer_element

i.l2cap_get_tx_queue_flow_state
                0x1008662c       0x2c
 i.l2cap_get_tx_queue_flow_state
                0x1008662c       0x2c Generated_Source\PSoC6\pdl\middleware\ble\lib\cy_ble_stack_gcc_host_ipc_cm4.a(l2cap_utils.o)
                0x1008662c                l2cap_get_tx_queue_flow_state

i.l2cap_is_handle_in_sigch_list
                0x10086658       0x38
 i.l2cap_is_handle_in_sigch_list
                0x10086658       0x38 Generated_Source\PSoC6\pdl\middleware\ble\lib\cy_ble_stack_gcc_host_ipc_cm4.a(l2cap_utils.o)
                0x10086658                l2cap_is_handle_in_sigch_list

i.l2cap_is_in_sigch_list
                0x10086690       0x44
 i.l2cap_is_in_sigch_list
                0x10086690       0x44 Generated_Source\PSoC6\pdl\middleware\ble\lib\cy_ble_stack_gcc_host_ipc_cm4.a(l2cap_utils.o)
                0x10086690                l2cap_is_in_sigch_list

i.l2cap_is_queue_free
                0x100866d4       0x3c
 i.l2cap_is_queue_free
                0x100866d4       0x3c Generated_Source\PSoC6\pdl\middleware\ble\lib\cy_ble_stack_gcc_host_ipc_cm4.a(l2cap_utils.o)
                0x100866d4                l2cap_is_queue_free

i.l2cap_tx_queue_flow_control
                0x10086710       0x60
 i.l2cap_tx_queue_flow_control
                0x10086710       0x60 Generated_Source\PSoC6\pdl\middleware\ble\lib\cy_ble_stack_gcc_host_ipc_cm4.a(l2cap_utils.o)
                0x10086710                l2cap_tx_queue_flow_control

i.l2cap_data_transmitter_bh
                0x10086770       0xdc
 i.l2cap_data_transmitter_bh
                0x10086770       0xdc Generated_Source\PSoC6\pdl\middleware\ble\lib\cy_ble_stack_gcc_host_ipc_cm4.a(l2cap_lmp.o)
                0x10086770                l2cap_data_transmitter_bh

i.l2cap_frame_tx_pdu
                0x1008684c       0x9c
 i.l2cap_frame_tx_pdu
                0x1008684c       0x9c Generated_Source\PSoC6\pdl\middleware\ble\lib\cy_ble_stack_gcc_host_ipc_cm4.a(l2cap_lmp.o)
                0x1008684c                l2cap_frame_tx_pdu

i.l2cap_lp_data_write
                0x100868e8      0x138
 i.l2cap_lp_data_write
                0x100868e8      0x138 Generated_Source\PSoC6\pdl\middleware\ble\lib\cy_ble_stack_gcc_host_ipc_cm4.a(l2cap_lmp.o)
                0x100868e8                l2cap_lp_data_write

i.l2cap_lp_le_buffer_size
                0x10086a20       0x88
 i.l2cap_lp_le_buffer_size
                0x10086a20       0x88 Generated_Source\PSoC6\pdl\middleware\ble\lib\cy_ble_stack_gcc_host_ipc_cm4.a(l2cap_lmp.o)
                0x10086a20                l2cap_lp_le_buffer_size

i.l2cap_lp_num_completed_packets
                0x10086aa8       0x64
 i.l2cap_lp_num_completed_packets
                0x10086aa8       0x64 Generated_Source\PSoC6\pdl\middleware\ble\lib\cy_ble_stack_gcc_host_ipc_cm4.a(l2cap_lmp.o)
                0x10086aa8                l2cap_lp_num_completed_packets

i.l2cap_schedule_data_tx
                0x10086b0c       0x34
 i.l2cap_schedule_data_tx
                0x10086b0c       0x34 Generated_Source\PSoC6\pdl\middleware\ble\lib\cy_ble_stack_gcc_host_ipc_cm4.a(l2cap_lmp.o)
                0x10086b0c                l2cap_schedule_data_tx

i.BT_l2cap_register_le_event_cb
                0x10086b40       0x14
 i.BT_l2cap_register_le_event_cb
                0x10086b40       0x14 Generated_Source\PSoC6\pdl\middleware\ble\lib\cy_ble_stack_gcc_host_ipc_cm4.a(l2cap_le.o)
                0x10086b40                BT_l2cap_register_le_event_cb

i.l2cap_fixed_channel_data_write
                0x10086b54       0x6c
 i.l2cap_fixed_channel_data_write
                0x10086b54       0x6c Generated_Source\PSoC6\pdl\middleware\ble\lib\cy_ble_stack_gcc_host_ipc_cm4.a(l2cap_fixed_channel.o)
                0x10086b54                l2cap_fixed_channel_data_write

i.l2cap_register_fixed_channel_cb
                0x10086bc0       0x24
 i.l2cap_register_fixed_channel_cb
                0x10086bc0       0x24 Generated_Source\PSoC6\pdl\middleware\ble\lib\cy_ble_stack_gcc_host_ipc_cm4.a(l2cap_fixed_channel.o)
                0x10086bc0                l2cap_register_fixed_channel_cb

i.l2cap_update_fixed_channel_mtu
                0x10086be4       0x38
 i.l2cap_update_fixed_channel_mtu
                0x10086be4       0x38 Generated_Source\PSoC6\pdl\middleware\ble\lib\cy_ble_stack_gcc_host_ipc_cm4.a(l2cap_fixed_channel.o)
                0x10086be4                l2cap_update_fixed_channel_mtu

i.l2cap_allocate_channel
                0x10086c1c       0x40
 i.l2cap_allocate_channel
                0x10086c1c       0x40 Generated_Source\PSoC6\pdl\middleware\ble\lib\cy_ble_stack_gcc_host_ipc_cm4.a(l2cap_channels.o)
                0x10086c1c                l2cap_allocate_channel

i.l2cap_fixed_mode_rx_data_handler
                0x10086c5c       0x24
 i.l2cap_fixed_mode_rx_data_handler
                0x10086c5c       0x24 Generated_Source\PSoC6\pdl\middleware\ble\lib\cy_ble_stack_gcc_host_ipc_cm4.a(l2cap_channels.o)
                0x10086c5c                l2cap_fixed_mode_rx_data_handler

i.l2cap_free_channel
                0x10086c80      0x114
 i.l2cap_free_channel
                0x10086c80      0x114 Generated_Source\PSoC6\pdl\middleware\ble\lib\cy_ble_stack_gcc_host_ipc_cm4.a(l2cap_channels.o)
                0x10086c80                l2cap_free_channel

i.l2cap_search_local_channel
                0x10086d94       0x50
 i.l2cap_search_local_channel
                0x10086d94       0x50 Generated_Source\PSoC6\pdl\middleware\ble\lib\cy_ble_stack_gcc_host_ipc_cm4.a(l2cap_channels.o)
                0x10086d94                l2cap_search_local_channel

i.l2cap_cbfc_connect_req
                0x10086de4      0x204
 i.l2cap_cbfc_connect_req