Archive member included to satisfy reference by file (symbol)

Generated_Source\PSoC6\pdl\middleware\ble\lib\cy_ble_stack_gcc_host_ipc_cm4.a(CyBleStackMgrIP_Interface.o)
                              .\CortexM4\ARM_GCC_541\Debug\host_main.o (Cy_BLE_ProcessEvents)
Generated_Source\PSoC6\pdl\middleware\ble\lib\cy_ble_stack_gcc_host_ipc_cm4.a(BT_os.o)
                              Generated_Source\PSoC6\pdl\middleware\ble\lib\cy_ble_stack_gcc_host_ipc_cm4.a(CyBleStackMgrIP_Interface.o) (cyBleStackMemoryConfig)
Generated_Source\PSoC6\pdl\middleware\ble\lib\cy_ble_stack_gcc_host_ipc_cm4.a(CyBleStackMgr_StackTaskHandler.o)
                              Generated_Source\PSoC6\pdl\middleware\ble\lib\cy_ble_stack_gcc_host_ipc_cm4.a(CyBleStackMgrIP_Interface.o) (CyBle_CreateBleStackTask)
Generated_Source\PSoC6\pdl\middleware\ble\lib\cy_ble_stack_gcc_host_ipc_cm4.a(storage_pl.o)
                              Generated_Source\PSoC6\pdl\middleware\ble\lib\cy_ble_stack_gcc_host_ipc_cm4.a(CyBleStackMgrIP_Interface.o) (storage_manager_init)
Generated_Source\PSoC6\pdl\middleware\ble\lib\cy_ble_stack_gcc_host_ipc_cm4.a(mint_os.o)
                              Generated_Source\PSoC6\pdl\middleware\ble\lib\cy_ble_stack_gcc_host_ipc_cm4.a(CyBleStackMgrIP_Interface.o) (OS_init)
Generated_Source\PSoC6\pdl\middleware\ble\lib\cy_ble_stack_gcc_host_ipc_cm4.a(mint_os_queue.o)
                              Generated_Source\PSoC6\pdl\middleware\ble\lib\cy_ble_stack_gcc_host_ipc_cm4.a(mint_os.o) (OS_TOTAL_QUEUES)
Generated_Source\PSoC6\pdl\middleware\ble\lib\cy_ble_stack_gcc_host_ipc_cm4.a(mint_os_task.o)
                              Generated_Source\PSoC6\pdl\middleware\ble\lib\cy_ble_stack_gcc_host_ipc_cm4.a(mint_os.o) (idle_func_handler)
Generated_Source\PSoC6\pdl\middleware\ble\lib\cy_ble_stack_gcc_host_ipc_cm4.a(mint_buf_mgmt.o)
                              Generated_Source\PSoC6\pdl\middleware\ble\lib\cy_ble_stack_gcc_host_ipc_cm4.a(BT_os.o) (mint_buf_mgmt_allocate_buffer)
Generated_Source\PSoC6\pdl\middleware\ble\lib\cy_ble_stack_gcc_host_ipc_cm4.a(transport_ipc.o)
                              Generated_Source\PSoC6\pdl\middleware\ble\lib\cy_ble_stack_gcc_host_ipc_cm4.a(CyBleStackMgr_StackTaskHandler.o) (CyBleHost_HciIpcFreePktBuffer)
Generated_Source\PSoC6\pdl\middleware\ble\lib\cy_ble_stack_gcc_host_ipc_cm4.a(CyBleStackMgr_PSoCIPCHal.o)
                              Generated_Source\PSoC6\pdl\middleware\ble\lib\cy_ble_stack_gcc_host_ipc_cm4.a(transport_ipc.o) (CyBleHost_IPC_HAL_InitWithStaticMem)
Generated_Source\PSoC6\pdl\middleware\ble\lib\cy_ble_stack_gcc_host_ipc_cm4.a(host_main.o)
                              Generated_Source\PSoC6\pdl\middleware\ble\lib\cy_ble_stack_gcc_host_ipc_cm4.a(CyBleStackMgrIP_Interface.o) (CyBle_HostInit)
Generated_Source\PSoC6\pdl\middleware\ble\lib\cy_ble_stack_gcc_host_ipc_cm4.a(att_api.o)
                              Generated_Source\PSoC6\pdl\middleware\ble\lib\cy_ble_stack_gcc_host_ipc_cm4.a(host_main.o) (BT_att_register)
Generated_Source\PSoC6\pdl\middleware\ble\lib\cy_ble_stack_gcc_host_ipc_cm4.a(att_init.o)
                              Generated_Source\PSoC6\pdl\middleware\ble\lib\cy_ble_stack_gcc_host_ipc_cm4.a(att_api.o) (att_connections)
Generated_Source\PSoC6\pdl\middleware\ble\lib\cy_ble_stack_gcc_host_ipc_cm4.a(att_internal.o)
                              Generated_Source\PSoC6\pdl\middleware\ble\lib\cy_ble_stack_gcc_host_ipc_cm4.a(att_api.o) (att_get_fsm_event)
Generated_Source\PSoC6\pdl\middleware\ble\lib\cy_ble_stack_gcc_host_ipc_cm4.a(BT_common.o)
                              Generated_Source\PSoC6\pdl\middleware\ble\lib\cy_ble_stack_gcc_host_ipc_cm4.a(host_main.o) (BT_bluetooth_off)
Generated_Source\PSoC6\pdl\middleware\ble\lib\cy_ble_stack_gcc_host_ipc_cm4.a(device_queue.o)
                              Generated_Source\PSoC6\pdl\middleware\ble\lib\cy_ble_stack_gcc_host_ipc_cm4.a(host_main.o) (CyBle_DeviceQueueHeapDeInit)
Generated_Source\PSoC6\pdl\middleware\ble\lib\cy_ble_stack_gcc_host_ipc_cm4.a(l2cap.o)
                              Generated_Source\PSoC6\pdl\middleware\ble\lib\cy_ble_stack_gcc_host_ipc_cm4.a(host_main.o) (CyBle_L2capCB)
Generated_Source\PSoC6\pdl\middleware\ble\lib\cy_ble_stack_gcc_host_ipc_cm4.a(l2cap_disconnect.o)
                              Generated_Source\PSoC6\pdl\middleware\ble\lib\cy_ble_stack_gcc_host_ipc_cm4.a(l2cap.o) (l2ca_disconnect_req)
Generated_Source\PSoC6\pdl\middleware\ble\lib\cy_ble_stack_gcc_host_ipc_cm4.a(l2cap_init.o)
                              Generated_Source\PSoC6\pdl\middleware\ble\lib\cy_ble_stack_gcc_host_ipc_cm4.a(l2cap_disconnect.o) (l2cap_fixed_channel)
Generated_Source\PSoC6\pdl\middleware\ble\lib\cy_ble_stack_gcc_host_ipc_cm4.a(l2cap_utils.o)
                              Generated_Source\PSoC6\pdl\middleware\ble\lib\cy_ble_stack_gcc_host_ipc_cm4.a(l2cap_disconnect.o) (l2cap_buffer_dequeue)
Generated_Source\PSoC6\pdl\middleware\ble\lib\cy_ble_stack_gcc_host_ipc_cm4.a(l2cap_lmp.o)
[...]
Memory Configuration

Name             Origin             Length             Attributes
ram              0x08024000         0x00023800         xrw
flash            0x10080000         0x00080000         xr
em_eeprom        0x14000000         0x00008000         xr
sflash_user_data 0x16000800         0x00000800         xr
sflash_nar       0x16001a00         0x00000200         xr
sflash_public_key 0x16005a00         0x00000c00         xr
sflash_toc_2     0x16007c00         0x00000200         xr
sflash_rtoc_2    0x16007e00         0x00000200         xr
xip              0x18000000         0x08000000         xr
efuse            0x90700000         0x00100000         r
*default*        0x00000000         0xffffffff

Linker script and memory map

LOAD c:/program files (x86)/cypress/psoc creator/4.4/psoc creator/import/gnu/arm/5.4.1/bin/../lib/gcc/arm-none-eabi/5.4.1/armv7e-m/softfp/crti.o
LOAD c:/program files (x86)/cypress/psoc creator/4.4/psoc creator/import/gnu/arm/5.4.1/bin/../lib/gcc/arm-none-eabi/5.4.1/armv7e-m/softfp/crtbegin.o
LOAD c:/program files (x86)/cypress/psoc creator/4.4/psoc creator/import/gnu/arm/5.4.1/bin/../lib/gcc/arm-none-eabi/5.4.1/../../../../arm-none-eabi/lib/armv7e-m/softfp/crt0.o
START GROUP
LOAD Generated_Source\PSoC6\pdl\middleware\ble\lib\cy_ble_stack_gcc_host_ipc_cm4.a
LOAD .\CortexM4\ARM_GCC_541\Debug\startup_psoc6_01_cm4.o
LOAD .\CortexM4\ARM_GCC_541\Debug\main_cm4.o
LOAD .\CortexM4\ARM_GCC_541\Debug\system_psoc6_cm4.o
LOAD .\CortexM4\ARM_GCC_541\Debug\host_main.o
LOAD .\CortexM4\ARM_GCC_541\Debug\ias.o
LOAD .\CortexM4\ARM_GCC_541\Debug\user_interface.o
LOAD .\CortexM4\ARM_GCC_541\Debug\font.o
LOAD .\CortexM4\ARM_GCC_541\Debug\st7735.o
LOAD .\CortexM4\ARM_GCC_541\Debug\power.o
LOAD .\CortexM4\ARM_GCC_541\Debug\bq24298.o
LOAD .\CortexM4\ARM_GCC_541\Debug\my_i2c.o
LOAD .\CortexM4\ARM_GCC_541\Debug\vibe.o
LOAD .\CortexM4\ARM_GCC_541\Debug\temp.o
LOAD .\CortexM4\ARM_GCC_541\Debug\tens.o
LOAD .\CortexM4\ARM_GCC_541\Debug\debug.o
LOAD .\CortexM4\ARM_GCC_541\Debug\myUART.o
LOAD .\CortexM4\ARM_GCC_541\Debug\myprintf.o
LOAD .\CortexM4\ARM_GCC_541\Debug\cyfitter_sysint_cfg.o
LOAD .\CortexM4\ARM_GCC_541\Debug\cymetadata.o
LOAD .\CortexM4\ARM_GCC_541\Debug\BLE.o
LOAD .\CortexM4\ARM_GCC_541\Debug\BLE_config.o
LOAD .\CortexM4\ARM_GCC_541\Debug\BLE_ias_config.o
LOAD .\CortexM4\ARM_GCC_541\Debug\BLE_custom_config.o
LOAD .\CortexM4\ARM_GCC_541\Debug\BLE_bas_config.o
LOAD .\CortexM4\ARM_GCC_541\Debug\SPI.o
LOAD .\CortexM4\ARM_GCC_541\Debug\PWM_TENS2.o
LOAD .\CortexM4\ARM_GCC_541\Debug\AMP_PWM.o
LOAD .\CortexM4\ARM_GCC_541\Debug\PWM_TENS.o
LOAD .\CortexM4\ARM_GCC_541\Debug\ADC.o
LOAD .\CortexM4\ARM_GCC_541\Debug\ADC_INT.o
LOAD .\CortexM4\ARM_GCC_541\Debug\ADC_INIT.o
LOAD .\CortexM4\ARM_GCC_541\Debug\ADC_PM.o
LOAD .\CortexM4\ARM_GCC_541\Debug\PWM_FAN.o
LOAD .\CortexM4\ARM_GCC_541\Debug\LCD_PWM.o
LOAD .\CortexM4\ARM_GCC_541\Debug\I2S.o
LOAD .\CortexM4\ARM_GCC_541\Debug\PWM_PEL1.o
LOAD .\CortexM4\ARM_GCC_541\Debug\PWM_PEL2.o
LOAD .\CortexM4\ARM_GCC_541\Debug\cy_efuse.o
LOAD .\CortexM4\ARM_GCC_541\Debug\cy_flash.o
LOAD .\CortexM4\ARM_GCC_541\Debug\cy_gpio.o
LOAD .\CortexM4\ARM_GCC_541\Debug\cy_i2s.o
LOAD .\CortexM4\ARM_GCC_541\Debug\cy_ipc_drv.o
LOAD .\CortexM4\ARM_GCC_541\Debug\cy_ipc_sema.o
LOAD .\CortexM4\ARM_GCC_541\Debug\cy_ipc_pipe.o
LOAD .\CortexM4\ARM_GCC_541\Debug\cy_lvd.o
LOAD .\CortexM4\ARM_GCC_541\Debug\cy_profile.o
LOAD .\CortexM4\ARM_GCC_541\Debug\cy_prot.o
LOAD .\CortexM4\ARM_GCC_541\Debug\cy_sar.o
LOAD .\CortexM4\ARM_GCC_541\Debug\cy_scb_common.o
LOAD .\CortexM4\ARM_GCC_541\Debug\cy_scb_i2c.o
LOAD .\CortexM4\ARM_GCC_541\Debug\cy_scb_ezi2c.o
LOAD .\CortexM4\ARM_GCC_541\Debug\cy_scb_spi.o
LOAD .\CortexM4\ARM_GCC_541\Debug\cy_scb_uart.o
LOAD .\CortexM4\ARM_GCC_541\Debug\cy_sysanalog.o
LOAD .\CortexM4\ARM_GCC_541\Debug\cy_sysclk.o
LOAD .\CortexM4\ARM_GCC_541\Debug\cy_sysint.o
LOAD .\CortexM4\ARM_GCC_541\Debug\cy_syslib.o
LOAD .\CortexM4\ARM_GCC_541\Debug\cy_syslib_gcc.o
LOAD .\CortexM4\ARM_GCC_541\Debug\cy_syspm.o
LOAD .\CortexM4\ARM_GCC_541\Debug\cy_systick.o
LOAD .\CortexM4\ARM_GCC_541\Debug\cy_tcpwm_counter.o
LOAD .\CortexM4\ARM_GCC_541\Debug\cy_tcpwm_pwm.o
LOAD .\CortexM4\ARM_GCC_541\Debug\cy_tcpwm_quaddec.o
LOAD .\CortexM4\ARM_GCC_541\Debug\cy_trigmux.o
LOAD .\CortexM4\ARM_GCC_541\Debug\cy_wdt.o
LOAD .\CortexM4\ARM_GCC_541\Debug\cy_device.o
LOAD .\CortexM4\ARM_GCC_541\Debug\cy_ble.o
LOAD .\CortexM4\ARM_GCC_541\Debug\cy_ble_hal_int.o
LOAD .\CortexM4\ARM_GCC_541\Debug\cy_ble_hal_pvt.o
LOAD .\CortexM4\ARM_GCC_541\Debug\cy_ble_gap.o
LOAD .\CortexM4\ARM_GCC_541\Debug\cy_ble_gatt.o
LOAD .\CortexM4\ARM_GCC_541\Debug\cy_ble_event_handler.o
LOAD .\CortexM4\ARM_GCC_541\Debug\cy_ble_ancs.o
LOAD .\CortexM4\ARM_GCC_541\Debug\cy_ble_ans.o
LOAD .\CortexM4\ARM_GCC_541\Debug\cy_ble_aios.o
LOAD .\CortexM4\ARM_GCC_541\Debug\cy_ble_bas.o
LOAD .\CortexM4\ARM_GCC_541\Debug\cy_ble_bcs.o
LOAD .\CortexM4\ARM_GCC_541\Debug\cy_ble_bls.o
LOAD .\CortexM4\ARM_GCC_541\Debug\cy_ble_bms.o
LOAD .\CortexM4\ARM_GCC_541\Debug\cy_ble_bts.o
LOAD .\CortexM4\ARM_GCC_541\Debug\cy_ble_cgms.o
LOAD .\CortexM4\ARM_GCC_541\Debug\cy_ble_cps.o
LOAD .\CortexM4\ARM_GCC_541\Debug\cy_ble_cscs.o
LOAD .\CortexM4\ARM_GCC_541\Debug\cy_ble_cts.o
LOAD .\CortexM4\ARM_GCC_541\Debug\cy_ble_custom.o
LOAD .\CortexM4\ARM_GCC_541\Debug\cy_ble_dis.o
LOAD .\CortexM4\ARM_GCC_541\Debug\cy_ble_ess.o
LOAD .\CortexM4\ARM_GCC_541\Debug\cy_ble_gls.o
LOAD .\CortexM4\ARM_GCC_541\Debug\cy_ble_hids.o
LOAD .\CortexM4\ARM_GCC_541\Debug\cy_ble_hps.o
LOAD .\CortexM4\ARM_GCC_541\Debug\cy_ble_hrs.o
LOAD .\CortexM4\ARM_GCC_541\Debug\cy_ble_hts.o
LOAD .\CortexM4\ARM_GCC_541\Debug\cy_ble_ias.o
LOAD .\CortexM4\ARM_GCC_541\Debug\cy_ble_ips.o
LOAD .\CortexM4\ARM_GCC_541\Debug\cy_ble_lls.o
LOAD .\CortexM4\ARM_GCC_541\Debug\cy_ble_lns.o
LOAD .\CortexM4\ARM_GCC_541\Debug\cy_ble_ndcs.o
LOAD .\CortexM4\ARM_GCC_541\Debug\cy_ble_plxs.o
LOAD .\CortexM4\ARM_GCC_541\Debug\cy_ble_pass.o
LOAD .\CortexM4\ARM_GCC_541\Debug\cy_ble_rscs.o
LOAD .\CortexM4\ARM_GCC_541\Debug\cy_ble_rtus.o
LOAD .\CortexM4\ARM_GCC_541\Debug\cy_ble_scps.o
LOAD .\CortexM4\ARM_GCC_541\Debug\cy_ble_tps.o
LOAD .\CortexM4\ARM_GCC_541\Debug\cy_ble_uds.o
LOAD .\CortexM4\ARM_GCC_541\Debug\cy_ble_wpts.o
LOAD .\CortexM4\ARM_GCC_541\Debug\cy_ble_wss.o
LOAD .\CortexM4\ARM_GCC_541\Debug\cy_ble_clk.o
END GROUP
START GROUP
LOAD c:/program files (x86)/cypress/psoc creator/4.4/psoc creator/import/gnu/arm/5.4.1/bin/../lib/gcc/arm-none-eabi/5.4.1/armv7e-m/softfp\libgcc.a
LOAD c:/program files (x86)/cypress/psoc creator/4.4/psoc creator/import/gnu/arm/5.4.1/bin/../lib/gcc/arm-none-eabi/5.4.1/../../../../arm-none-eabi/lib/armv7e-m/softfp\libg_nano.a
LOAD c:/program files (x86)/cypress/psoc creator/4.4/psoc creator/import/gnu/arm/5.4.1/bin/../lib/gcc/arm-none-eabi/5.4.1/../../../../arm-none-eabi/lib/armv7e-m/softfp\libc_nano.a
END GROUP
START GROUP
LOAD c:/program files (x86)/cypress/psoc creator/4.4/psoc creator/import/gnu/arm/5.4.1/bin/../lib/gcc/arm-none-eabi/5.4.1/armv7e-m/softfp\libgcc.a
LOAD c:/program files (x86)/cypress/psoc creator/4.4/psoc creator/import/gnu/arm/5.4.1/bin/../lib/gcc/arm-none-eabi/5.4.1/../../../../arm-none-eabi/lib/armv7e-m/softfp\libc_nano.a
END GROUP
LOAD c:/program files (x86)/cypress/psoc creator/4.4/psoc creator/import/gnu/arm/5.4.1/bin/../lib/gcc/arm-none-eabi/5.4.1/armv7e-m/softfp/crtend.o
LOAD c:/program files (x86)/cypress/psoc creator/4.4/psoc creator/import/gnu/arm/5.4.1/bin/../lib/gcc/arm-none-eabi/5.4.1/armv7e-m/softfp/crtn.o
START GROUP
LOAD c:/program files (x86)/cypress/psoc creator/4.4/psoc creator/import/gnu/arm/5.4.1/bin/../lib/gcc/arm-none-eabi/5.4.1/armv7e-m/softfp\libgcc.a
LOAD c:/program files (x86)/cypress/psoc creator/4.4/psoc creator/import/gnu/arm/5.4.1/bin/../lib/gcc/arm-none-eabi/5.4.1/../../../../arm-none-eabi/lib/armv7e-m/softfp\libc.a
LOAD c:/program files (x86)/cypress/psoc creator/4.4/psoc creator/import/gnu/arm/5.4.1/bin/../lib/gcc/arm-none-eabi/5.4.1/../../../../arm-none-eabi/lib/armv7e-m/softfp\libnosys.a
END GROUP
START GROUP
LOAD c:/program files (x86)/cypress/psoc creator/4.4/psoc creator/import/gnu/arm/5.4.1/bin/../lib/gcc/arm-none-eabi/5.4.1/armv7e-m/softfp\libgcc.a
LOAD c:/program files (x86)/cypress/psoc creator/4.4/psoc creator/import/gnu/arm/5.4.1/bin/../lib/gcc/arm-none-eabi/5.4.1/../../../../arm-none-eabi/lib/armv7e-m/softfp\libc.a
LOAD c:/program files (x86)/cypress/psoc creator/4.4/psoc creator/import/gnu/arm/5.4.1/bin/../lib/gcc/arm-none-eabi/5.4.1/../../../../arm-none-eabi/lib/armv7e-m/softfp\libm.a
LOAD c:/program files (x86)/cypress/psoc creator/4.4/psoc creator/import/gnu/arm/5.4.1/bin/../lib/gcc/arm-none-eabi/5.4.1/../../../../arm-none-eabi/lib/armv7e-m/softfp\libnosys.a
END GROUP

.text           0x10080000     0x6ac4
                0x10080000                . = ALIGN (0x4)
                0x10080000                __Vectors = .
 *(.vectors)
 .vectors       0x10080000      0x28c .\CortexM4\ARM_GCC_541\Debug\startup_psoc6_01_cm4.o
                0x1008028c                . = ALIGN (0x4)
                0x1008028c                __Vectors_End = .
                0x0000028c                __Vectors_Size = (__Vectors_End - __Vectors)
                0x1008028c                __end__ = .
                0x1008028c                . = ALIGN (0x4)
 *(.text*)
 .text          0x1008028c       0x5c c:/program files (x86)/cypress/psoc creator/4.4/psoc creator/import/gnu/arm/5.4.1/bin/../lib/gcc/arm-none-eabi/5.4.1/armv7e-m/softfp/crtbegin.o
 .text          0x100802e8       0x84 .\CortexM4\ARM_GCC_541\Debug\startup_psoc6_01_cm4.o
                0x100802e8                Cy_OnResetUser
                0x100802ea                Reset_Handler
                0x1008034c                cpuss_interrupts_ipc_6_IRQHandler
                0x1008034c                DebugMon_Handler
                0x1008034c                tcpwm_1_interrupts_11_IRQHandler
                0x1008034c                cpuss_interrupts_ipc_0_IRQHandler
                0x1008034c                tcpwm_1_interrupts_15_IRQHandler
                0x1008034c                ioss_interrupts_gpio_13_IRQHandler
                0x1008034c                tcpwm_1_interrupts_13_IRQHandler
                0x1008034c                cpuss_interrupts_dw1_8_IRQHandler
                0x1008034c                tcpwm_0_interrupts_0_IRQHandler
                0x1008034c                SysTick_Handler
                0x1008034c                cpuss_interrupt_fm_IRQHandler
                0x1008034c                cpuss_interrupts_ipc_7_IRQHandler
                0x1008034c                tcpwm_1_interrupts_14_IRQHandler
                0x1008034c                cpuss_interrupts_dw0_5_IRQHandler
                0x1008034c                tcpwm_1_interrupts_9_IRQHandler
                0x1008034c                cpuss_interrupts_cm0_cti_1_IRQHandler
                0x1008034c                tcpwm_1_interrupts_22_IRQHandler
                0x1008034c                cpuss_interrupts_dw0_4_IRQHandler
                0x1008034c                PendSV_Handler
                0x1008034c                NMI_Handler
                0x1008034c                cpuss_interrupts_dw1_12_IRQHandler
                0x1008034c                tcpwm_1_interrupts_12_IRQHandler
                0x1008034c                smif_interrupt_IRQHandler
                0x1008034c                tcpwm_1_interrupts_2_IRQHandler
                0x1008034c                cpuss_interrupts_ipc_13_IRQHandler
                0x1008034c                udb_interrupts_11_IRQHandler
                0x1008034c                tcpwm_1_interrupts_18_IRQHandler
                0x1008034c                cpuss_interrupts_dw0_11_IRQHandler
                0x1008034c                tcpwm_0_interrupts_2_IRQHandler
                0x1008034c                cpuss_interrupts_dw0_13_IRQHandler
                0x1008034c                udb_interrupts_2_IRQHandler
                0x1008034c                cpuss_interrupts_dw1_7_IRQHandler
                0x1008034c                ioss_interrupts_gpio_1_IRQHandler
                0x1008034c                ioss_interrupts_gpio_7_IRQHandler
                0x1008034c                scb_5_interrupt_IRQHandler
                0x1008034c                udb_interrupts_6_IRQHandler
                0x1008034c                cpuss_interrupts_fault_1_IRQHandler
                0x1008034c                cpuss_interrupts_ipc_4_IRQHandler
                0x1008034c                cpuss_interrupts_ipc_5_IRQHandler
                0x1008034c                cpuss_interrupts_dw1_10_IRQHandler
                0x1008034c                udb_interrupts_0_IRQHandler
                0x1008034c                tcpwm_1_interrupts_6_IRQHandler
                0x1008034c                scb_4_interrupt_IRQHandler
                0x1008034c                pass_interrupt_dacs_IRQHandler
                0x1008034c                ioss_interrupts_gpio_2_IRQHandler
                0x1008034c                cpuss_interrupts_dw1_9_IRQHandler
                0x1008034c                cpuss_interrupts_dw1_13_IRQHandler
                0x1008034c                scb_2_interrupt_IRQHandler
                0x1008034c                cpuss_interrupts_cm0_cti_0_IRQHandler
                0x1008034c                udb_interrupts_5_IRQHandler
                0x1008034c                srss_interrupt_IRQHandler
                0x1008034c                udb_interrupts_12_IRQHandler
                0x1008034c                scb_0_interrupt_IRQHandler
                0x1008034c                csd_interrupt_IRQHandler
                0x1008034c                udb_interrupts_1_IRQHandler
                0x1008034c                profile_interrupt_IRQHandler
                0x1008034c                tcpwm_1_interrupts_1_IRQHandler
                0x1008034c                cpuss_interrupts_ipc_12_IRQHandler
                0x1008034c                tcpwm_1_interrupts_3_IRQHandler
                0x1008034c                tcpwm_0_interrupts_7_IRQHandler
                0x1008034c                cpuss_interrupts_dw1_1_IRQHandler
                0x1008034c                cpuss_interrupts_dw1_0_IRQHandler
                0x1008034c                cpuss_interrupts_dw0_9_IRQHandler
                0x1008034c                lpcomp_interrupt_IRQHandler
                0x1008034c                tcpwm_1_interrupts_23_IRQHandler
                0x1008034c                udb_interrupts_4_IRQHandler
                0x1008034c                tcpwm_1_interrupts_20_IRQHandler
                0x1008034c                ioss_interrupt_gpio_IRQHandler
                0x1008034c                tcpwm_0_interrupts_1_IRQHandler
                0x1008034c                ioss_interrupts_gpio_8_IRQHandler
                0x1008034c                tcpwm_0_interrupts_6_IRQHandler
                0x1008034c                scb_7_interrupt_IRQHandler
                0x1008034c                tcpwm_1_interrupts_7_IRQHandler
                0x1008034c                cpuss_interrupts_ipc_11_IRQHandler
                0x1008034c                udb_interrupts_13_IRQHandler
                0x1008034c                cpuss_interrupts_dw0_15_IRQHandler
                0x1008034c                udb_interrupts_7_IRQHandler
                0x1008034c                cpuss_interrupts_dw1_6_IRQHandler
                0x1008034c                cpuss_interrupt_crypto_IRQHandler
                0x1008034c                scb_1_interrupt_IRQHandler
                0x1008034c                Default_Handler
                0x1008034c                usb_interrupt_hi_IRQHandler
                0x1008034c                tcpwm_1_interrupts_0_IRQHandler
                0x1008034c                udb_interrupts_9_IRQHandler
                0x1008034c                audioss_interrupt_pdm_IRQHandler
                0x1008034c                srss_interrupt_mcwdt_0_IRQHandler
                0x1008034c                scb_3_interrupt_IRQHandler
                0x1008034c                pass_interrupt_ctbs_IRQHandler
                0x1008034c                udb_interrupts_8_IRQHandler
                0x1008034c                ioss_interrupts_gpio_3_IRQHandler
                0x1008034c                scb_6_interrupt_IRQHandler
                0x1008034c                cpuss_interrupts_cm4_cti_0_IRQHandler
                0x1008034c                cpuss_interrupts_dw1_3_IRQHandler
                0x1008034c                pass_interrupt_sar_IRQHandler
                0x1008034c                ioss_interrupts_gpio_0_IRQHandler
                0x1008034c                ioss_interrupts_gpio_14_IRQHandler
                0x1008034c                tcpwm_0_interrupts_4_IRQHandler
                0x1008034c                udb_interrupts_3_IRQHandler
                0x1008034c                tcpwm_0_interrupts_5_IRQHandler
                0x1008034c                cpuss_interrupts_ipc_15_IRQHandler
                0x1008034c                cpuss_interrupts_cm4_cti_1_IRQHandler
                0x1008034c                scb_8_interrupt_IRQHandler
                0x1008034c                srss_interrupt_mcwdt_1_IRQHandler
                0x1008034c                cpuss_interrupts_dw1_2_IRQHandler
                0x1008034c                SVC_Handler
                0x1008034c                cpuss_interrupts_dw1_5_IRQHandler
                0x1008034c                cpuss_interrupts_ipc_1_IRQHandler
                0x1008034c                cpuss_interrupts_dw0_0_IRQHandler
                0x1008034c                ioss_interrupts_gpio_12_IRQHandler
                0x1008034c                cpuss_interrupts_ipc_3_IRQHandler
                0x1008034c                tcpwm_1_interrupts_17_IRQHandler
                0x1008034c                srss_interrupt_backup_IRQHandler
                0x1008034c                bless_interrupt_IRQHandler
                0x1008034c                cpuss_interrupts_ipc_10_IRQHandler
                0x1008034c                cpuss_interrupts_ipc_9_IRQHandler
                0x1008034c                cpuss_interrupts_dw0_14_IRQHandler
                0x1008034c                tcpwm_1_interrupts_4_IRQHandler
                0x1008034c                tcpwm_0_interrupts_3_IRQHandler
                0x1008034c                cpuss_interrupts_dw1_15_IRQHandler
                0x1008034c                ioss_interrupts_gpio_10_IRQHandler
                0x1008034c                udb_interrupts_10_IRQHandler
                0x1008034c                cpuss_interrupts_dw0_8_IRQHandler
                0x1008034c                ioss_interrupts_gpio_11_IRQHandler
                0x1008034c                cpuss_interrupts_ipc_14_IRQHandler
                0x1008034c                ioss_interrupts_gpio_5_IRQHandler
                0x1008034c                ioss_interrupts_gpio_4_IRQHandler
                0x1008034c                tcpwm_1_interrupts_8_IRQHandler
                0x1008034c                cpuss_interrupts_dw1_14_IRQHandler
                0x1008034c                usb_interrupt_med_IRQHandler
                0x1008034c                cpuss_interrupts_dw0_2_IRQHandler
                0x1008034c                tcpwm_1_interrupts_10_IRQHandler
                0x1008034c                cpuss_interrupts_fault_0_IRQHandler
                0x1008034c                cpuss_interrupts_dw0_12_IRQHandler
                0x1008034c                ioss_interrupts_gpio_6_IRQHandler
                0x1008034c                tcpwm_1_interrupts_21_IRQHandler
                0x1008034c                tcpwm_1_interrupts_16_IRQHandler
                0x1008034c                cpuss_interrupts_dw1_4_IRQHandler
                0x1008034c                udb_interrupts_15_IRQHandler
                0x1008034c                cpuss_interrupts_dw1_11_IRQHandler
                0x1008034c                cpuss_interrupts_dw0_6_IRQHandler
                0x1008034c                ioss_interrupt_vdd_IRQHandler
                0x1008034c                cpuss_interrupts_dw0_7_IRQHandler
                0x1008034c                audioss_interrupt_i2s_IRQHandler
                0x1008034c                tcpwm_1_interrupts_5_IRQHandler
                0x1008034c                cpuss_interrupts_ipc_2_IRQHandler
                0x1008034c                cpuss_interrupts_dw0_10_IRQHandler
                0x1008034c                tcpwm_1_interrupts_19_IRQHandler
                0x1008034c                cpuss_interrupts_dw0_1_IRQHandler
                0x1008034c                ioss_interrupts_gpio_9_IRQHandler
                0x1008034c                usb_interrupt_lo_IRQHandler
                0x1008034c                cpuss_interrupts_ipc_8_IRQHandler
                0x1008034c                udb_interrupts_14_IRQHandler
                0x1008034c                cpuss_interrupts_dw0_3_IRQHandler
                0x10080350                UsageFault_Handler
                0x10080350                HardFault_Handler
                0x10080350                MemManage_Handler
                0x10080350                BusFault_Handler
 .text.WdtInterruptHandler
                0x1008036c       0x38 .\CortexM4\ARM_GCC_541\Debug\main_cm4.o
                0x1008036c                WdtInterruptHandler
 .text.InitializeWDT
                0x100803a4       0x68 .\CortexM4\ARM_GCC_541\Debug\main_cm4.o
                0x100803a4                InitializeWDT
 .text.main     0x1008040c       0x24 .\CortexM4\ARM_GCC_541\Debug\main_cm4.o
                0x1008040c                main
 .text.Cy_SysIpcPipeIsrCm4
                0x10080430        0xc .\CortexM4\ARM_GCC_541\Debug\system_psoc6_cm4.o
                0x10080430                Cy_SysIpcPipeIsrCm4
 .text.Cy_SystemInit
                0x1008043c        0x4 .\CortexM4\ARM_GCC_541\Debug\system_psoc6_cm4.o
                0x1008043c                Cy_SystemInit
 .text.SystemCoreClockUpdate
                0x10080440      0x190 .\CortexM4\ARM_GCC_541\Debug\system_psoc6_cm4.o
                0x10080440                SystemCoreClockUpdate
 .text.SystemInit
                0x100805d0       0x48 .\CortexM4\ARM_GCC_541\Debug\system_psoc6_cm4.o
                0x100805d0                SystemInit
 .text.Cy_SystemInitFpuEnable
                0x10080618       0x28 .\CortexM4\ARM_GCC_541\Debug\system_psoc6_cm4.o
                0x10080618                Cy_SystemInitFpuEnable
 .text.AppCallBack
                0x10080640      0x1fc .\CortexM4\ARM_GCC_541\Debug\host_main.o
                0x10080640                AppCallBack
 .text.HostMain
                0x1008083c       0x80 .\CortexM4\ARM_GCC_541\Debug\host_main.o
                0x1008083c                HostMain
 .text.IasEventHandler
                0x100808bc       0x1c .\CortexM4\ARM_GCC_541\Debug\ias.o
                0x100808bc                IasEventHandler
 .text.IasInit  0x100808d8       0x10 .\CortexM4\ARM_GCC_541\Debug\ias.o
                0x100808d8                IasInit
 .text.IasSetAlertLevel
                0x100808e8        0xc .\CortexM4\ARM_GCC_541\Debug\ias.o
                0x100808e8                IasSetAlertLevel
 .text.IasGetAlertLevel
                0x100808f4        0xc .\CortexM4\ARM_GCC_541\Debug\ias.o
                0x100808f4                IasGetAlertLevel
 .text.ui_timer
                0x10080900       0x7c .\CortexM4\ARM_GCC_541\Debug\user_interface.o
                0x10080900                ui_timer
 .text.ui_draw_splash_screen
                0x1008097c       0x34 .\CortexM4\ARM_GCC_541\Debug\user_interface.o
                0x1008097c                ui_draw_splash_screen
 .text.ui_draw_title
                0x100809b0       0x30 .\CortexM4\ARM_GCC_541\Debug\user_interface.o
                0x100809b0                ui_draw_title
 .text.ui_draw_buttons
                0x100809e0       0xb4 .\CortexM4\ARM_GCC_541\Debug\user_interface.o
                0x100809e0                ui_draw_buttons
 .text.ui_draw_select_window
                0x10080a94       0x7c .\CortexM4\ARM_GCC_541\Debug\user_interface.o
                0x10080a94                ui_draw_select_window
 .text.ui_clear_icon
                0x10080b10       0x24 .\CortexM4\ARM_GCC_541\Debug\user_interface.o
                0x10080b10                ui_clear_icon
 .text.ui_draw_icon_text
                0x10080b34       0x7c .\CortexM4\ARM_GCC_541\Debug\user_interface.o
                0x10080b34                ui_draw_icon_text
 .text.ui_draw_icons
                0x10080bb0       0xf0 .\CortexM4\ARM_GCC_541\Debug\user_interface.o
                0x10080bb0                ui_draw_icons
 .text.ui_draw_diag
                0x10080ca0      0x234 .\CortexM4\ARM_GCC_541\Debug\user_interface.o
                0x10080ca0                ui_draw_diag
 .text.ui_tens_task
                0x10080ed4       0xa0 .\CortexM4\ARM_GCC_541\Debug\user_interface.o
                0x10080ed4                ui_tens_task
 .text.ui_settings_tens_freq
                0x10080f74       0x88 .\CortexM4\ARM_GCC_541\Debug\user_interface.o
                0x10080f74                ui_settings_tens_freq
 .text.ui_settings_tens_dur
                0x10080ffc       0x84 .\CortexM4\ARM_GCC_541\Debug\user_interface.o
                0x10080ffc                ui_settings_tens_dur
 .text.ui_settings_tens_amp
                0x10081080       0xc8 .\CortexM4\ARM_GCC_541\Debug\user_interface.o
                0x10081080                ui_settings_tens_amp
 .text.ui_vibe_task
                0x10081148       0x60 .\CortexM4\ARM_GCC_541\Debug\user_interface.o
                0x10081148                ui_vibe_task
 .text.ui_settings_vibe_amp
                0x100811a8       0x40 .\CortexM4\ARM_GCC_541\Debug\user_interface.o
                0x100811a8                ui_settings_vibe_amp
 .text.ui_settings_temp
                0x100811e8       0x34 .\CortexM4\ARM_GCC_541\Debug\user_interface.o
                0x100811e8                ui_settings_temp
 .text.ui_settings
                0x1008121c       0x3c .\CortexM4\ARM_GCC_541\Debug\user_interface.o
                0x1008121c                ui_settings
 .text.ui_menu_task
                0x10081258      0x198 .\CortexM4\ARM_GCC_541\Debug\user_interface.o
                0x10081258                ui_menu_task
 .text.ui_task  0x100813f0      0x100 .\CortexM4\ARM_GCC_541\Debug\user_interface.o
                0x100813f0                ui_task
 .text.InitUserInterface
                0x100814f0        0xc .\CortexM4\ARM_GCC_541\Debug\user_interface.o
                0x100814f0                InitUserInterface
 .text.UpdateLedState
                0x100814fc       0x18 .\CortexM4\ARM_GCC_541\Debug\user_interface.o
                0x100814fc                UpdateLedState
 .text._delay_ms
                0x10081514        0x8 .\CortexM4\ARM_GCC_541\Debug\st7735.o
                0x10081514                _delay_ms
 .text.pgm_read_byte
                0x1008151c        0x4 .\CortexM4\ARM_GCC_541\Debug\st7735.o
                0x1008151c                pgm_read_byte
 .text.ST7735_Reset
                0x10081520       0x10 .\CortexM4\ARM_GCC_541\Debug\st7735.o
                0x10081520                ST7735_Reset
 .text.ST7735_SPI_Init
                0x10081530       0x24 .\CortexM4\ARM_GCC_541\Debug\st7735.o
                0x10081530                ST7735_SPI_Init
 .text.ST7735_CommandSend
                0x10081554       0x94 .\CortexM4\ARM_GCC_541\Debug\st7735.o
                0x10081554                ST7735_CommandSend
 .text.ST7735_Data8BitsSend
                0x100815e8       0x94 .\CortexM4\ARM_GCC_541\Debug\st7735.o
                0x100815e8                ST7735_Data8BitsSend
 .text.ST7735_Data16BitsSend
                0x1008167c       0xb0 .\CortexM4\ARM_GCC_541\Debug\st7735.o
                0x1008167c                ST7735_Data16BitsSend
 .text.ST7735_SetWindow
                0x1008172c       0x64 .\CortexM4\ARM_GCC_541\Debug\st7735.o
                0x1008172c                ST7735_SetWindow
 .text.ST7735_SendColor565
                0x10081790       0x20 .\CortexM4\ARM_GCC_541\Debug\st7735.o
                0x10081790                ST7735_SendColor565
 .text.ST7735_DrawPixel
                0x100817b0       0x18 .\CortexM4\ARM_GCC_541\Debug\st7735.o
                0x100817b0                ST7735_DrawPixel
 .text.ST7735_RAM_Content_Show
                0x100817c8        0xc .\CortexM4\ARM_GCC_541\Debug\st7735.o
                0x100817c8                ST7735_RAM_Content_Show
 .text.ST7735_ClearScreen
                0x100817d4       0x1c .\CortexM4\ARM_GCC_541\Debug\st7735.o
                0x100817d4                ST7735_ClearScreen
 .text.ST7735_DrawChar
                0x100817f0      0x1a8 .\CortexM4\ARM_GCC_541\Debug\st7735.o
                0x100817f0                ST7735_DrawChar
 .text.ST7735_SetPosition
                0x10081998       0x30 .\CortexM4\ARM_GCC_541\Debug\st7735.o
                0x10081998                ST7735_SetPosition
 .text.ST7735_CheckPosition
                0x100819c8       0x2c .\CortexM4\ARM_GCC_541\Debug\st7735.o
                0x100819c8                ST7735_CheckPosition
 .text.ST7735_DrawString
                0x100819f4       0x50 .\CortexM4\ARM_GCC_541\Debug\st7735.o
                0x100819f4                ST7735_DrawString
 .text.ST7735_DrawLine
                0x10081a44       0xd0 .\CortexM4\ARM_GCC_541\Debug\st7735.o
                0x10081a44                ST7735_DrawLine
 .text.ST7735_DrawRectangle
                0x10081b14       0x40 .\CortexM4\ARM_GCC_541\Debug\st7735.o
                0x10081b14                ST7735_DrawRectangle
 .text.ST7735_DelayMs
                0x10081b54       0x18 .\CortexM4\ARM_GCC_541\Debug\st7735.o
                0x10081b54                ST7735_DelayMs
 .text.ST7735_Commands
                0x10081b6c       0x60 .\CortexM4\ARM_GCC_541\Debug\st7735.o
                0x10081b6c                ST7735_Commands
 .text.ST7735_Init
                0x10081bcc       0x18 .\CortexM4\ARM_GCC_541\Debug\st7735.o
                0x10081bcc                ST7735_Init
 .text.power_timer
                0x10081be4       0x14 .\CortexM4\ARM_GCC_541\Debug\power.o
                0x10081be4                power_timer
 .text.power_flags_update
                0x10081bf8       0x28 .\CortexM4\ARM_GCC_541\Debug\power.o
                0x10081bf8                power_flags_update
 .text.power_init
                0x10081c20       0x34 .\CortexM4\ARM_GCC_541\Debug\power.o
                0x10081c20                power_init
 .text.power_wakeup
                0x10081c54       0x1c .\CortexM4\ARM_GCC_541\Debug\power.o
                0x10081c54                power_wakeup
 .text.power_task
                0x10081c70        0x4 .\CortexM4\ARM_GCC_541\Debug\power.o
                0x10081c70                power_task
 .text.power_i2c_read_reg
                0x10081c74       0x48 .\CortexM4\ARM_GCC_541\Debug\power.o
                0x10081c74                power_i2c_read_reg
 .text.power_get_diag_data
                0x10081cbc       0x18 .\CortexM4\ARM_GCC_541\Debug\power.o
                0x10081cbc                power_get_diag_data
 .text.power_i2c_write_reg
                0x10081cd4       0x24 .\CortexM4\ARM_GCC_541\Debug\power.o
                0x10081cd4                power_i2c_write_reg
 .text.power_5v_on
                0x10081cf8       0x28 .\CortexM4\ARM_GCC_541\Debug\power.o
                0x10081cf8                power_5v_on
 .text.power_5v_off
                0x10081d20       0x28 .\CortexM4\ARM_GCC_541\Debug\power.o
                0x10081d20                power_5v_off
 .text.I2C_SCL_Read
                0x10081d48       0x10 .\CortexM4\ARM_GCC_541\Debug\power.o
                0x10081d48                I2C_SCL_Read
 .text.I2C_SDA_Read
                0x10081d58       0x10 .\CortexM4\ARM_GCC_541\Debug\power.o
                0x10081d58                I2C_SDA_Read
 .text.I2C_SCL_Write
                0x10081d68       0x2c .\CortexM4\ARM_GCC_541\Debug\power.o
                0x10081d68                I2C_SCL_Write
 .text.I2C_SDA_Write
                0x10081d94       0x2c .\CortexM4\ARM_GCC_541\Debug\power.o
                0x10081d94                I2C_SDA_Write
 .text.myI2C_SCLidle
                0x10081dc0       0x24 .\CortexM4\ARM_GCC_541\Debug\my_i2c.o
                0x10081dc0                myI2C_SCLidle
 .text.myI2C_SDAidle
                0x10081de4       0x24 .\CortexM4\ARM_GCC_541\Debug\my_i2c.o
                0x10081de4                myI2C_SDAidle
 .text.myI2C_I2CMasterSendStop
                0x10081e08       0x54 .\CortexM4\ARM_GCC_541\Debug\my_i2c.o
                0x10081e08                myI2C_I2CMasterSendStop
 .text.myI2C_I2CMasterClearStatus
                0x10081e5c       0x20 .\CortexM4\ARM_GCC_541\Debug\my_i2c.o
                0x10081e5c                myI2C_I2CMasterClearStatus
 .text.myI2C_I2CMasterWriteByte
                0x10081e7c       0x70 .\CortexM4\ARM_GCC_541\Debug\my_i2c.o
                0x10081e7c                myI2C_I2CMasterWriteByte
 .text.myI2C_I2CMasterSendRestart
                0x10081eec       0xac .\CortexM4\ARM_GCC_541\Debug\my_i2c.o
                0x10081eec                myI2C_I2CMasterSendRestart
 .text.myI2C_I2CMasterSendStart
                0x10081f98       0x18 .\CortexM4\ARM_GCC_541\Debug\my_i2c.o
                0x10081f98                myI2C_I2CMasterSendStart
 .text.myI2C_I2CMasterReadByte
                0x10081fb0       0x6c .\CortexM4\ARM_GCC_541\Debug\my_i2c.o
                0x10081fb0                myI2C_I2CMasterReadByte
 .text.set_temp
                0x1008201c       0xcc .\CortexM4\ARM_GCC_541\Debug\temp.o
                0x1008201c                set_temp
 .text.set_tens_amp
                0x100820e8       0xb0 .\CortexM4\ARM_GCC_541\Debug\tens.o
                0x100820e8                set_tens_amp
 .text.MY_UART_PIN_Write
                0x10082198       0x2c .\CortexM4\ARM_GCC_541\Debug\myUART.o
                0x10082198                MY_UART_PIN_Write
 .text.myUART_PutChar
                0x100821c4       0x38 .\CortexM4\ARM_GCC_541\Debug\myUART.o
                0x100821c4                myUART_PutChar
 .text.change   0x100821fc        0xc .\CortexM4\ARM_GCC_541\Debug\myprintf.o
 .text.iputc    0x10082208        0x8 .\CortexM4\ARM_GCC_541\Debug\myprintf.o
 .text.myprintf
                0x10082210      0x154 .\CortexM4\ARM_GCC_541\Debug\myprintf.o
                0x10082210                myprintf
 .text.Cy_BLE_Start
                0x10082364       0x38 .\CortexM4\ARM_GCC_541\Debug\BLE.o
                0x10082364                Cy_BLE_Start
 .text.Cy_BLE_Stop
                0x1008239c        0x8 .\CortexM4\ARM_GCC_541\Debug\BLE.o
                0x1008239c                Cy_BLE_Stop
 .text.PWM_TENS2_Start
                0x100823a4       0x30 .\CortexM4\ARM_GCC_541\Debug\PWM_TENS2.o
                0x100823a4                PWM_TENS2_Start
 .text.PWM_TENS_Start
                0x100823d4       0x30 .\CortexM4\ARM_GCC_541\Debug\PWM_TENS.o
                0x100823d4                PWM_TENS_Start
 .text.PWM_FAN_Start
                0x10082404       0x30 .\CortexM4\ARM_GCC_541\Debug\PWM_FAN.o
                0x10082404                PWM_FAN_Start
 .text.LCD_PWM_Start
                0x10082434       0x30 .\CortexM4\ARM_GCC_541\Debug\LCD_PWM.o
                0x10082434                LCD_PWM_Start
 .text.PWM_PEL1_Start
                0x10082464       0x30 .\CortexM4\ARM_GCC_541\Debug\PWM_PEL1.o
                0x10082464                PWM_PEL1_Start
 .text.PWM_PEL2_Start
                0x10082494       0x30 .\CortexM4\ARM_GCC_541\Debug\PWM_PEL2.o
                0x10082494                PWM_PEL2_Start
 .text.Cy_Flash_ProcessOpcode
                0x100824c4       0xac .\CortexM4\ARM_GCC_541\Debug\cy_flash.o
 .text.Cy_Flash_OperationStatus
                0x10082570       0x5c .\CortexM4\ARM_GCC_541\Debug\cy_flash.o
 .text.Cy_Flash_InitExt
                0x100825cc       0x80 .\CortexM4\ARM_GCC_541\Debug\cy_flash.o
                0x100825cc                Cy_Flash_InitExt
 .text.Cy_Flash_Init
                0x1008264c       0x10 .\CortexM4\ARM_GCC_541\Debug\cy_flash.o
                0x1008264c                Cy_Flash_Init
 .text.Cy_IPC_Drv_LockRelease
                0x1008265c       0x3c .\CortexM4\ARM_GCC_541\Debug\cy_ipc_drv.o
                0x1008265c                Cy_IPC_Drv_LockRelease
 .text.Cy_IPC_Drv_SendMsgWord
                0x10082698       0x3c .\CortexM4\ARM_GCC_541\Debug\cy_ipc_drv.o
                0x10082698                Cy_IPC_Drv_SendMsgWord
 .text.Cy_IPC_Drv_ReadMsgWord
                0x100826d4       0x38 .\CortexM4\ARM_GCC_541\Debug\cy_ipc_drv.o
                0x100826d4                Cy_IPC_Drv_ReadMsgWord
 .text.Cy_IPC_Sema_InitExt
                0x1008270c       0xac .\CortexM4\ARM_GCC_541\Debug\cy_ipc_sema.o
                0x1008270c                Cy_IPC_Sema_InitExt
 .text.Cy_IPC_Sema_Init
                0x100827b8       0x64 .\CortexM4\ARM_GCC_541\Debug\cy_ipc_sema.o
                0x100827b8                Cy_IPC_Sema_Init
 .text.Cy_IPC_Sema_Clear
                0x1008281c       0x88 .\CortexM4\ARM_GCC_541\Debug\cy_ipc_sema.o
                0x1008281c                Cy_IPC_Sema_Clear
 .text.Cy_IPC_Sema_Status
                0x100828a4       0x40 .\CortexM4\ARM_GCC_541\Debug\cy_ipc_sema.o
                0x100828a4                Cy_IPC_Sema_Status
 .text.Cy_IPC_Pipe_Config
                0x100828e4       0x10 .\CortexM4\ARM_GCC_541\Debug\cy_ipc_pipe.o
                0x100828e4                Cy_IPC_Pipe_Config
 .text.Cy_IPC_Pipe_EndpointInit
                0x100828f4       0xd0 .\CortexM4\ARM_GCC_541\Debug\cy_ipc_pipe.o
                0x100828f4                Cy_IPC_Pipe_EndpointInit
 .text.Cy_IPC_Pipe_Init
                0x100829c4       0xb4 .\CortexM4\ARM_GCC_541\Debug\cy_ipc_pipe.o
                0x100829c4                Cy_IPC_Pipe_Init
 .text.Cy_IPC_Pipe_SendMessage
                0x10082a78       0xa4 .\CortexM4\ARM_GCC_541\Debug\cy_ipc_pipe.o
                0x10082a78                Cy_IPC_Pipe_SendMessage
 .text.Cy_IPC_Pipe_RegisterCallback
                0x10082b1c       0x50 .\CortexM4\ARM_GCC_541\Debug\cy_ipc_pipe.o
                0x10082b1c                Cy_IPC_Pipe_RegisterCallback
 .text.Cy_IPC_Pipe_RegisterCallbackRel
                0x10082b6c       0x2c .\CortexM4\ARM_GCC_541\Debug\cy_ipc_pipe.o
                0x10082b6c                Cy_IPC_Pipe_RegisterCallbackRel
 .text.Cy_IPC_Pipe_ExecCallback
                0x10082b98       0xbc .\CortexM4\ARM_GCC_541\Debug\cy_ipc_pipe.o
                0x10082b98                Cy_IPC_Pipe_ExecCallback
 .text.Cy_IPC_Pipe_ExecuteCallback
                0x10082c54       0x2c .\CortexM4\ARM_GCC_541\Debug\cy_ipc_pipe.o
                0x10082c54                Cy_IPC_Pipe_ExecuteCallback
 .text.Cy_IPC_Pipe_EndpointPause
                0x10082c80       0x54 .\CortexM4\ARM_GCC_541\Debug\cy_ipc_pipe.o
                0x10082c80                Cy_IPC_Pipe_EndpointPause
 .text.Cy_IPC_Pipe_EndpointResume
                0x10082cd4       0x48 .\CortexM4\ARM_GCC_541\Debug\cy_ipc_pipe.o
                0x10082cd4                Cy_IPC_Pipe_EndpointResume
 .text.Cy_SCB_Write
                0x10082d1c       0x28 .\CortexM4\ARM_GCC_541\Debug\cy_scb_common.o
                0x10082d1c                Cy_SCB_Write
 .text.Cy_SCB_WriteArrayNoCheck
                0x10082d44       0x38 .\CortexM4\ARM_GCC_541\Debug\cy_scb_common.o
                0x10082d44                Cy_SCB_WriteArrayNoCheck
 .text.Cy_SCB_WriteArray
                0x10082d7c       0x2c .\CortexM4\ARM_GCC_541\Debug\cy_scb_common.o
                0x10082d7c                Cy_SCB_WriteArray
 .text.Cy_SCB_SPI_Init
                0x10082da8      0x268 .\CortexM4\ARM_GCC_541\Debug\cy_scb_spi.o
                0x10082da8                Cy_SCB_SPI_Init
 .text.Cy_SysInt_SetVector
                0x10083010       0x48 .\CortexM4\ARM_GCC_541\Debug\cy_sysint.o
                0x10083010                Cy_SysInt_SetVector
 .text.Cy_SysInt_Init
                0x10083058       0x74 .\CortexM4\ARM_GCC_541\Debug\cy_sysint.o
                0x10083058                Cy_SysInt_Init
 .text.Cy_SysLib_Delay
                0x100830cc       0x30 .\CortexM4\ARM_GCC_541\Debug\cy_syslib.o
                0x100830cc                Cy_SysLib_Delay
 .text.Cy_SysLib_DelayUs
                0x100830fc       0x14 .\CortexM4\ARM_GCC_541\Debug\cy_syslib.o
                0x100830fc                Cy_SysLib_DelayUs
 .text.Cy_SysLib_Halt
                0x10083110        0x4 .\CortexM4\ARM_GCC_541\Debug\cy_syslib.o
                0x10083110                Cy_SysLib_Halt
 .text.Cy_SysLib_AssertFailed
                0x10083114       0x1c .\CortexM4\ARM_GCC_541\Debug\cy_syslib.o
                0x10083114                Cy_SysLib_AssertFailed
 .text.Cy_SysLib_ProcessingFault
                0x10083130        0x4 .\CortexM4\ARM_GCC_541\Debug\cy_syslib.o
                0x10083130                Cy_SysLib_ProcessingFault
 .text.Cy_SysLib_FaultHandler
                0x10083134       0xa4 .\CortexM4\ARM_GCC_541\Debug\cy_syslib.o
                0x10083134                Cy_SysLib_FaultHandler
 .text          0x100831d8       0x20 .\CortexM4\ARM_GCC_541\Debug\cy_syslib_gcc.o
                0x100831d8                Cy_SysLib_DelayCycles
                0x100831ea                Cy_SysLib_EnterCriticalSection
                0x100831f2                Cy_SysLib_ExitCriticalSection
 .text.Cy_SysPm_SetHibernateWakeupSource
                0x100831f8       0x68 .\CortexM4\ARM_GCC_541\Debug\cy_syspm.o
                0x100831f8                Cy_SysPm_SetHibernateWakeupSource
 .text.Cy_SysPm_RegisterCallback
                0x10083260       0x5c .\CortexM4\ARM_GCC_541\Debug\cy_syspm.o
                0x10083260                Cy_SysPm_RegisterCallback
 .text.Cy_SysPm_UnregisterCallback
                0x100832bc       0x68 .\CortexM4\ARM_GCC_541\Debug\cy_syspm.o
                0x100832bc                Cy_SysPm_UnregisterCallback
 .text.Cy_SysPm_IoUnfreeze
                0x10083324       0x2c .\CortexM4\ARM_GCC_541\Debug\cy_syspm.o
                0x10083324                Cy_SysPm_IoUnfreeze
 .text.Cy_TCPWM_PWM_Init
                0x10083350      0x16c .\CortexM4\ARM_GCC_541\Debug\cy_tcpwm_pwm.o
                0x10083350                Cy_TCPWM_PWM_Init
 .text.Cy_WDT_Locked
                0x100834bc       0x14 .\CortexM4\ARM_GCC_541\Debug\cy_wdt.o
 .text.Cy_WDT_Lock
                0x100834d0       0x14 .\CortexM4\ARM_GCC_541\Debug\cy_wdt.o
                0x100834d0                Cy_WDT_Lock
 .text.Cy_WDT_Unlock
                0x100834e4       0x24 .\CortexM4\ARM_GCC_541\Debug\cy_wdt.o
                0x100834e4                Cy_WDT_Unlock
 .text.Cy_WDT_SetMatch
                0x10083508       0x34 .\CortexM4\ARM_GCC_541\Debug\cy_wdt.o
                0x10083508                Cy_WDT_SetMatch
 .text.Cy_WDT_SetIgnoreBits
                0x1008353c       0x38 .\CortexM4\ARM_GCC_541\Debug\cy_wdt.o
                0x1008353c                Cy_WDT_SetIgnoreBits
 .text.Cy_WDT_ClearInterrupt
                0x10083574       0x14 .\CortexM4\ARM_GCC_541\Debug\cy_wdt.o
                0x10083574                Cy_WDT_ClearInterrupt
 .text.Cy_PDL_Init
                0x10083588        0xc .\CortexM4\ARM_GCC_541\Debug\cy_device.o
                0x10083588                Cy_PDL_Init
 .text.Cy_BLE_DeepSleepCallback
                0x10083594       0x88 .\CortexM4\ARM_GCC_541\Debug\cy_ble.o
                0x10083594                Cy_BLE_DeepSleepCallback
 .text.Cy_BLE_SleepCallback
                0x1008361c       0x64 .\CortexM4\ARM_GCC_541\Debug\cy_ble.o
                0x1008361c                Cy_BLE_SleepCallback
 .text.Cy_BLE_UnregisterHostPMCallbacks
                0x10083680       0x18 .\CortexM4\ARM_GCC_541\Debug\cy_ble.o
                0x10083680                Cy_BLE_UnregisterHostPMCallbacks
 .text.Cy_BLE_Init
                0x10083698       0x44 .\CortexM4\ARM_GCC_541\Debug\cy_ble.o
                0x10083698                Cy_BLE_Init
 .text.Cy_BLE_Enable
                0x100836dc      0x118 .\CortexM4\ARM_GCC_541\Debug\cy_ble.o
                0x100836dc                Cy_BLE_Enable
 .text.Cy_BLE_Disable
                0x100837f4        0x8 .\CortexM4\ARM_GCC_541\Debug\cy_ble.o
                0x100837f4                Cy_BLE_Disable
 .text.Cy_BLE_IPC_HostMsgFlushRecvCallBack
                0x100837fc       0x1c .\CortexM4\ARM_GCC_541\Debug\cy_ble_hal_pvt.o
 .text.Cy_BLE_IPC_HostMsgRecvCallBack
                0x10083818       0x1c .\CortexM4\ARM_GCC_541\Debug\cy_ble_hal_pvt.o
 .text.Cy_BLE_HAL_BlockCalcCRC8
                0x10083834       0x34 .\CortexM4\ARM_GCC_541\Debug\cy_ble_hal_pvt.o
                0x10083834                Cy_BLE_HAL_BlockCalcCRC8
 .text.Cy_BLE_HAL_EnterCriticalSection
                0x10083868        0x8 .\CortexM4\ARM_GCC_541\Debug\cy_ble_hal_pvt.o
                0x10083868                Cy_BLE_HAL_EnterCriticalSection
 .text.Cy_BLE_HAL_ExitCriticalSection
                0x10083870        0x8 .\CortexM4\ARM_GCC_541\Debug\cy_ble_hal_pvt.o
                0x10083870                Cy_BLE_HAL_ExitCriticalSection
 .text.Cy_BLE_HAL_EnableHostIpcPipeInterrupt
                0x10083878        0xc .\CortexM4\ARM_GCC_541\Debug\cy_ble_hal_pvt.o
                0x10083878                Cy_BLE_HAL_EnableHostIpcPipeInterrupt
 .text.Cy_BLE_HAL_DisableHostIpcPipeInterrupt
                0x10083884        0xc .\CortexM4\ARM_GCC_541\Debug\cy_ble_hal_pvt.o
                0x10083884                Cy_BLE_HAL_DisableHostIpcPipeInterrupt
 .text.Cy_BLE_IPC_HostRegisterClientCallbacks
                0x10083890       0x34 .\CortexM4\ARM_GCC_541\Debug\cy_ble_hal_pvt.o
                0x10083890                Cy_BLE_IPC_HostRegisterClientCallbacks
 .text.Cy_BLE_IPC_SendMessageToController
                0x100838c4       0x20 .\CortexM4\ARM_GCC_541\Debug\cy_ble_hal_pvt.o
                0x100838c4                Cy_BLE_IPC_SendMessageToController
 .text.Cy_BLE_HAL_EccHeapInit
                0x100838e4        0x4 .\CortexM4\ARM_GCC_541\Debug\cy_ble_hal_pvt.o
                0x100838e4                Cy_BLE_HAL_EccHeapInit
 .text.Cy_BLE_HAL_EccHeapDeInit
                0x100838e8        0x4 .\CortexM4\ARM_GCC_541\Debug\cy_ble_hal_pvt.o
                0x100838e8                Cy_BLE_HAL_EccHeapDeInit
 .text.Cy_BLE_HAL_EccGetFeatureHeapReq
                0x100838ec        0x4 .\CortexM4\ARM_GCC_541\Debug\cy_ble_hal_pvt.o
                0x100838ec                Cy_BLE_HAL_EccGetFeatureHeapReq
 .text.Cy_BLE_HAL_PairingLocalPublicKeyHandler
                0x100838f0        0x8 .\CortexM4\ARM_GCC_541\Debug\cy_ble_hal_pvt.o
                0x100838f0                Cy_BLE_HAL_PairingLocalPublicKeyHandler
 .text.Cy_BLE_HAL_PairingRemoteKeyHandler
                0x100838f8        0x8 .\CortexM4\ARM_GCC_541\Debug\cy_ble_hal_pvt.o
                0x100838f8                Cy_BLE_HAL_PairingRemoteKeyHandler
 .text.Cy_BLE_HAL_PairingDhkeyHandler
                0x10083900        0x8 .\CortexM4\ARM_GCC_541\Debug\cy_ble_hal_pvt.o
                0x10083900                Cy_BLE_HAL_PairingDhkeyHandler
 .text.Cy_BLE_HAL_PairingDhkeyCheckHandler
                0x10083908        0x8 .\CortexM4\ARM_GCC_541\Debug\cy_ble_hal_pvt.o
                0x10083908                Cy_BLE_HAL_PairingDhkeyCheckHandler
 .text.Cy_BLE_HAL_PairingKeypressNotificationHandler
                0x10083910        0x8 .\CortexM4\ARM_GCC_541\Debug\cy_ble_hal_pvt.o
                0x10083910                Cy_BLE_HAL_PairingKeypressNotificationHandler
 .text.Cy_BLE_HAL_PairingRandHandler
                0x10083918        0x8 .\CortexM4\ARM_GCC_541\Debug\cy_ble_hal_pvt.o
                0x10083918                Cy_BLE_HAL_PairingRandHandler
 .text.Cy_BLE_HAL_PairingConfirmHandler
                0x10083920        0x8 .\CortexM4\ARM_GCC_541\Debug\cy_ble_hal_pvt.o
                0x10083920                Cy_BLE_HAL_PairingConfirmHandler
 .text.Cy_BLE_HAL_PairingLrConfirmingHandler
                0x10083928        0x8 .\CortexM4\ARM_GCC_541\Debug\cy_ble_hal_pvt.o
                0x10083928                Cy_BLE_HAL_PairingLrConfirmingHandler
 .text.Cy_BLE_HAL_PairingScTbxLocalPubkeyGenerateComplete
                0x10083930        0x8 .\CortexM4\ARM_GCC_541\Debug\cy_ble_hal_pvt.o
                0x10083930                Cy_BLE_HAL_PairingScTbxLocalPubkeyGenerateComplete
 .text.Cy_BLE_HAL_PairingScTbxGenerateLocalP256PublicKey
                0x10083938        0x8 .\CortexM4\ARM_GCC_541\Debug\cy_ble_hal_pvt.o
                0x10083938                Cy_BLE_HAL_PairingScTbxGenerateLocalP256PublicKey
 .text.Cy_BLE_HAL_SeSmpScUserPasskeyHandler
                0x10083940        0x8 .\CortexM4\ARM_GCC_541\Debug\cy_ble_hal_pvt.o
                0x10083940                Cy_BLE_HAL_SeSmpScUserPasskeyHandler
 .text.Cy_BLE_HAL_EccPointMult
                0x10083948        0x4 .\CortexM4\ARM_GCC_541\Debug\cy_ble_hal_pvt.o
                0x10083948                Cy_BLE_HAL_EccPointMult
 .text.Cy_BLE_ServiceInit
                0x1008394c       0x24 .\CortexM4\ARM_GCC_541\Debug\cy_ble_gap.o
                0x1008394c                Cy_BLE_ServiceInit
 .text.Cy_BLE_GAPP_StartAdvertisement
                0x10083970      0x120 .\CortexM4\ARM_GCC_541\Debug\cy_ble_gap.o
                0x10083970                Cy_BLE_GAPP_StartAdvertisement
 .text.Cy_BLE_ChangeAdDeviceAddress
                0x10083a90       0x5c .\CortexM4\ARM_GCC_541\Debug\cy_ble_gap.o
                0x10083a90                Cy_BLE_ChangeAdDeviceAddress
 .text.Cy_BLE_GATTS_WriteAttributeValueCCCD
                0x10083aec       0x50 .\CortexM4\ARM_GCC_541\Debug\cy_ble_gatt.o
                0x10083aec                Cy_BLE_GATTS_WriteAttributeValueCCCD
 .text.Cy_BLE_GATTS_WriteEventHandler
                0x10083b3c       0x84 .\CortexM4\ARM_GCC_541\Debug\cy_ble_gatt.o
                0x10083b3c                Cy_BLE_GATTS_WriteEventHandler
 .text.Cy_BLE_GATTS_ReadAttributeValueCCCDReqHandler
                0x10083bc0       0x58 .\CortexM4\ARM_GCC_541\Debug\cy_ble_gatt.o
                0x10083bc0                Cy_BLE_GATTS_ReadAttributeValueCCCDReqHandler
 .text.Cy_BLE_SendWriteResponse
                0x10083c18       0x44 .\CortexM4\ARM_GCC_541\Debug\cy_ble_event_handler.o
 .text.Cy_BLE_RegisterServiceEventHandler
                0x10083c5c       0x60 .\CortexM4\ARM_GCC_541\Debug\cy_ble_event_handler.o
                0x10083c5c                Cy_BLE_RegisterServiceEventHandler
 .text.Cy_BLE_InvokeServiceEventHandler
                0x10083cbc       0x38 .\CortexM4\ARM_GCC_541\Debug\cy_ble_event_handler.o
                0x10083cbc                Cy_BLE_InvokeServiceEventHandler
 .text.Cy_BLE_IsDeviceAddressValid
                0x10083cf4       0x20 .\CortexM4\ARM_GCC_541\Debug\cy_ble_event_handler.o
                0x10083cf4                Cy_BLE_IsDeviceAddressValid
 .text.Cy_BLE_EventHandler
                0x10083d14      0x634 .\CortexM4\ARM_GCC_541\Debug\cy_ble_event_handler.o
                0x10083d14                Cy_BLE_EventHandler
 .text.Cy_BLE_BASS_WriteEventHandler
                0x10084348       0xc4 .\CortexM4\ARM_GCC_541\Debug\cy_ble_bas.o
 .text.Cy_BLE_BAS_EventHandler
                0x1008440c       0x24 .\CortexM4\ARM_GCC_541\Debug\cy_ble_bas.o
 .text.Cy_BLE_BAS_Init
                0x10084430       0x2c .\CortexM4\ARM_GCC_541\Debug\cy_ble_bas.o
                0x10084430                Cy_BLE_BAS_Init
 .text.Cy_BLE_CUSTOM_EventHandler
                0x1008445c        0x4 .\CortexM4\ARM_GCC_541\Debug\cy_ble_custom.o
 .text.Cy_BLE_CUSTOM_Init
                0x10084460       0x20 .\CortexM4\ARM_GCC_541\Debug\cy_ble_custom.o
                0x10084460                Cy_BLE_CUSTOM_Init
 .text.Cy_BLE_IASS_WriteCmdEventHandler
                0x10084480       0x80 .\CortexM4\ARM_GCC_541\Debug\cy_ble_ias.o
 .text.Cy_BLE_IASS_DisconnectEventHandler
                0x10084500       0x3c .\CortexM4\ARM_GCC_541\Debug\cy_ble_ias.o
 .text.Cy_BLE_IAS_EventHandler
                0x1008453c       0x30 .\CortexM4\ARM_GCC_541\Debug\cy_ble_ias.o
 .text.Cy_BLE_IAS_Init
                0x1008456c       0x2c .\CortexM4\ARM_GCC_541\Debug\cy_ble_ias.o
                0x1008456c                Cy_BLE_IAS_Init
 .text.Cy_BLE_IAS_RegisterAttrCallback
                0x10084598       0x1c .\CortexM4\ARM_GCC_541\Debug\cy_ble_ias.o
                0x10084598                Cy_BLE_IAS_RegisterAttrCallback
 .text.atoi     0x100845b4        0x8 c:/program files (x86)/cypress/psoc creator/4.4/psoc creator/import/gnu/arm/5.4.1/bin/../lib/gcc/arm-none-eabi/5.4.1/../../../../arm-none-eabi/lib/armv7e-m/softfp\libg_nano.a(lib_a-atoi.o)
                0x100845b4                atoi
 .text.memcmp   0x100845bc       0x1e c:/program files (x86)/cypress/psoc creator/4.4/psoc creator/import/gnu/arm/5.4.1/bin/../lib/gcc/arm-none-eabi/5.4.1/../../../../arm-none-eabi/lib/armv7e-m/softfp\libg_nano.a(lib_a-memcmp.o)
                0x100845bc                memcmp
 .text.memcpy   0x100845da       0x16 c:/program files (x86)/cypress/psoc creator/4.4/psoc creator/import/gnu/arm/5.4.1/bin/../lib/gcc/arm-none-eabi/5.4.1/../../../../arm-none-eabi/lib/armv7e-m/softfp\libg_nano.a(lib_a-memcpy-stub.o)
                0x100845da                memcpy
 .text.memset   0x100845f0       0x10 c:/program files (x86)/cypress/psoc creator/4.4/psoc creator/import/gnu/arm/5.4.1/bin/../lib/gcc/arm-none-eabi/5.4.1/../../../../arm-none-eabi/lib/armv7e-m/softfp\libg_nano.a(lib_a-memset.o)
                0x100845f0                memset
 .text.sprintf  0x10084600       0x48 c:/program files (x86)/cypress/psoc creator/4.4/psoc creator/import/gnu/arm/5.4.1/bin/../lib/gcc/arm-none-eabi/5.4.1/../../../../arm-none-eabi/lib/armv7e-m/softfp\libg_nano.a(lib_a-sprintf.o)
                0x10084600                siprintf
                0x10084600                sprintf
 .text.strcpy   0x10084648       0x10 c:/program files (x86)/cypress/psoc creator/4.4/psoc creator/import/gnu/arm/5.4.1/bin/../lib/gcc/arm-none-eabi/5.4.1/../../../../arm-none-eabi/lib/armv7e-m/softfp\libg_nano.a(lib_a-strcpy.o)
                0x10084648                strcpy
 .text          0x10084658       0x10 c:/program files (x86)/cypress/psoc creator/4.4/psoc creator/import/gnu/arm/5.4.1/bin/../lib/gcc/arm-none-eabi/5.4.1/../../../../arm-none-eabi/lib/armv7e-m/softfp\libg_nano.a(lib_a-strlen.o)
                0x10084658                strlen
 .text.strncpy  0x10084668       0x26 c:/program files (x86)/cypress/psoc creator/4.4/psoc creator/import/gnu/arm/5.4.1/bin/../lib/gcc/arm-none-eabi/5.4.1/../../../../arm-none-eabi/lib/armv7e-m/softfp\libg_nano.a(lib_a-strncpy.o)
                0x10084668                strncpy
 *fill*         0x1008468e        0x2 
 .text.strtok   0x10084690       0x64 c:/program files (x86)/cypress/psoc creator/4.4/psoc creator/import/gnu/arm/5.4.1/bin/../lib/gcc/arm-none-eabi/5.4.1/../../../../arm-none-eabi/lib/armv7e-m/softfp\libg_nano.a(lib_a-strtok.o)
                0x10084690                strtok
 .text.__strtok_r
                0x100846f4       0x56 c:/program files (x86)/cypress/psoc creator/4.4/psoc creator/import/gnu/arm/5.4.1/bin/../lib/gcc/arm-none-eabi/5.4.1/../../../../arm-none-eabi/lib/armv7e-m/softfp\libg_nano.a(lib_a-strtok_r.o)
                0x100846f4                __strtok_r
 *fill*         0x1008474a        0x2 
 .text._strtol_r
                0x1008474c      0x10c c:/program files (x86)/cypress/psoc creator/4.4/psoc creator/import/gnu/arm/5.4.1/bin/../lib/gcc/arm-none-eabi/5.4.1/../../../../arm-none-eabi/lib/armv7e-m/softfp\libg_nano.a(lib_a-strtol.o)
                0x1008474c                _strtol_r
 .text.strtol   0x10084858       0x14 c:/program files (x86)/cypress/psoc creator/4.4/psoc creator/import/gnu/arm/5.4.1/bin/../lib/gcc/arm-none-eabi/5.4.1/../../../../arm-none-eabi/lib/armv7e-m/softfp\libg_nano.a(lib_a-strtol.o)
                0x10084858                strtol
 .text.malloc   0x1008486c       0x10 c:/program files (x86)/cypress/psoc creator/4.4/psoc creator/import/gnu/arm/5.4.1/bin/../lib/gcc/arm-none-eabi/5.4.1/../../../../arm-none-eabi/lib/armv7e-m/softfp\libg_nano.a(lib_a-malloc.o)
                0x1008486c                malloc
 .text._free_r  0x1008487c       0x9c c:/program files (x86)/cypress/psoc creator/4.4/psoc creator/import/gnu/arm/5.4.1/bin/../lib/gcc/arm-none-eabi/5.4.1/../../../../arm-none-eabi/lib/armv7e-m/softfp\libg_nano.a(lib_a-nano-freer.o)
                0x1008487c                _free_r
 .text._malloc_r
                0x10084918       0xbc c:/program files (x86)/cypress/psoc creator/4.4/psoc creator/import/gnu/arm/5.4.1/bin/../lib/gcc/arm-none-eabi/5.4.1/../../../../arm-none-eabi/lib/armv7e-m/softfp\libg_nano.a(lib_a-nano-mallocr.o)
                0x10084918                _malloc_r
 .text.__ssputs_r
                0x100849d4       0xb2 c:/program files (x86)/cypress/psoc creator/4.4/psoc creator/import/gnu/arm/5.4.1/bin/../lib/gcc/arm-none-eabi/5.4.1/../../../../arm-none-eabi/lib/armv7e-m/softfp\libg_nano.a(lib_a-nano-svfprintf.o)
                0x100849d4                __ssputs_r
 *fill*         0x10084a86        0x2 
 .text._svfprintf_r
                0x10084a88      0x1e8 c:/program files (x86)/cypress/psoc creator/4.4/psoc creator/import/gnu/arm/5.4.1/bin/../lib/gcc/arm-none-eabi/5.4.1/../../../../arm-none-eabi/lib/armv7e-m/softfp\libg_nano.a(lib_a-nano-svfprintf.o)
                0x10084a88                _svfiprintf_r
                0x10084a88                _svfprintf_r
 .text._printf_common
                0x10084c70       0xec c:/program files (x86)/cypress/psoc creator/4.4/psoc creator/import/gnu/arm/5.4.1/bin/../lib/gcc/arm-none-eabi/5.4.1/../../../../arm-none-eabi/lib/armv7e-m/softfp\libg_nano.a(lib_a-nano-vfprintf_i.o)
                0x10084c70                _printf_common
 .text._printf_i
                0x10084d5c      0x24c c:/program files (x86)/cypress/psoc creator/4.4/psoc creator/import/gnu/arm/5.4.1/bin/../lib/gcc/arm-none-eabi/5.4.1/../../../../arm-none-eabi/lib/armv7e-m/softfp\libg_nano.a(lib_a-nano-vfprintf_i.o)
                0x10084d5c                _printf_i
 .text._sbrk_r  0x10084fa8       0x20 c:/program files (x86)/cypress/psoc creator/4.4/psoc creator/import/gnu/arm/5.4.1/bin/../lib/gcc/arm-none-eabi/5.4.1/../../../../arm-none-eabi/lib/armv7e-m/softfp\libg_nano.a(lib_a-sbrkr.o)
                0x10084fa8                _sbrk_r
 *fill*         0x10084fc8        0x8 
 .text          0x10084fd0       0xa0 c:/program files (x86)/cypress/psoc creator/4.4/psoc creator/import/gnu/arm/5.4.1/bin/../lib/gcc/arm-none-eabi/5.4.1/../../../../arm-none-eabi/lib/armv7e-m/softfp\libg_nano.a(lib_a-memchr.o)
                0x10084fd0                memchr
 .text.memmove  0x10085070       0x36 c:/program files (x86)/cypress/psoc creator/4.4/psoc creator/import/gnu/arm/5.4.1/bin/../lib/gcc/arm-none-eabi/5.4.1/../../../../arm-none-eabi/lib/armv7e-m/softfp\libg_nano.a(lib_a-memmove.o)
                0x10085070                memmove
 .text.__malloc_lock
                0x100850a6        0x2 c:/program files (x86)/cypress/psoc creator/4.4/psoc creator/import/gnu/arm/5.4.1/bin/../lib/gcc/arm-none-eabi/5.4.1/../../../../arm-none-eabi/lib/armv7e-m/softfp\libg_nano.a(lib_a-mlock.o)
                0x100850a6                __malloc_lock
 .text.__malloc_unlock
                0x100850a8        0x2 c:/program files (x86)/cypress/psoc creator/4.4/psoc creator/import/gnu/arm/5.4.1/bin/../lib/gcc/arm-none-eabi/5.4.1/../../../../arm-none-eabi/lib/armv7e-m/softfp\libg_nano.a(lib_a-mlock.o)
                0x100850a8                __malloc_unlock
 .text._realloc_r
                0x100850aa       0x4c c:/program files (x86)/cypress/psoc creator/4.4/psoc creator/import/gnu/arm/5.4.1/bin/../lib/gcc/arm-none-eabi/5.4.1/../../../../arm-none-eabi/lib/armv7e-m/softfp\libg_nano.a(lib_a-nano-reallocr.o)
                0x100850aa                _realloc_r
 .text._malloc_usable_size_r
                0x100850f6       0x14 c:/program files (x86)/cypress/psoc creator/4.4/psoc creator/import/gnu/arm/5.4.1/bin/../lib/gcc/arm-none-eabi/5.4.1/../../../../arm-none-eabi/lib/armv7e-m/softfp\libg_nano.a(lib_a-nano-msizer.o)
                0x100850f6                _malloc_usable_size_r
 *fill*         0x1008510a        0x2 
 .text._sbrk    0x1008510c       0x1c c:/program files (x86)/cypress/psoc creator/4.4/psoc creator/import/gnu/arm/5.4.1/bin/../lib/gcc/arm-none-eabi/5.4.1/../../../../arm-none-eabi/lib/armv7e-m/softfp\libnosys.a(sbrk.o)
                0x1008510c                _sbrk
 *(.init)
 .init          0x10085128        0x4 c:/program files (x86)/cypress/psoc creator/4.4/psoc creator/import/gnu/arm/5.4.1/bin/../lib/gcc/arm-none-eabi/5.4.1/armv7e-m/softfp/crti.o
                0x10085128                _init
 .init          0x1008512c        0x8 c:/program files (x86)/cypress/psoc creator/4.4/psoc creator/import/gnu/arm/5.4.1/bin/../lib/gcc/arm-none-eabi/5.4.1/armv7e-m/softfp/crtn.o
 *(.fini)
 .fini          0x10085134        0x4 c:/program files (x86)/cypress/psoc creator/4.4/psoc creator/import/gnu/arm/5.4.1/bin/../lib/gcc/arm-none-eabi/5.4.1/armv7e-m/softfp/crti.o
                0x10085134                _fini
 .fini          0x10085138        0x8 c:/program files (x86)/cypress/psoc creator/4.4/psoc creator/import/gnu/arm/5.4.1/bin/../lib/gcc/arm-none-eabi/5.4.1/armv7e-m/softfp/crtn.o
 *crtbegin.o(.ctors)
 *crtbegin?.o(.ctors)
 *(EXCLUDE_FILE(*crtend.o *crtend?.o) .ctors)
 *(SORT(.ctors.*))
 *(.ctors)
 *crtbegin.o(.dtors)
 *crtbegin?.o(.dtors)
 *(EXCLUDE_FILE(*crtend.o *crtend?.o) .dtors)
 *(SORT(.dtors.*))
 *(.dtors)
 *(.rodata .rodata.* .constdata .constdata.* .conststring .conststring.*)
 .rodata        0x10085140        0x8 .\CortexM4\ARM_GCC_541\Debug\main_cm4.o
                0x10085140                WDT_IRQ_cfg
 .rodata        0x10085148       0x34 .\CortexM4\ARM_GCC_541\Debug\system_psoc6_cm4.o
 .rodata.str1.4
                0x1008517c       0x6d .\CortexM4\ARM_GCC_541\Debug\host_main.o
 *fill*         0x100851e9        0x3 
 .rodata        0x100851ec      0x200 .\CortexM4\ARM_GCC_541\Debug\user_interface.o
                0x100851ec                UI_MENU_ITEMS_MIN
                0x10085214                UI_MENU_ITEMS_MAX
                0x1008523c                UI_MAIN_MENU_ITEMS
                0x10085260                UI_PRESETS_MENU_ITEMS
                0x10085288                UI_TEMP_MENU_ITEMS
                0x100852c4                UI_VIBE_AMP_MENU_ITEMS
                0x100852f0                UI_VIBE_FREQ_MENU_ITEMS
                0x10085318                UI_TENS_FREQ_MENU_ITEMS
                0x10085340                UI_TENS_AMP_MENU_ITEMS
                0x1008536c                UI_TENS_DUR_MENU_ITEMS
                0x10085394                UI_TITLES
                0x100853bc                UI_MENU_ITEMS_INIT
                0x100853e4                UI_DIAG_MENU_ITEMS
                0x100853e8                UI_BLUETOOTH_MENU_ITEMS
 .rodata.str1.4
                0x100853ec      0x3dc .\CortexM4\ARM_GCC_541\Debug\user_interface.o
                                0x3e0 (size before relaxing)
 .rodata        0x100857c8      0x1e0 .\CortexM4\ARM_GCC_541\Debug\font.o
                0x100857c8                FONTS
 .rodata        0x100859a8       0x1e .\CortexM4\ARM_GCC_541\Debug\st7735.o
                0x100859a8                INIT_ST7735B
 *fill*         0x100859c6        0x2 
 .rodata.str1.4
                0x100859c8       0x4d .\CortexM4\ARM_GCC_541\Debug\power.o
 *fill*         0x10085a15        0x3 
 .rodata.str1.4
                0x10085a18       0x97 .\CortexM4\ARM_GCC_541\Debug\temp.o
 *fill*         0x10085aaf        0x1 
 .rodata.str1.4
                0x10085ab0       0x25 .\CortexM4\ARM_GCC_541\Debug\tens.o
 .rodata.str1.4
                0x10085ad5       0x3d .\CortexM4\ARM_GCC_541\Debug\myUART.o
 *fill*         0x10085ad5        0x3 
 .rodata.str1.4
                0x10085ad8       0x11 .\CortexM4\ARM_GCC_541\Debug\myprintf.o
 *fill*         0x10085ae9        0x3 
 .rodata        0x10085aec      0x21a .\CortexM4\ARM_GCC_541\Debug\BLE_config.o
 *fill*         0x10085d06        0x2 
 .rodata        0x10085d08        0x4 .\CortexM4\ARM_GCC_541\Debug\BLE_ias_config.o
 .rodata        0x10085d0c        0x6 .\CortexM4\ARM_GCC_541\Debug\BLE_custom_config.o
 *fill*         0x10085d12        0x2 
 .rodata        0x10085d14        0x8 .\CortexM4\ARM_GCC_541\Debug\BLE_bas_config.o
 .rodata        0x10085d1c       0x34 .\CortexM4\ARM_GCC_541\Debug\SPI.o
                0x10085d1c                SPI_config
 .rodata        0x10085d50       0x64 .\CortexM4\ARM_GCC_541\Debug\PWM_TENS2.o
                0x10085d50                PWM_TENS2_config
 .rodata        0x10085db4       0x64 .\CortexM4\ARM_GCC_541\Debug\PWM_TENS.o
                0x10085db4                PWM_TENS_config
 .rodata        0x10085e18       0x64 .\CortexM4\ARM_GCC_541\Debug\PWM_FAN.o
                0x10085e18                PWM_FAN_config
 .rodata        0x10085e7c       0x64 .\CortexM4\ARM_GCC_541\Debug\LCD_PWM.o
                0x10085e7c                LCD_PWM_config
 .rodata        0x10085ee0       0x64 .\CortexM4\ARM_GCC_541\Debug\PWM_PEL1.o
                0x10085ee0                PWM_PEL1_config
 .rodata        0x10085f44       0x64 .\CortexM4\ARM_GCC_541\Debug\PWM_PEL2.o
                0x10085f44                PWM_PEL2_config
 .rodata.str1.4
                0x10085fa8       0x3f .\CortexM4\ARM_GCC_541\Debug\cy_flash.o
 *fill*         0x10085fe7        0x1 
 .rodata.str1.4
                0x10085fe8       0x7f .\CortexM4\ARM_GCC_541\Debug\cy_ipc_drv.o
 .rodata.str1.4
                0x10086067       0x3f .\CortexM4\ARM_GCC_541\Debug\cy_ipc_sema.o
 *fill*         0x10086067        0x1 
 .rodata.str1.4
                0x10086068       0x40 .\CortexM4\ARM_GCC_541\Debug\cy_ipc_pipe.o
                                 0x7f (size before relaxing)
 .rodata.str1.4
                0x100860a8       0x83 .\CortexM4\ARM_GCC_541\Debug\cy_scb_spi.o
 *fill*         0x1008612b        0x1 
 .rodata.str1.4
                0x1008612c       0x41 .\CortexM4\ARM_GCC_541\Debug\cy_sysint.o
 *fill*         0x1008616d        0x3 
 .rodata.str1.4
                0x10086170       0x3f .\CortexM4\ARM_GCC_541\Debug\cy_syspm.o
                                 0x7f (size before relaxing)
 *fill*         0x100861af        0x1 
 .rodata.str1.4
                0x100861b0       0x3b .\CortexM4\ARM_GCC_541\Debug\cy_wdt.o
 *fill*         0x100861eb        0x1 
 .rodata        0x100861ec      0x170 .\CortexM4\ARM_GCC_541\Debug\cy_device.o
                0x100861ec                cy_deviceIpBlockCfgPSoC6_02
                0x100862a4                cy_deviceIpBlockCfgPSoC6_01
 .rodata        0x1008635c       0x14 .\CortexM4\ARM_GCC_541\Debug\cy_ble.o
 .rodata        0x10086370      0x100 .\CortexM4\ARM_GCC_541\Debug\cy_ble_hal_pvt.o
 .rodata        0x10086470        0x2 .\CortexM4\ARM_GCC_541\Debug\cy_ble_event_handler.o
 *fill*         0x10086472        0x2 
 .rodata.str1.4
                0x10086474       0x38 .\CortexM4\ARM_GCC_541\Debug\cy_ble_event_handler.o
                                 0x37 (size before relaxing)
 .constdata     0x100864ac       0x18 Generated_Source\PSoC6\pdl\middleware\ble\lib\cy_ble_stack_gcc_host_ipc_cm4.a(BT_os.o)
                0x100864ac                cyBleStackMemoryConfig
 .constdata     0x100864c4       0x58 Generated_Source\PSoC6\pdl\middleware\ble\lib\cy_ble_stack_gcc_host_ipc_cm4.a(l2cap_init.o)
                0x100864c4                l2cap_le_sig_handler
 .constdata     0x1008651c       0x3c Generated_Source\PSoC6\pdl\middleware\ble\lib\cy_ble_stack_gcc_host_ipc_cm4.a(fsm_engine_pl.o)
                0x1008651c                fsm_module_table
 .constdata     0x10086558      0x110 Generated_Source\PSoC6\pdl\middleware\ble\lib\cy_ble_stack_gcc_host_ipc_cm4.a(gap_hci_iface.o)
                0x10086558                hciCommandCompleteEventHandlers
 .constdata     0x10086668       0x20 Generated_Source\PSoC6\pdl\middleware\ble\lib\cy_ble_stack_gcc_host_ipc_cm4.a(gap_privacy.o)
 .constdata     0x10086688       0x32 Generated_Source\PSoC6\pdl\middleware\ble\lib\cy_ble_stack_gcc_host_ipc_cm4.a(smp_core.o)
                0x10086688                smp_iocap_assoc_map
                0x100866a1                smp_sc_iocap_assoc_map
 *fill*         0x100866ba        0x2 
 .constdata     0x100866bc        0xc Generated_Source\PSoC6\pdl\middleware\ble\lib\cy_ble_stack_gcc_host_ipc_cm4.a(smp_interface.o)
                0x100866bc                smp_event_fp
 .constdata     0x100866c8       0x22 Generated_Source\PSoC6\pdl\middleware\ble\lib\cy_ble_stack_gcc_host_ipc_cm4.a(smp_utils.o)
                0x100866c8                smp_event_map
 *fill*         0x100866ea        0x2 
 .constdata     0x100866ec       0xb4 Generated_Source\PSoC6\pdl\middleware\ble\lib\cy_ble_stack_gcc_host_ipc_cm4.a(smp_fsm_table.o)
                0x100866ec                smp_state_event_table
 .constdata     0x100867a0      0x110 Generated_Source\PSoC6\pdl\middleware\ble\lib\cy_ble_stack_gcc_host_ipc_cm4.a(smp_fsm_table.o)
                0x100867a0                smp_event_handler_table
 .constdata     0x100868b0       0x20 Generated_Source\PSoC6\pdl\middleware\ble\lib\cy_ble_stack_gcc_host_ipc_cm4.a(aes_cmac.o)
                0x100868b0                cmac_zero_data
                0x100868c0                cmac_rb_data
 .constdata     0x100868d0       0x60 Generated_Source\PSoC6\pdl\middleware\ble\lib\cy_ble_stack_gcc_host_ipc_cm4.a(att_fsm_table.o)
                0x100868d0                att_state_event_table
 .constdata     0x10086930       0x58 Generated_Source\PSoC6\pdl\middleware\ble\lib\cy_ble_stack_gcc_host_ipc_cm4.a(att_fsm_table.o)
                0x10086930                att_event_handler_table
 .rodata.str1.1
                0x10086988        0x2 c:/program files (x86)/cypress/psoc creator/4.4/psoc creator/import/gnu/arm/5.4.1/bin/../lib/gcc/arm-none-eabi/5.4.1/../../../../arm-none-eabi/lib/armv7e-m/softfp\libg_nano.a(lib_a-impure.o)
 .rodata._ctype_
                0x1008698a      0x101 c:/program files (x86)/cypress/psoc creator/4.4/psoc creator/import/gnu/arm/5.4.1/bin/../lib/gcc/arm-none-eabi/5.4.1/../../../../arm-none-eabi/lib/armv7e-m/softfp\libg_nano.a(lib_a-ctype_.o)
                0x1008698a                _ctype_
 .rodata.str1.1
                0x10086a8b       0x11 c:/program files (x86)/cypress/psoc creator/4.4/psoc creator/import/gnu/arm/5.4.1/bin/../lib/gcc/arm-none-eabi/5.4.1/../../../../arm-none-eabi/lib/armv7e-m/softfp\libg_nano.a(lib_a-nano-svfprintf.o)
 .rodata.str1.1
                0x10086a9c       0x22 c:/program files (x86)/cypress/psoc creator/4.4/psoc creator/import/gnu/arm/5.4.1/bin/../lib/gcc/arm-none-eabi/5.4.1/../../../../arm-none-eabi/lib/armv7e-m/softfp\libg_nano.a(lib_a-nano-vfprintf_i.o)
 *(.eh_frame*)
 *fill*         0x10086abe        0x2 
 .eh_frame      0x10086ac0        0x0 c:/program files (x86)/cypress/psoc creator/4.4/psoc creator/import/gnu/arm/5.4.1/bin/../lib/gcc/arm-none-eabi/5.4.1/armv7e-m/softfp/crtbegin.o
 .eh_frame      0x10086ac0        0x4 c:/program files (x86)/cypress/psoc creator/4.4/psoc creator/import/gnu/arm/5.4.1/bin/../lib/gcc/arm-none-eabi/5.4.1/armv7e-m/softfp/crtend.o

.glue_7         0x10086ac4        0x0
 .glue_7        0x10086ac4        0x0 linker stubs

.glue_7t        0x10086ac4        0x0
 .glue_7t       0x10086ac4        0x0 linker stubs

.vfp11_veneer   0x10086ac4        0x0
 .vfp11_veneer  0x10086ac4        0x0 linker stubs

.v4_bx          0x10086ac4        0x0
 .v4_bx         0x10086ac4        0x0 linker stubs

.iplt           0x10086ac4        0x0
 .iplt          0x10086ac4        0x0 c:/program files (x86)/cypress/psoc creator/4.4/psoc creator/import/gnu/arm/5.4.1/bin/../lib/gcc/arm-none-eabi/5.4.1/armv7e-m/softfp/crtbegin.o

i.CyBleStackMgr_Init
                0x10086ac4       0xdc
 i.CyBleStackMgr_Init
                0x10086ac4       0xdc Generated_Source\PSoC6\pdl\middleware\ble\lib\cy_ble_stack_gcc_host_ipc_cm4.a(CyBleStackMgrIP_Interface.o)
                0x10086ac4                CyBleStackMgr_Init

i.CyBleStackMgr_ProcessBleEvents
                0x10086ba0       0x14
 i.CyBleStackMgr_ProcessBleEvents
                0x10086ba0       0x14 Generated_Source\PSoC6\pdl\middleware\ble\lib\cy_ble_stack_gcc_host_ipc_cm4.a(CyBleStackMgrIP_Interface.o)
                0x10086ba0                CyBleStackMgr_ProcessBleEvents

i.CyBleStackMgr_Shutdown
                0x10086bb4       0x20
 i.CyBleStackMgr_Shutdown
                0x10086bb4       0x20 Generated_Source\PSoC6\pdl\middleware\ble\lib\cy_ble_stack_gcc_host_ipc_cm4.a(CyBleStackMgrIP_Interface.o)
                0x10086bb4                CyBleStackMgr_Shutdown

i.CyBle_GetHeapMemory
                0x10086bd4       0x3c
 i.CyBle_GetHeapMemory
                0x10086bd4       0x3c Generated_Source\PSoC6\pdl\middleware\ble\lib\cy_ble_stack_gcc_host_ipc_cm4.a(CyBleStackMgrIP_Interface.o)
                0x10086bd4                CyBle_GetHeapMemory

i.CyBle_GetNumAppBufferPools
                0x10086c10        0xc
 i.CyBle_GetNumAppBufferPools
                0x10086c10        0xc Generated_Source\PSoC6\pdl\middleware\ble\lib\cy_ble_stack_gcc_host_ipc_cm4.a(CyBleStackMgrIP_Interface.o)
                0x10086c10                CyBle_GetNumAppBufferPools

i.CyBle_HostStackBufferPoolInit
                0x10086c1c       0xc4
 i.CyBle_HostStackBufferPoolInit
                0x10086c1c       0xc4 Generated_Source\PSoC6\pdl\middleware\ble\lib\cy_ble_stack_gcc_host_ipc_cm4.a(CyBleStackMgrIP_Interface.o)

i.CyBle_SortBufers
                0x10086ce0       0x40
 i.CyBle_SortBufers
                0x10086ce0       0x40 Generated_Source\PSoC6\pdl\middleware\ble\lib\cy_ble_stack_gcc_host_ipc_cm4.a(CyBleStackMgrIP_Interface.o)
                0x10086ce0                CyBle_SortBufers

i.CyBle_StackGetConfigPtr
                0x10086d20        0x8
 i.CyBle_StackGetConfigPtr
                0x10086d20        0x8 Generated_Source\PSoC6\pdl\middleware\ble\lib\cy_ble_stack_gcc_host_ipc_cm4.a(CyBleStackMgrIP_Interface.o)
                0x10086d20                CyBle_StackGetConfigPtr

i.Cy_BLE_ProcessEvents
                0x10086d28        0x4
 i.Cy_BLE_ProcessEvents
                0x10086d28        0x4 Generated_Source\PSoC6\pdl\middleware\ble\lib\cy_ble_stack_gcc_host_ipc_cm4.a(CyBleStackMgrIP_Interface.o)
                0x10086d28                Cy_BLE_ProcessEvents

i.Cy_BLE_StackEnterLPM
                0x10086d2c       0x16
 i.Cy_BLE_StackEnterLPM
                0x10086d2c       0x16 Generated_Source\PSoC6\pdl\middleware\ble\lib\cy_ble_stack_gcc_host_ipc_cm4.a(CyBleStackMgrIP_Interface.o)
                0x10086d2c                Cy_BLE_StackEnterLPM

i.Cy_BLE_StackGetBleSsState
                0x10086d42        0x4
 i.Cy_BLE_StackGetBleSsState
                0x10086d42        0x4 Generated_Source\PSoC6\pdl\middleware\ble\lib\cy_ble_stack_gcc_host_ipc_cm4.a(CyBleStackMgrIP_Interface.o)
                0x10086d42                Cy_BLE_StackGetBleSsState

i.Cy_BLE_StackGetFeatureConfig
                0x10086d48       0x20
 i.Cy_BLE_StackGetFeatureConfig
                0x10086d48       0x20 Generated_Source\PSoC6\pdl\middleware\ble\lib\cy_ble_stack_gcc_host_ipc_cm4.a(CyBleStackMgrIP_Interface.o)
                0x10086d48                Cy_BLE_StackGetFeatureConfig

i.Cy_BLE_StackInit
                0x10086d68       0x70
 i.Cy_BLE_StackInit
                0x10086d68       0x70 Generated_Source\PSoC6\pdl\middleware\ble\lib\cy_ble_stack_gcc_host_ipc_cm4.a(CyBleStackMgrIP_Interface.o)
                0x10086d68                Cy_BLE_StackInit

i.Cy_BLE_StackSetFeatureConfig
                0x10086dd8       0x54
 i.Cy_BLE_StackSetFeatureConfig
                0x10086dd8       0x54 Generated_Source\PSoC6\pdl\middleware\ble\lib\cy_ble_stack_gcc_host_ipc_cm4.a(CyBleStackMgrIP_Interface.o)
                0x10086dd8                Cy_BLE_StackSetFeatureConfig

i.ble_stack_idle_task_callback
                0x10086e2c        0x2
 i.ble_stack_idle_task_callback
                0x10086e2c        0x2 Generated_Source\PSoC6\pdl\middleware\ble\lib\cy_ble_stack_gcc_host_ipc_cm4.a(CyBleStackMgrIP_Interface.o)
                0x10086e2c                ble_stack_idle_task_callback

i.BT_OSFreeBuf  0x10086e30       0x20
 i.BT_OSFreeBuf
                0x10086e30       0x20 Generated_Source\PSoC6\pdl\middleware\ble\lib\cy_ble_stack_gcc_host_ipc_cm4.a(BT_os.o)
                0x10086e30                BT_OSFreeBuf

i.BT_OSGetBuF   0x10086e50       0x30
 i.BT_OSGetBuF  0x10086e50       0x30 Generated_Source\PSoC6\pdl\middleware\ble\lib\cy_ble_stack_gcc_host_ipc_cm4.a(BT_os.o)
                0x10086e50                BT_OSGetBuF

i.BT_OSMemCreate
                0x10086e80       0x3c
 i.BT_OSMemCreate
                0x10086e80       0x3c Generated_Source\PSoC6\pdl\middleware\ble\lib\cy_ble_stack_gcc_host_ipc_cm4.a(BT_os.o)
                0x10086e80                BT_OSMemCreate

i.BT_alloc_mem_ext
                0x10086ebc       0x40
 i.BT_alloc_mem_ext
                0x10086ebc       0x40 Generated_Source\PSoC6\pdl\middleware\ble\lib\cy_ble_stack_gcc_host_ipc_cm4.a(BT_os.o)
                0x10086ebc                BT_alloc_mem_ext

i.BT_free_mem   0x10086efc        0xa
 i.BT_free_mem  0x10086efc        0xa Generated_Source\PSoC6\pdl\middleware\ble\lib\cy_ble_stack_gcc_host_ipc_cm4.a(BT_os.o)
                0x10086efc                BT_free_mem

i.bt_stack_create_buffer_pool
                0x10086f08       0x2c
 i.bt_stack_create_buffer_pool
                0x10086f08       0x2c Generated_Source\PSoC6\pdl\middleware\ble\lib\cy_ble_stack_gcc_host_ipc_cm4.a(BT_os.o)
                0x10086f08                bt_stack_create_buffer_pool

i.CyBle_CreateBleStackTask
                0x10086f34       0x30
 i.CyBle_CreateBleStackTask
                0x10086f34       0x30 Generated_Source\PSoC6\pdl\middleware\ble\lib\cy_ble_stack_gcc_host_ipc_cm4.a(CyBleStackMgr_StackTaskHandler.o)
                0x10086f34                CyBle_CreateBleStackTask

i.CyBle_SignalBleStackTask
                0x10086f64       0x38
 i.CyBle_SignalBleStackTask
                0x10086f64       0x38 Generated_Source\PSoC6\pdl\middleware\ble\lib\cy_ble_stack_gcc_host_ipc_cm4.a(CyBleStackMgr_StackTaskHandler.o)
                0x10086f64                CyBle_SignalBleStackTask

i.CyBle_StackTaskHandler
                0x10086f9c       0x74
 i.CyBle_StackTaskHandler
                0x10086f9c       0x74 Generated_Source\PSoC6\pdl\middleware\ble\lib\cy_ble_stack_gcc_host_ipc_cm4.a(CyBleStackMgr_StackTaskHandler.o)
                0x10086f9c                CyBle_StackTaskHandler

i.IsStackTaskFree
                0x10087010        0xc
 i.IsStackTaskFree
                0x10087010        0xc Generated_Source\PSoC6\pdl\middleware\ble\lib\cy_ble_stack_gcc_host_ipc_cm4.a(CyBleStackMgr_StackTaskHandler.o)
                0x10087010                IsStackTaskFree

i.storage_bt_init_pl
                0x1008701c       0x8c
 i.storage_bt_init_pl
                0x1008701c       0x8c Generated_Source\PSoC6\pdl\middleware\ble\lib\cy_ble_stack_gcc_host_ipc_cm4.a(storage_pl.o)
                0x1008701c                storage_bt_init_pl

i.storage_bt_reset_offset
                0x100870a8       0x3c
 i.storage_bt_reset_offset
                0x100870a8       0x3c Generated_Source\PSoC6\pdl\middleware\ble\lib\cy_ble_stack_gcc_host_ipc_cm4.a(storage_pl.o)
                0x100870a8                storage_bt_reset_offset

i.storage_manager_init
                0x100870e4       0x58
 i.storage_manager_init
                0x100870e4       0x58 Generated_Source\PSoC6\pdl\middleware\ble\lib\cy_ble_stack_gcc_host_ipc_cm4.a(storage_pl.o)
                0x100870e4                storage_manager_init

i.storage_manager_register_module
                0x1008713c       0x68
 i.storage_manager_register_module
                0x1008713c       0x68 Generated_Source\PSoC6\pdl\middleware\ble\lib\cy_ble_stack_gcc_host_ipc_cm4.a(storage_pl.o)
                0x1008713c                storage_manager_register_module

i.storage_validate_init_params
                0x100871a4       0x98
 i.storage_validate_init_params
                0x100871a4       0x98 Generated_Source\PSoC6\pdl\middleware\ble\lib\cy_ble_stack_gcc_host_ipc_cm4.a(storage_pl.o)
                0x100871a4                storage_validate_init_params

i.OS_init       0x1008723c       0x64
 i.OS_init      0x1008723c       0x64 Generated_Source\PSoC6\pdl\middleware\ble\lib\cy_ble_stack_gcc_host_ipc_cm4.a(mint_os.o)
                0x1008723c                OS_init

i.OS_shutdown   0x100872a0        0x4
 i.OS_shutdown  0x100872a0        0x4 Generated_Source\PSoC6\pdl\middleware\ble\lib\cy_ble_stack_gcc_host_ipc_cm4.a(mint_os.o)
                0x100872a0                OS_shutdown

i.mintos_malloc
                0x100872a4       0x34
 i.mintos_malloc
                0x100872a4       0x34 Generated_Source\PSoC6\pdl\middleware\ble\lib\cy_ble_stack_gcc_host_ipc_cm4.a(mint_os.o)
                0x100872a4                mintos_malloc

i.OS_create_queue
                0x100872d8       0x74
 i.OS_create_queue
                0x100872d8       0x74 Generated_Source\PSoC6\pdl\middleware\ble\lib\cy_ble_stack_gcc_host_ipc_cm4.a(mint_os_queue.o)
                0x100872d8                OS_create_queue

i.OS_enqueue_item
                0x1008734c       0x9c
 i.OS_enqueue_item
                0x1008734c       0x9c Generated_Source\PSoC6\pdl\middleware\ble\lib\cy_ble_stack_gcc_host_ipc_cm4.a(mint_os_queue.o)
                0x1008734c                OS_enqueue_item

i.OS_queue_get_num_of_items
                0x100873e8       0x2c
 i.OS_queue_get_num_of_items
                0x100873e8       0x2c Generated_Source\PSoC6\pdl\middleware\ble\lib\cy_ble_stack_gcc_host_ipc_cm4.a(mint_os_queue.o)
                0x100873e8                OS_queue_get_num_of_items

i.OS_queue_mgmt_init
                0x10087414       0x58
 i.OS_queue_mgmt_init
                0x10087414       0x58 Generated_Source\PSoC6\pdl\middleware\ble\lib\cy_ble_stack_gcc_host_ipc_cm4.a(mint_os_queue.o)
                0x10087414                OS_queue_mgmt_init

i.OS_remove_item
                0x1008746c       0xb8
 i.OS_remove_item
                0x1008746c       0xb8 Generated_Source\PSoC6\pdl\middleware\ble\lib\cy_ble_stack_gcc_host_ipc_cm4.a(mint_os_queue.o)
                0x1008746c                OS_remove_item

i.OS_create_task
                0x10087524       0x88
 i.OS_create_task
                0x10087524       0x88 Generated_Source\PSoC6\pdl\middleware\ble\lib\cy_ble_stack_gcc_host_ipc_cm4.a(mint_os_task.o)
                0x10087524                OS_create_task

i.OS_is_task_free
                0x100875ac       0x30
 i.OS_is_task_free
                0x100875ac       0x30 Generated_Source\PSoC6\pdl\middleware\ble\lib\cy_ble_stack_gcc_host_ipc_cm4.a(mint_os_task.o)
                0x100875ac                OS_is_task_free

i.OS_scheduler  0x100875dc       0x64
 i.OS_scheduler
                0x100875dc       0x64 Generated_Source\PSoC6\pdl\middleware\ble\lib\cy_ble_stack_gcc_host_ipc_cm4.a(mint_os_task.o)
                0x100875dc                OS_scheduler

i.OS_send_signal_to_task
                0x10087640        0xc
 i.OS_send_signal_to_task
                0x10087640        0xc Generated_Source\PSoC6\pdl\middleware\ble\lib\cy_ble_stack_gcc_host_ipc_cm4.a(mint_os_task.o)
                0x10087640                OS_send_signal_to_task

i.OS_send_signal_to_task_context
                0x1008764c       0x3c
 i.OS_send_signal_to_task_context
                0x1008764c       0x3c Generated_Source\PSoC6\pdl\middleware\ble\lib\cy_ble_stack_gcc_host_ipc_cm4.a(mint_os_task.o)

i.OS_task_mgmt_init
                0x10087688       0x60
 i.OS_task_mgmt_init
                0x10087688       0x60 Generated_Source\PSoC6\pdl\middleware\ble\lib\cy_ble_stack_gcc_host_ipc_cm4.a(mint_os_task.o)
                0x10087688                OS_task_mgmt_init

i.mint_buf_mgmt_allocate_buffer
                0x100876e8       0x54
 i.mint_buf_mgmt_allocate_buffer
                0x100876e8       0x54 Generated_Source\PSoC6\pdl\middleware\ble\lib\cy_ble_stack_gcc_host_ipc_cm4.a(mint_buf_mgmt.o)
                0x100876e8                mint_buf_mgmt_allocate_buffer

i.mint_buf_mgmt_create_pool
                0x1008773c       0xd4
 i.mint_buf_mgmt_create_pool
                0x1008773c       0xd4 Generated_Source\PSoC6\pdl\middleware\ble\lib\cy_ble_stack_gcc_host_ipc_cm4.a(mint_buf_mgmt.o)
                0x1008773c                mint_buf_mgmt_create_pool

i.mint_buf_mgmt_free_buffer
                0x10087810       0xac
 i.mint_buf_mgmt_free_buffer
                0x10087810       0xac Generated_Source\PSoC6\pdl\middleware\ble\lib\cy_ble_stack_gcc_host_ipc_cm4.a(mint_buf_mgmt.o)
                0x10087810                mint_buf_mgmt_free_buffer

i.mint_buf_mgmt_init
                0x100878bc       0x5c
 i.mint_buf_mgmt_init
                0x100878bc       0x5c Generated_Source\PSoC6\pdl\middleware\ble\lib\cy_ble_stack_gcc_host_ipc_cm4.a(mint_buf_mgmt.o)
                0x100878bc                mint_buf_mgmt_init

i.mint_buf_mgmt_malloc
                0x10087918       0x28
 i.mint_buf_mgmt_malloc
                0x10087918       0x28 Generated_Source\PSoC6\pdl\middleware\ble\lib\cy_ble_stack_gcc_host_ipc_cm4.a(mint_buf_mgmt.o)
                0x10087918                mint_buf_mgmt_malloc

i.mint_buf_mgmt_pl_init
                0x10087940       0x44
 i.mint_buf_mgmt_pl_init
                0x10087940       0x44 Generated_Source\PSoC6\pdl\middleware\ble\lib\cy_ble_stack_gcc_host_ipc_cm4.a(mint_buf_mgmt.o)
                0x10087940                mint_buf_mgmt_pl_init

i.mint_buf_mgmt_stack_init
                0x10087984       0x22
 i.mint_buf_mgmt_stack_init
                0x10087984       0x22 Generated_Source\PSoC6\pdl\middleware\ble\lib\cy_ble_stack_gcc_host_ipc_cm4.a(mint_buf_mgmt.o)
                0x10087984                mint_buf_mgmt_stack_init

i.mint_buf_mgmt_stack_pop
                0x100879a6       0x34
 i.mint_buf_mgmt_stack_pop
                0x100879a6       0x34 Generated_Source\PSoC6\pdl\middleware\ble\lib\cy_ble_stack_gcc_host_ipc_cm4.a(mint_buf_mgmt.o)
                0x100879a6                mint_buf_mgmt_stack_pop

i.mint_buf_mgmt_stack_push
                0x100879da       0x34
 i.mint_buf_mgmt_stack_push
                0x100879da       0x34 Generated_Source\PSoC6\pdl\middleware\ble\lib\cy_ble_stack_gcc_host_ipc_cm4.a(mint_buf_mgmt.o)
                0x100879da                mint_buf_mgmt_stack_push

i.mint_buf_mgmt_stack_search_item
                0x10087a0e       0x2e
 i.mint_buf_mgmt_stack_search_item
                0x10087a0e       0x2e Generated_Source\PSoC6\pdl\middleware\ble\lib\cy_ble_stack_gcc_host_ipc_cm4.a(mint_buf_mgmt.o)
                0x10087a0e                mint_buf_mgmt_stack_search_item

i.CyBleHost_HciIpcFreePktBuffer
                0x10087a3c       0x2e
 i.CyBleHost_HciIpcFreePktBuffer
                0x10087a3c       0x2e Generated_Source\PSoC6\pdl\middleware\ble\lib\cy_ble_stack_gcc_host_ipc_cm4.a(transport_ipc.o)
                0x10087a3c                CyBleHost_HciIpcFreePktBuffer

i.CyBleHost_HciIpcMsgCompleteReceive
                0x10087a6c       0x28
 i.CyBleHost_HciIpcMsgCompleteReceive
                0x10087a6c       0x28 Generated_Source\PSoC6\pdl\middleware\ble\lib\cy_ble_stack_gcc_host_ipc_cm4.a(transport_ipc.o)
                0x10087a6c                CyBleHost_HciIpcMsgCompleteReceive

i.CyBleHost_HciIpcMsgReceive
                0x10087a94       0x28
 i.CyBleHost_HciIpcMsgReceive
                0x10087a94       0x28 Generated_Source\PSoC6\pdl\middleware\ble\lib\cy_ble_stack_gcc_host_ipc_cm4.a(transport_ipc.o)
                0x10087a94                CyBleHost_HciIpcMsgReceive

i.hci_transport_bt_shutdown
                0x10087abc        0x4
 i.hci_transport_bt_shutdown
                0x10087abc        0x4 Generated_Source\PSoC6\pdl\middleware\ble\lib\cy_ble_stack_gcc_host_ipc_cm4.a(transport_ipc.o)
                0x10087abc                hci_transport_bt_shutdown

i.hci_transport_init
                0x10087ac0       0x10
 i.hci_transport_init
                0x10087ac0       0x10 Generated_Source\PSoC6\pdl\middleware\ble\lib\cy_ble_stack_gcc_host_ipc_cm4.a(transport_ipc.o)
                0x10087ac0                hci_transport_init

i.hci_transport_write_data
                0x10087ad0       0x9c
 i.hci_transport_write_data
                0x10087ad0       0x9c Generated_Source\PSoC6\pdl\middleware\ble\lib\cy_ble_stack_gcc_host_ipc_cm4.a(transport_ipc.o)
                0x10087ad0                hci_transport_write_data

i.CyBleHost_IPC_HAL_Init
                0x10087b6c       0x40
 i.CyBleHost_IPC_HAL_Init
                0x10087b6c       0x40 Generated_Source\PSoC6\pdl\middleware\ble\lib\cy_ble_stack_gcc_host_ipc_cm4.a(CyBleStackMgr_PSoCIPCHal.o)
                0x10087b6c                CyBleHost_IPC_HAL_Init

i.CyBleHost_IPC_HAL_InitWithStaticMem
                0x10087bac        0xc
 i.CyBleHost_IPC_HAL_InitWithStaticMem
                0x10087bac        0xc Generated_Source\PSoC6\pdl\middleware\ble\lib\cy_ble_stack_gcc_host_ipc_cm4.a(CyBleStackMgr_PSoCIPCHal.o)
                0x10087bac                CyBleHost_IPC_HAL_InitWithStaticMem

i.CyBleHost_IPC_HAL_IsQueueEmpty
                0x10087bb8       0x24
 i.CyBleHost_IPC_HAL_IsQueueEmpty
                0x10087bb8       0x24 Generated_Source\PSoC6\pdl\middleware\ble\lib\cy_ble_stack_gcc_host_ipc_cm4.a(CyBleStackMgr_PSoCIPCHal.o)
                0x10087bb8                CyBleHost_IPC_HAL_IsQueueEmpty

i.CyBleHost_IPC_HAL_PipeReleaseCallback
                0x10087bdc       0x1c
 i.CyBleHost_IPC_HAL_PipeReleaseCallback
                0x10087bdc       0x1c Generated_Source\PSoC6\pdl\middleware\ble\lib\cy_ble_stack_gcc_host_ipc_cm4.a(CyBleStackMgr_PSoCIPCHal.o)

i.CyBleHost_IPC_HAL_ProcessMsgQ
                0x10087bf8       0x3c
 i.CyBleHost_IPC_HAL_ProcessMsgQ
                0x10087bf8       0x3c Generated_Source\PSoC6\pdl\middleware\ble\lib\cy_ble_stack_gcc_host_ipc_cm4.a(CyBleStackMgr_PSoCIPCHal.o)
                0x10087bf8                CyBleHost_IPC_HAL_ProcessMsgQ

i.CyBleHost_IPC_HAL_PushMessage
                0x10087c34       0x48
 i.CyBleHost_IPC_HAL_PushMessage
                0x10087c34       0x48 Generated_Source\PSoC6\pdl\middleware\ble\lib\cy_ble_stack_gcc_host_ipc_cm4.a(CyBleStackMgr_PSoCIPCHal.o)

i.CyBleHost_IPC_HAL_Reset
                0x10087c7c       0x30
 i.CyBleHost_IPC_HAL_Reset
                0x10087c7c       0x30 Generated_Source\PSoC6\pdl\middleware\ble\lib\cy_ble_stack_gcc_host_ipc_cm4.a(CyBleStackMgr_PSoCIPCHal.o)
                0x10087c7c                CyBleHost_IPC_HAL_Reset

i.CyBleHost_IPC_HAL_SendEnqueue
                0x10087cac       0x10
 i.CyBleHost_IPC_HAL_SendEnqueue
                0x10087cac       0x10 Generated_Source\PSoC6\pdl\middleware\ble\lib\cy_ble_stack_gcc_host_ipc_cm4.a(CyBleStackMgr_PSoCIPCHal.o)
                0x10087cac                CyBleHost_IPC_HAL_SendEnqueue

i.CyBle_BluetoothOnCmptCB
                0x10087cbc       0x60
 i.CyBle_BluetoothOnCmptCB
                0x10087cbc       0x60 Generated_Source\PSoC6\pdl\middleware\ble\lib\cy_ble_stack_gcc_host_ipc_cm4.a(host_main.o)

i.CyBle_HostDisableFeatures
                0x10087d1c       0x12
 i.CyBle_HostDisableFeatures
                0x10087d1c       0x12 Generated_Source\PSoC6\pdl\middleware\ble\lib\cy_ble_stack_gcc_host_ipc_cm4.a(host_main.o)
                0x10087d1c                CyBle_HostDisableFeatures

i.CyBle_HostInit
                0x10087d30       0x68
 i.CyBle_HostInit
                0x10087d30       0x68 Generated_Source\PSoC6\pdl\middleware\ble\lib\cy_ble_stack_gcc_host_ipc_cm4.a(host_main.o)
                0x10087d30                CyBle_HostInit

i.CyBle_HostIsStackFree
                0x10087d98       0x16
 i.CyBle_HostIsStackFree
                0x10087d98       0x16 Generated_Source\PSoC6\pdl\middleware\ble\lib\cy_ble_stack_gcc_host_ipc_cm4.a(host_main.o)
                0x10087d98                CyBle_HostIsStackFree

i.CyBle_HostSetFeatureConfig
                0x10087db0       0x80
 i.CyBle_HostSetFeatureConfig
                0x10087db0       0x80 Generated_Source\PSoC6\pdl\middleware\ble\lib\cy_ble_stack_gcc_host_ipc_cm4.a(host_main.o)
                0x10087db0                CyBle_HostSetFeatureConfig

i.CyBle_HostStackHeapDeInit
                0x10087e30       0x1e
 i.CyBle_HostStackHeapDeInit
                0x10087e30       0x1e Generated_Source\PSoC6\pdl\middleware\ble\lib\cy_ble_stack_gcc_host_ipc_cm4.a(host_main.o)
                0x10087e30                CyBle_HostStackHeapDeInit

i.CyBle_HostStackHeapInit
                0x10087e50       0x4c
 i.CyBle_HostStackHeapInit
                0x10087e50       0x4c Generated_Source\PSoC6\pdl\middleware\ble\lib\cy_ble_stack_gcc_host_ipc_cm4.a(host_main.o)
                0x10087e50                CyBle_HostStackHeapInit

i.CyBle_HostStackInit
                0x10087e9c       0x30
 i.CyBle_HostStackInit
                0x10087e9c       0x30 Generated_Source\PSoC6\pdl\middleware\ble\lib\cy_ble_stack_gcc_host_ipc_cm4.a(host_main.o)
                0x10087e9c                CyBle_HostStackInit

i.CyBle_HostStackOn
                0x10087ecc       0x30
 i.CyBle_HostStackOn
                0x10087ecc       0x30 Generated_Source\PSoC6\pdl\middleware\ble\lib\cy_ble_stack_gcc_host_ipc_cm4.a(host_main.o)

i.CyBle_HostValidateAppBuffers
                0x10087efc       0x4c
 i.CyBle_HostValidateAppBuffers
                0x10087efc       0x4c Generated_Source\PSoC6\pdl\middleware\ble\lib\cy_ble_stack_gcc_host_ipc_cm4.a(host_main.o)
                0x10087efc                CyBle_HostValidateAppBuffers

i.CyBle_HostValidateInputParams
                0x10087f48       0xc4
 i.CyBle_HostValidateInputParams
                0x10087f48       0xc4 Generated_Source\PSoC6\pdl\middleware\ble\lib\cy_ble_stack_gcc_host_ipc_cm4.a(host_main.o)
                0x10087f48                CyBle_HostValidateInputParams

i.CyBle_SendEvToApp
                0x1008800c       0x14
 i.CyBle_SendEvToApp
                0x1008800c       0x14 Generated_Source\PSoC6\pdl\middleware\ble\lib\cy_ble_stack_gcc_host_ipc_cm4.a(host_main.o)
                0x1008800c                CyBle_SendEvToApp

i.CyBle_ShutdownResetComplete