Archive member included to satisfy reference by file (symbol)

Generated_Source\PSoC6\pdl\middleware\ble\lib\cy_ble_stack_gcc_host_ipc_cm4.a(CyBleStackMgrIP_Interface.o)
                              .\CortexM4\ARM_GCC_541\Debug\host_main.o (Cy_BLE_ProcessEvents)
Generated_Source\PSoC6\pdl\middleware\ble\lib\cy_ble_stack_gcc_host_ipc_cm4.a(BT_os.o)
                              Generated_Source\PSoC6\pdl\middleware\ble\lib\cy_ble_stack_gcc_host_ipc_cm4.a(CyBleStackMgrIP_Interface.o) (cyBleStackMemoryConfig)
Generated_Source\PSoC6\pdl\middleware\ble\lib\cy_ble_stack_gcc_host_ipc_cm4.a(CyBleStackMgr_StackTaskHandler.o)
                              Generated_Source\PSoC6\pdl\middleware\ble\lib\cy_ble_stack_gcc_host_ipc_cm4.a(CyBleStackMgrIP_Interface.o) (CyBle_CreateBleStackTask)
Generated_Source\PSoC6\pdl\middleware\ble\lib\cy_ble_stack_gcc_host_ipc_cm4.a(storage_pl.o)
                              Generated_Source\PSoC6\pdl\middleware\ble\lib\cy_ble_stack_gcc_host_ipc_cm4.a(CyBleStackMgrIP_Interface.o) (storage_manager_init)
Generated_Source\PSoC6\pdl\middleware\ble\lib\cy_ble_stack_gcc_host_ipc_cm4.a(mint_os.o)
                              Generated_Source\PSoC6\pdl\middleware\ble\lib\cy_ble_stack_gcc_host_ipc_cm4.a(CyBleStackMgrIP_Interface.o) (OS_init)
Generated_Source\PSoC6\pdl\middleware\ble\lib\cy_ble_stack_gcc_host_ipc_cm4.a(mint_os_queue.o)
                              Generated_Source\PSoC6\pdl\middleware\ble\lib\cy_ble_stack_gcc_host_ipc_cm4.a(mint_os.o) (OS_TOTAL_QUEUES)
Generated_Source\PSoC6\pdl\middleware\ble\lib\cy_ble_stack_gcc_host_ipc_cm4.a(mint_os_task.o)
                              Generated_Source\PSoC6\pdl\middleware\ble\lib\cy_ble_stack_gcc_host_ipc_cm4.a(mint_os.o) (idle_func_handler)
Generated_Source\PSoC6\pdl\middleware\ble\lib\cy_ble_stack_gcc_host_ipc_cm4.a(mint_buf_mgmt.o)
                              Generated_Source\PSoC6\pdl\middleware\ble\lib\cy_ble_stack_gcc_host_ipc_cm4.a(BT_os.o) (mint_buf_mgmt_allocate_buffer)
Generated_Source\PSoC6\pdl\middleware\ble\lib\cy_ble_stack_gcc_host_ipc_cm4.a(transport_ipc.o)
                              Generated_Source\PSoC6\pdl\middleware\ble\lib\cy_ble_stack_gcc_host_ipc_cm4.a(CyBleStackMgr_StackTaskHandler.o) (CyBleHost_HciIpcFreePktBuffer)
Generated_Source\PSoC6\pdl\middleware\ble\lib\cy_ble_stack_gcc_host_ipc_cm4.a(CyBleStackMgr_PSoCIPCHal.o)
                              Generated_Source\PSoC6\pdl\middleware\ble\lib\cy_ble_stack_gcc_host_ipc_cm4.a(transport_ipc.o) (CyBleHost_IPC_HAL_InitWithStaticMem)
Generated_Source\PSoC6\pdl\middleware\ble\lib\cy_ble_stack_gcc_host_ipc_cm4.a(host_main.o)
                              Generated_Source\PSoC6\pdl\middleware\ble\lib\cy_ble_stack_gcc_host_ipc_cm4.a(CyBleStackMgrIP_Interface.o) (CyBle_HostInit)
Generated_Source\PSoC6\pdl\middleware\ble\lib\cy_ble_stack_gcc_host_ipc_cm4.a(att_api.o)
                              Generated_Source\PSoC6\pdl\middleware\ble\lib\cy_ble_stack_gcc_host_ipc_cm4.a(host_main.o) (BT_att_register)
Generated_Source\PSoC6\pdl\middleware\ble\lib\cy_ble_stack_gcc_host_ipc_cm4.a(att_init.o)
                              Generated_Source\PSoC6\pdl\middleware\ble\lib\cy_ble_stack_gcc_host_ipc_cm4.a(att_api.o) (att_connections)
Generated_Source\PSoC6\pdl\middleware\ble\lib\cy_ble_stack_gcc_host_ipc_cm4.a(att_internal.o)
                              Generated_Source\PSoC6\pdl\middleware\ble\lib\cy_ble_stack_gcc_host_ipc_cm4.a(att_api.o) (att_get_fsm_event)
Generated_Source\PSoC6\pdl\middleware\ble\lib\cy_ble_stack_gcc_host_ipc_cm4.a(BT_common.o)
                              Generated_Source\PSoC6\pdl\middleware\ble\lib\cy_ble_stack_gcc_host_ipc_cm4.a(host_main.o) (BT_bluetooth_off)
Generated_Source\PSoC6\pdl\middleware\ble\lib\cy_ble_stack_gcc_host_ipc_cm4.a(device_queue.o)
                              Generated_Source\PSoC6\pdl\middleware\ble\lib\cy_ble_stack_gcc_host_ipc_cm4.a(host_main.o) (CyBle_DeviceQueueHeapDeInit)
Generated_Source\PSoC6\pdl\middleware\ble\lib\cy_ble_stack_gcc_host_ipc_cm4.a(l2cap.o)
                              Generated_Source\PSoC6\pdl\middleware\ble\lib\cy_ble_stack_gcc_host_ipc_cm4.a(host_main.o) (CyBle_L2capCB)
Generated_Source\PSoC6\pdl\middleware\ble\lib\cy_ble_stack_gcc_host_ipc_cm4.a(l2cap_disconnect.o)
                              Generated_Source\PSoC6\pdl\middleware\ble\lib\cy_ble_stack_gcc_host_ipc_cm4.a(l2cap.o) (l2ca_disconnect_req)
Generated_Source\PSoC6\pdl\middleware\ble\lib\cy_ble_stack_gcc_host_ipc_cm4.a(l2cap_init.o)
                              Generated_Source\PSoC6\pdl\middleware\ble\lib\cy_ble_stack_gcc_host_ipc_cm4.a(l2cap_disconnect.o) (l2cap_fixed_channel)
Generated_Source\PSoC6\pdl\middleware\ble\lib\cy_ble_stack_gcc_host_ipc_cm4.a(l2cap_utils.o)
                              Generated_Source\PSoC6\pdl\middleware\ble\lib\cy_ble_stack_gcc_host_ipc_cm4.a(l2cap_disconnect.o) (l2cap_buffer_dequeue)
Generated_Source\PSoC6\pdl\middleware\ble\lib\cy_ble_stack_gcc_host_ipc_cm4.a(l2cap_lmp.o)
[...]
Memory Configuration

Name             Origin             Length             Attributes
ram              0x08024000         0x00023800         xrw
flash            0x10080000         0x00080000         xr
em_eeprom        0x14000000         0x00008000         xr
sflash_user_data 0x16000800         0x00000800         xr
sflash_nar       0x16001a00         0x00000200         xr
sflash_public_key 0x16005a00         0x00000c00         xr
sflash_toc_2     0x16007c00         0x00000200         xr
sflash_rtoc_2    0x16007e00         0x00000200         xr
xip              0x18000000         0x08000000         xr
efuse            0x90700000         0x00100000         r
*default*        0x00000000         0xffffffff

Linker script and memory map

LOAD c:/program files (x86)/cypress/psoc creator/4.4/psoc creator/import/gnu/arm/5.4.1/bin/../lib/gcc/arm-none-eabi/5.4.1/armv7e-m/softfp/crti.o
LOAD c:/program files (x86)/cypress/psoc creator/4.4/psoc creator/import/gnu/arm/5.4.1/bin/../lib/gcc/arm-none-eabi/5.4.1/armv7e-m/softfp/crtbegin.o
LOAD c:/program files (x86)/cypress/psoc creator/4.4/psoc creator/import/gnu/arm/5.4.1/bin/../lib/gcc/arm-none-eabi/5.4.1/../../../../arm-none-eabi/lib/armv7e-m/softfp/crt0.o
START GROUP
LOAD Generated_Source\PSoC6\pdl\middleware\ble\lib\cy_ble_stack_gcc_host_ipc_cm4.a
LOAD .\CortexM4\ARM_GCC_541\Debug\startup_psoc6_01_cm4.o
LOAD .\CortexM4\ARM_GCC_541\Debug\main_cm4.o
LOAD .\CortexM4\ARM_GCC_541\Debug\system_psoc6_cm4.o
LOAD .\CortexM4\ARM_GCC_541\Debug\ui_comp_hook.o
LOAD .\CortexM4\ARM_GCC_541\Debug\ui_img_fire_icon_small_png.o
LOAD .\CortexM4\ARM_GCC_541\Debug\ui_img_paindraindevicewithoutbackgroundresized_png.o
LOAD .\CortexM4\ARM_GCC_541\Debug\ui_img_snowflake_icon_small_png.o
LOAD .\CortexM4\ARM_GCC_541\Debug\ui_Brigtness_screen.o
LOAD .\CortexM4\ARM_GCC_541\Debug\ui_Presets_screen.o
LOAD .\CortexM4\ARM_GCC_541\Debug\ui_Splash_screen.o
LOAD .\CortexM4\ARM_GCC_541\Debug\ui_Temperature_screen.o
LOAD .\CortexM4\ARM_GCC_541\Debug\ui_TENS_screen.o
LOAD .\CortexM4\ARM_GCC_541\Debug\ui_Vibration_screen.o
LOAD .\CortexM4\ARM_GCC_541\Debug\ui.o
LOAD .\CortexM4\ARM_GCC_541\Debug\ui_helpers.o
LOAD .\CortexM4\ARM_GCC_541\Debug\host_main.o
LOAD .\CortexM4\ARM_GCC_541\Debug\ias.o
LOAD .\CortexM4\ARM_GCC_541\Debug\user_interface.o
LOAD .\CortexM4\ARM_GCC_541\Debug\font.o
LOAD .\CortexM4\ARM_GCC_541\Debug\st7735.o
LOAD .\CortexM4\ARM_GCC_541\Debug\power.o
LOAD .\CortexM4\ARM_GCC_541\Debug\bq24298.o
LOAD .\CortexM4\ARM_GCC_541\Debug\my_i2c.o
LOAD .\CortexM4\ARM_GCC_541\Debug\vibe.o
LOAD .\CortexM4\ARM_GCC_541\Debug\temp.o
LOAD .\CortexM4\ARM_GCC_541\Debug\tens.o
LOAD .\CortexM4\ARM_GCC_541\Debug\debug.o
LOAD .\CortexM4\ARM_GCC_541\Debug\myUART.o
LOAD .\CortexM4\ARM_GCC_541\Debug\myprintf.o
LOAD .\CortexM4\ARM_GCC_541\Debug\driver_st7789_basic.o
LOAD .\CortexM4\ARM_GCC_541\Debug\driver_st7789.o
LOAD .\CortexM4\ARM_GCC_541\Debug\driver_st7789_interface_template.o
LOAD .\CortexM4\ARM_GCC_541\Debug\driver_st7789_display_test.o
LOAD .\CortexM4\ARM_GCC_541\Debug\cyfitter_sysint_cfg.o
LOAD .\CortexM4\ARM_GCC_541\Debug\cymetadata.o
LOAD .\CortexM4\ARM_GCC_541\Debug\BLE.o
LOAD .\CortexM4\ARM_GCC_541\Debug\BLE_config.o
LOAD .\CortexM4\ARM_GCC_541\Debug\BLE_ias_config.o
LOAD .\CortexM4\ARM_GCC_541\Debug\BLE_custom_config.o
LOAD .\CortexM4\ARM_GCC_541\Debug\BLE_bas_config.o
LOAD .\CortexM4\ARM_GCC_541\Debug\SPI.o
LOAD .\CortexM4\ARM_GCC_541\Debug\PWM_TENS2.o
LOAD .\CortexM4\ARM_GCC_541\Debug\AMP_PWM.o
LOAD .\CortexM4\ARM_GCC_541\Debug\PWM_TENS.o
LOAD .\CortexM4\ARM_GCC_541\Debug\ADC.o
LOAD .\CortexM4\ARM_GCC_541\Debug\ADC_INT.o
LOAD .\CortexM4\ARM_GCC_541\Debug\ADC_INIT.o
LOAD .\CortexM4\ARM_GCC_541\Debug\ADC_PM.o
LOAD .\CortexM4\ARM_GCC_541\Debug\PWM_FAN.o
LOAD .\CortexM4\ARM_GCC_541\Debug\LCD_PWM.o
LOAD .\CortexM4\ARM_GCC_541\Debug\I2S.o
LOAD .\CortexM4\ARM_GCC_541\Debug\PWM_PEL1.o
LOAD .\CortexM4\ARM_GCC_541\Debug\PWM_PEL2.o
LOAD .\CortexM4\ARM_GCC_541\Debug\cy_efuse.o
LOAD .\CortexM4\ARM_GCC_541\Debug\cy_flash.o
LOAD .\CortexM4\ARM_GCC_541\Debug\cy_gpio.o
LOAD .\CortexM4\ARM_GCC_541\Debug\cy_i2s.o
LOAD .\CortexM4\ARM_GCC_541\Debug\cy_ipc_drv.o
LOAD .\CortexM4\ARM_GCC_541\Debug\cy_ipc_sema.o
LOAD .\CortexM4\ARM_GCC_541\Debug\cy_ipc_pipe.o
LOAD .\CortexM4\ARM_GCC_541\Debug\cy_lvd.o
LOAD .\CortexM4\ARM_GCC_541\Debug\cy_profile.o
LOAD .\CortexM4\ARM_GCC_541\Debug\cy_prot.o
LOAD .\CortexM4\ARM_GCC_541\Debug\cy_sar.o
LOAD .\CortexM4\ARM_GCC_541\Debug\cy_scb_common.o
LOAD .\CortexM4\ARM_GCC_541\Debug\cy_scb_i2c.o
LOAD .\CortexM4\ARM_GCC_541\Debug\cy_scb_ezi2c.o
LOAD .\CortexM4\ARM_GCC_541\Debug\cy_scb_spi.o
LOAD .\CortexM4\ARM_GCC_541\Debug\cy_scb_uart.o
LOAD .\CortexM4\ARM_GCC_541\Debug\cy_sysanalog.o
LOAD .\CortexM4\ARM_GCC_541\Debug\cy_sysclk.o
LOAD .\CortexM4\ARM_GCC_541\Debug\cy_sysint.o
LOAD .\CortexM4\ARM_GCC_541\Debug\cy_syslib.o
LOAD .\CortexM4\ARM_GCC_541\Debug\cy_syslib_gcc.o
LOAD .\CortexM4\ARM_GCC_541\Debug\cy_syspm.o
LOAD .\CortexM4\ARM_GCC_541\Debug\cy_systick.o
LOAD .\CortexM4\ARM_GCC_541\Debug\cy_tcpwm_counter.o
LOAD .\CortexM4\ARM_GCC_541\Debug\cy_tcpwm_pwm.o
LOAD .\CortexM4\ARM_GCC_541\Debug\cy_tcpwm_quaddec.o
LOAD .\CortexM4\ARM_GCC_541\Debug\cy_trigmux.o
LOAD .\CortexM4\ARM_GCC_541\Debug\cy_wdt.o
LOAD .\CortexM4\ARM_GCC_541\Debug\cy_device.o
LOAD .\CortexM4\ARM_GCC_541\Debug\cy_ble.o
LOAD .\CortexM4\ARM_GCC_541\Debug\cy_ble_hal_int.o
LOAD .\CortexM4\ARM_GCC_541\Debug\cy_ble_hal_pvt.o
LOAD .\CortexM4\ARM_GCC_541\Debug\cy_ble_gap.o
LOAD .\CortexM4\ARM_GCC_541\Debug\cy_ble_gatt.o
LOAD .\CortexM4\ARM_GCC_541\Debug\cy_ble_event_handler.o
LOAD .\CortexM4\ARM_GCC_541\Debug\cy_ble_ancs.o
LOAD .\CortexM4\ARM_GCC_541\Debug\cy_ble_ans.o
LOAD .\CortexM4\ARM_GCC_541\Debug\cy_ble_aios.o
LOAD .\CortexM4\ARM_GCC_541\Debug\cy_ble_bas.o
LOAD .\CortexM4\ARM_GCC_541\Debug\cy_ble_bcs.o
LOAD .\CortexM4\ARM_GCC_541\Debug\cy_ble_bls.o
LOAD .\CortexM4\ARM_GCC_541\Debug\cy_ble_bms.o
LOAD .\CortexM4\ARM_GCC_541\Debug\cy_ble_bts.o
LOAD .\CortexM4\ARM_GCC_541\Debug\cy_ble_cgms.o
LOAD .\CortexM4\ARM_GCC_541\Debug\cy_ble_cps.o
LOAD .\CortexM4\ARM_GCC_541\Debug\cy_ble_cscs.o
LOAD .\CortexM4\ARM_GCC_541\Debug\cy_ble_cts.o
LOAD .\CortexM4\ARM_GCC_541\Debug\cy_ble_custom.o
LOAD .\CortexM4\ARM_GCC_541\Debug\cy_ble_dis.o
LOAD .\CortexM4\ARM_GCC_541\Debug\cy_ble_ess.o
LOAD .\CortexM4\ARM_GCC_541\Debug\cy_ble_gls.o
LOAD .\CortexM4\ARM_GCC_541\Debug\cy_ble_hids.o
LOAD .\CortexM4\ARM_GCC_541\Debug\cy_ble_hps.o
LOAD .\CortexM4\ARM_GCC_541\Debug\cy_ble_hrs.o
LOAD .\CortexM4\ARM_GCC_541\Debug\cy_ble_hts.o
LOAD .\CortexM4\ARM_GCC_541\Debug\cy_ble_ias.o
LOAD .\CortexM4\ARM_GCC_541\Debug\cy_ble_ips.o
LOAD .\CortexM4\ARM_GCC_541\Debug\cy_ble_lls.o
LOAD .\CortexM4\ARM_GCC_541\Debug\cy_ble_lns.o
LOAD .\CortexM4\ARM_GCC_541\Debug\cy_ble_ndcs.o
LOAD .\CortexM4\ARM_GCC_541\Debug\cy_ble_plxs.o
LOAD .\CortexM4\ARM_GCC_541\Debug\cy_ble_pass.o
LOAD .\CortexM4\ARM_GCC_541\Debug\cy_ble_rscs.o
LOAD .\CortexM4\ARM_GCC_541\Debug\cy_ble_rtus.o
LOAD .\CortexM4\ARM_GCC_541\Debug\cy_ble_scps.o
LOAD .\CortexM4\ARM_GCC_541\Debug\cy_ble_tps.o
LOAD .\CortexM4\ARM_GCC_541\Debug\cy_ble_uds.o
LOAD .\CortexM4\ARM_GCC_541\Debug\cy_ble_wpts.o
LOAD .\CortexM4\ARM_GCC_541\Debug\cy_ble_wss.o
LOAD .\CortexM4\ARM_GCC_541\Debug\cy_ble_clk.o
END GROUP
START GROUP
LOAD c:/program files (x86)/cypress/psoc creator/4.4/psoc creator/import/gnu/arm/5.4.1/bin/../lib/gcc/arm-none-eabi/5.4.1/armv7e-m/softfp\libgcc.a
LOAD c:/program files (x86)/cypress/psoc creator/4.4/psoc creator/import/gnu/arm/5.4.1/bin/../lib/gcc/arm-none-eabi/5.4.1/../../../../arm-none-eabi/lib/armv7e-m/softfp\libg_nano.a
LOAD c:/program files (x86)/cypress/psoc creator/4.4/psoc creator/import/gnu/arm/5.4.1/bin/../lib/gcc/arm-none-eabi/5.4.1/../../../../arm-none-eabi/lib/armv7e-m/softfp\libc_nano.a
END GROUP
START GROUP
LOAD c:/program files (x86)/cypress/psoc creator/4.4/psoc creator/import/gnu/arm/5.4.1/bin/../lib/gcc/arm-none-eabi/5.4.1/armv7e-m/softfp\libgcc.a
LOAD c:/program files (x86)/cypress/psoc creator/4.4/psoc creator/import/gnu/arm/5.4.1/bin/../lib/gcc/arm-none-eabi/5.4.1/../../../../arm-none-eabi/lib/armv7e-m/softfp\libc_nano.a
END GROUP
LOAD c:/program files (x86)/cypress/psoc creator/4.4/psoc creator/import/gnu/arm/5.4.1/bin/../lib/gcc/arm-none-eabi/5.4.1/armv7e-m/softfp/crtend.o
LOAD c:/program files (x86)/cypress/psoc creator/4.4/psoc creator/import/gnu/arm/5.4.1/bin/../lib/gcc/arm-none-eabi/5.4.1/armv7e-m/softfp/crtn.o
START GROUP
LOAD c:/program files (x86)/cypress/psoc creator/4.4/psoc creator/import/gnu/arm/5.4.1/bin/../lib/gcc/arm-none-eabi/5.4.1/armv7e-m/softfp\libgcc.a
LOAD c:/program files (x86)/cypress/psoc creator/4.4/psoc creator/import/gnu/arm/5.4.1/bin/../lib/gcc/arm-none-eabi/5.4.1/../../../../arm-none-eabi/lib/armv7e-m/softfp\libc.a
LOAD c:/program files (x86)/cypress/psoc creator/4.4/psoc creator/import/gnu/arm/5.4.1/bin/../lib/gcc/arm-none-eabi/5.4.1/../../../../arm-none-eabi/lib/armv7e-m/softfp\libnosys.a
END GROUP
START GROUP
LOAD c:/program files (x86)/cypress/psoc creator/4.4/psoc creator/import/gnu/arm/5.4.1/bin/../lib/gcc/arm-none-eabi/5.4.1/armv7e-m/softfp\libgcc.a
LOAD c:/program files (x86)/cypress/psoc creator/4.4/psoc creator/import/gnu/arm/5.4.1/bin/../lib/gcc/arm-none-eabi/5.4.1/../../../../arm-none-eabi/lib/armv7e-m/softfp\libc.a
LOAD c:/program files (x86)/cypress/psoc creator/4.4/psoc creator/import/gnu/arm/5.4.1/bin/../lib/gcc/arm-none-eabi/5.4.1/../../../../arm-none-eabi/lib/armv7e-m/softfp\libm.a
LOAD c:/program files (x86)/cypress/psoc creator/4.4/psoc creator/import/gnu/arm/5.4.1/bin/../lib/gcc/arm-none-eabi/5.4.1/../../../../arm-none-eabi/lib/armv7e-m/softfp\libnosys.a
END GROUP

.text           0x10080000    0x31fec
                0x10080000                . = ALIGN (0x4)
                0x10080000                __Vectors = .
 *(.vectors)
 .vectors       0x10080000      0x28c .\CortexM4\ARM_GCC_541\Debug\startup_psoc6_01_cm4.o
                0x1008028c                . = ALIGN (0x4)
                0x1008028c                __Vectors_End = .
                0x0000028c                __Vectors_Size = (__Vectors_End - __Vectors)
                0x1008028c                __end__ = .
                0x1008028c                . = ALIGN (0x4)
 *(.text*)
 .text          0x1008028c       0x5c c:/program files (x86)/cypress/psoc creator/4.4/psoc creator/import/gnu/arm/5.4.1/bin/../lib/gcc/arm-none-eabi/5.4.1/armv7e-m/softfp/crtbegin.o
 .text          0x100802e8       0x84 .\CortexM4\ARM_GCC_541\Debug\startup_psoc6_01_cm4.o
                0x100802e8                Cy_OnResetUser
                0x100802ea                Reset_Handler
                0x1008034c                cpuss_interrupts_ipc_6_IRQHandler
                0x1008034c                DebugMon_Handler
                0x1008034c                tcpwm_1_interrupts_11_IRQHandler
                0x1008034c                cpuss_interrupts_ipc_0_IRQHandler
                0x1008034c                tcpwm_1_interrupts_15_IRQHandler
                0x1008034c                ioss_interrupts_gpio_13_IRQHandler
                0x1008034c                tcpwm_1_interrupts_13_IRQHandler
                0x1008034c                cpuss_interrupts_dw1_8_IRQHandler
                0x1008034c                tcpwm_0_interrupts_0_IRQHandler
                0x1008034c                SysTick_Handler
                0x1008034c                cpuss_interrupt_fm_IRQHandler
                0x1008034c                cpuss_interrupts_ipc_7_IRQHandler
                0x1008034c                tcpwm_1_interrupts_14_IRQHandler
                0x1008034c                cpuss_interrupts_dw0_5_IRQHandler
                0x1008034c                tcpwm_1_interrupts_9_IRQHandler
                0x1008034c                cpuss_interrupts_cm0_cti_1_IRQHandler
                0x1008034c                tcpwm_1_interrupts_22_IRQHandler
                0x1008034c                cpuss_interrupts_dw0_4_IRQHandler
                0x1008034c                PendSV_Handler
                0x1008034c                NMI_Handler
                0x1008034c                cpuss_interrupts_dw1_12_IRQHandler
                0x1008034c                tcpwm_1_interrupts_12_IRQHandler
                0x1008034c                smif_interrupt_IRQHandler
                0x1008034c                tcpwm_1_interrupts_2_IRQHandler
                0x1008034c                cpuss_interrupts_ipc_13_IRQHandler
                0x1008034c                udb_interrupts_11_IRQHandler
                0x1008034c                tcpwm_1_interrupts_18_IRQHandler
                0x1008034c                cpuss_interrupts_dw0_11_IRQHandler
                0x1008034c                tcpwm_0_interrupts_2_IRQHandler
                0x1008034c                cpuss_interrupts_dw0_13_IRQHandler
                0x1008034c                udb_interrupts_2_IRQHandler
                0x1008034c                cpuss_interrupts_dw1_7_IRQHandler
                0x1008034c                ioss_interrupts_gpio_1_IRQHandler
                0x1008034c                ioss_interrupts_gpio_7_IRQHandler
                0x1008034c                scb_5_interrupt_IRQHandler
                0x1008034c                udb_interrupts_6_IRQHandler
                0x1008034c                cpuss_interrupts_fault_1_IRQHandler
                0x1008034c                cpuss_interrupts_ipc_4_IRQHandler
                0x1008034c                cpuss_interrupts_ipc_5_IRQHandler
                0x1008034c                cpuss_interrupts_dw1_10_IRQHandler
                0x1008034c                udb_interrupts_0_IRQHandler
                0x1008034c                tcpwm_1_interrupts_6_IRQHandler
                0x1008034c                scb_4_interrupt_IRQHandler
                0x1008034c                pass_interrupt_dacs_IRQHandler
                0x1008034c                ioss_interrupts_gpio_2_IRQHandler
                0x1008034c                cpuss_interrupts_dw1_9_IRQHandler
                0x1008034c                cpuss_interrupts_dw1_13_IRQHandler
                0x1008034c                scb_2_interrupt_IRQHandler
                0x1008034c                cpuss_interrupts_cm0_cti_0_IRQHandler
                0x1008034c                udb_interrupts_5_IRQHandler
                0x1008034c                srss_interrupt_IRQHandler
                0x1008034c                udb_interrupts_12_IRQHandler
                0x1008034c                scb_0_interrupt_IRQHandler
                0x1008034c                csd_interrupt_IRQHandler
                0x1008034c                udb_interrupts_1_IRQHandler
                0x1008034c                profile_interrupt_IRQHandler
                0x1008034c                tcpwm_1_interrupts_1_IRQHandler
                0x1008034c                cpuss_interrupts_ipc_12_IRQHandler
                0x1008034c                tcpwm_1_interrupts_3_IRQHandler
                0x1008034c                tcpwm_0_interrupts_7_IRQHandler
                0x1008034c                cpuss_interrupts_dw1_1_IRQHandler
                0x1008034c                cpuss_interrupts_dw1_0_IRQHandler
                0x1008034c                cpuss_interrupts_dw0_9_IRQHandler
                0x1008034c                lpcomp_interrupt_IRQHandler
                0x1008034c                tcpwm_1_interrupts_23_IRQHandler
                0x1008034c                udb_interrupts_4_IRQHandler
                0x1008034c                tcpwm_1_interrupts_20_IRQHandler
                0x1008034c                ioss_interrupt_gpio_IRQHandler
                0x1008034c                tcpwm_0_interrupts_1_IRQHandler
                0x1008034c                ioss_interrupts_gpio_8_IRQHandler
                0x1008034c                tcpwm_0_interrupts_6_IRQHandler
                0x1008034c                scb_7_interrupt_IRQHandler
                0x1008034c                tcpwm_1_interrupts_7_IRQHandler
                0x1008034c                cpuss_interrupts_ipc_11_IRQHandler
                0x1008034c                udb_interrupts_13_IRQHandler
                0x1008034c                cpuss_interrupts_dw0_15_IRQHandler
                0x1008034c                udb_interrupts_7_IRQHandler
                0x1008034c                cpuss_interrupts_dw1_6_IRQHandler
                0x1008034c                cpuss_interrupt_crypto_IRQHandler
                0x1008034c                scb_1_interrupt_IRQHandler
                0x1008034c                Default_Handler
                0x1008034c                usb_interrupt_hi_IRQHandler
                0x1008034c                tcpwm_1_interrupts_0_IRQHandler
                0x1008034c                udb_interrupts_9_IRQHandler
                0x1008034c                audioss_interrupt_pdm_IRQHandler
                0x1008034c                srss_interrupt_mcwdt_0_IRQHandler
                0x1008034c                scb_3_interrupt_IRQHandler
                0x1008034c                pass_interrupt_ctbs_IRQHandler
                0x1008034c                udb_interrupts_8_IRQHandler
                0x1008034c                ioss_interrupts_gpio_3_IRQHandler
                0x1008034c                scb_6_interrupt_IRQHandler
                0x1008034c                cpuss_interrupts_cm4_cti_0_IRQHandler
                0x1008034c                cpuss_interrupts_dw1_3_IRQHandler
                0x1008034c                pass_interrupt_sar_IRQHandler
                0x1008034c                ioss_interrupts_gpio_0_IRQHandler
                0x1008034c                ioss_interrupts_gpio_14_IRQHandler
                0x1008034c                tcpwm_0_interrupts_4_IRQHandler
                0x1008034c                udb_interrupts_3_IRQHandler
                0x1008034c                tcpwm_0_interrupts_5_IRQHandler
                0x1008034c                cpuss_interrupts_ipc_15_IRQHandler
                0x1008034c                cpuss_interrupts_cm4_cti_1_IRQHandler
                0x1008034c                scb_8_interrupt_IRQHandler
                0x1008034c                srss_interrupt_mcwdt_1_IRQHandler
                0x1008034c                cpuss_interrupts_dw1_2_IRQHandler
                0x1008034c                SVC_Handler
                0x1008034c                cpuss_interrupts_dw1_5_IRQHandler
                0x1008034c                cpuss_interrupts_ipc_1_IRQHandler
                0x1008034c                cpuss_interrupts_dw0_0_IRQHandler
                0x1008034c                ioss_interrupts_gpio_12_IRQHandler
                0x1008034c                cpuss_interrupts_ipc_3_IRQHandler
                0x1008034c                tcpwm_1_interrupts_17_IRQHandler
                0x1008034c                srss_interrupt_backup_IRQHandler
                0x1008034c                bless_interrupt_IRQHandler
                0x1008034c                cpuss_interrupts_ipc_10_IRQHandler
                0x1008034c                cpuss_interrupts_ipc_9_IRQHandler
                0x1008034c                cpuss_interrupts_dw0_14_IRQHandler
                0x1008034c                tcpwm_1_interrupts_4_IRQHandler
                0x1008034c                tcpwm_0_interrupts_3_IRQHandler
                0x1008034c                cpuss_interrupts_dw1_15_IRQHandler
                0x1008034c                ioss_interrupts_gpio_10_IRQHandler
                0x1008034c                udb_interrupts_10_IRQHandler
                0x1008034c                cpuss_interrupts_dw0_8_IRQHandler
                0x1008034c                ioss_interrupts_gpio_11_IRQHandler
                0x1008034c                cpuss_interrupts_ipc_14_IRQHandler
                0x1008034c                ioss_interrupts_gpio_5_IRQHandler
                0x1008034c                ioss_interrupts_gpio_4_IRQHandler
                0x1008034c                tcpwm_1_interrupts_8_IRQHandler
                0x1008034c                cpuss_interrupts_dw1_14_IRQHandler
                0x1008034c                usb_interrupt_med_IRQHandler
                0x1008034c                cpuss_interrupts_dw0_2_IRQHandler
                0x1008034c                tcpwm_1_interrupts_10_IRQHandler
                0x1008034c                cpuss_interrupts_fault_0_IRQHandler
                0x1008034c                cpuss_interrupts_dw0_12_IRQHandler
                0x1008034c                ioss_interrupts_gpio_6_IRQHandler
                0x1008034c                tcpwm_1_interrupts_21_IRQHandler
                0x1008034c                tcpwm_1_interrupts_16_IRQHandler
                0x1008034c                cpuss_interrupts_dw1_4_IRQHandler
                0x1008034c                udb_interrupts_15_IRQHandler
                0x1008034c                cpuss_interrupts_dw1_11_IRQHandler
                0x1008034c                cpuss_interrupts_dw0_6_IRQHandler
                0x1008034c                ioss_interrupt_vdd_IRQHandler
                0x1008034c                cpuss_interrupts_dw0_7_IRQHandler
                0x1008034c                audioss_interrupt_i2s_IRQHandler
                0x1008034c                tcpwm_1_interrupts_5_IRQHandler
                0x1008034c                cpuss_interrupts_ipc_2_IRQHandler
                0x1008034c                cpuss_interrupts_dw0_10_IRQHandler
                0x1008034c                tcpwm_1_interrupts_19_IRQHandler
                0x1008034c                cpuss_interrupts_dw0_1_IRQHandler
                0x1008034c                ioss_interrupts_gpio_9_IRQHandler
                0x1008034c                usb_interrupt_lo_IRQHandler
                0x1008034c                cpuss_interrupts_ipc_8_IRQHandler
                0x1008034c                udb_interrupts_14_IRQHandler
                0x1008034c                cpuss_interrupts_dw0_3_IRQHandler
                0x10080350                UsageFault_Handler
                0x10080350                HardFault_Handler
                0x10080350                MemManage_Handler
                0x10080350                BusFault_Handler
 .text.WdtInterruptHandler
                0x1008036c       0x38 .\CortexM4\ARM_GCC_541\Debug\main_cm4.o
                0x1008036c                WdtInterruptHandler
 .text.InitializeWDT
                0x100803a4       0x68 .\CortexM4\ARM_GCC_541\Debug\main_cm4.o
                0x100803a4                InitializeWDT
 .text.main     0x1008040c       0x24 .\CortexM4\ARM_GCC_541\Debug\main_cm4.o
                0x1008040c                main
 .text.Cy_SysIpcPipeIsrCm4
                0x10080430        0xc .\CortexM4\ARM_GCC_541\Debug\system_psoc6_cm4.o
                0x10080430                Cy_SysIpcPipeIsrCm4
 .text.Cy_SystemInit
                0x1008043c        0x4 .\CortexM4\ARM_GCC_541\Debug\system_psoc6_cm4.o
                0x1008043c                Cy_SystemInit
 .text.SystemCoreClockUpdate
                0x10080440      0x190 .\CortexM4\ARM_GCC_541\Debug\system_psoc6_cm4.o
                0x10080440                SystemCoreClockUpdate
 .text.SystemInit
                0x100805d0       0x48 .\CortexM4\ARM_GCC_541\Debug\system_psoc6_cm4.o
                0x100805d0                SystemInit
 .text.Cy_SystemInitFpuEnable
                0x10080618       0x28 .\CortexM4\ARM_GCC_541\Debug\system_psoc6_cm4.o
                0x10080618                Cy_SystemInitFpuEnable
 .text.AppCallBack
                0x10080640      0x2c0 .\CortexM4\ARM_GCC_541\Debug\host_main.o
                0x10080640                AppCallBack
 .text.HostMain
                0x10080900       0x74 .\CortexM4\ARM_GCC_541\Debug\host_main.o
                0x10080900                HostMain
 .text.IasEventHandler
                0x10080974       0x1c .\CortexM4\ARM_GCC_541\Debug\ias.o
                0x10080974                IasEventHandler
 .text.IasInit  0x10080990       0x10 .\CortexM4\ARM_GCC_541\Debug\ias.o
                0x10080990                IasInit
 .text.IasSetAlertLevel
                0x100809a0        0xc .\CortexM4\ARM_GCC_541\Debug\ias.o
                0x100809a0                IasSetAlertLevel
 .text.IasGetAlertLevel
                0x100809ac        0xc .\CortexM4\ARM_GCC_541\Debug\ias.o
                0x100809ac                IasGetAlertLevel
 .text.ui_timer
                0x100809b8       0x7c .\CortexM4\ARM_GCC_541\Debug\user_interface.o
                0x100809b8                ui_timer
 .text.ui_draw_splash_screen
                0x10080a34       0x34 .\CortexM4\ARM_GCC_541\Debug\user_interface.o
                0x10080a34                ui_draw_splash_screen
 .text.ui_draw_title
                0x10080a68       0x30 .\CortexM4\ARM_GCC_541\Debug\user_interface.o
                0x10080a68                ui_draw_title
 .text.ui_draw_buttons
                0x10080a98       0xb4 .\CortexM4\ARM_GCC_541\Debug\user_interface.o
                0x10080a98                ui_draw_buttons
 .text.ui_draw_select_window
                0x10080b4c       0x7c .\CortexM4\ARM_GCC_541\Debug\user_interface.o
                0x10080b4c                ui_draw_select_window
 .text.ui_clear_icon
                0x10080bc8       0x24 .\CortexM4\ARM_GCC_541\Debug\user_interface.o
                0x10080bc8                ui_clear_icon
 .text.ui_draw_icon_text
                0x10080bec       0x7c .\CortexM4\ARM_GCC_541\Debug\user_interface.o
                0x10080bec                ui_draw_icon_text
 .text.ui_draw_icons
                0x10080c68       0xf0 .\CortexM4\ARM_GCC_541\Debug\user_interface.o
                0x10080c68                ui_draw_icons
 .text.ui_draw_diag
                0x10080d58      0x234 .\CortexM4\ARM_GCC_541\Debug\user_interface.o
                0x10080d58                ui_draw_diag
 .text.ui_tens_task
                0x10080f8c       0xa0 .\CortexM4\ARM_GCC_541\Debug\user_interface.o
                0x10080f8c                ui_tens_task
 .text.ui_settings_tens_freq
                0x1008102c       0x88 .\CortexM4\ARM_GCC_541\Debug\user_interface.o
                0x1008102c                ui_settings_tens_freq
 .text.ui_settings_tens_dur
                0x100810b4       0x84 .\CortexM4\ARM_GCC_541\Debug\user_interface.o
                0x100810b4                ui_settings_tens_dur
 .text.ui_settings_tens_amp
                0x10081138       0xc8 .\CortexM4\ARM_GCC_541\Debug\user_interface.o
                0x10081138                ui_settings_tens_amp
 .text.ui_vibe_task
                0x10081200       0x60 .\CortexM4\ARM_GCC_541\Debug\user_interface.o
                0x10081200                ui_vibe_task
 .text.ui_settings_vibe_amp
                0x10081260       0x40 .\CortexM4\ARM_GCC_541\Debug\user_interface.o
                0x10081260                ui_settings_vibe_amp
 .text.ui_settings_temp
                0x100812a0       0x34 .\CortexM4\ARM_GCC_541\Debug\user_interface.o
                0x100812a0                ui_settings_temp
 .text.ui_settings
                0x100812d4       0x3c .\CortexM4\ARM_GCC_541\Debug\user_interface.o
                0x100812d4                ui_settings
 .text.ui_menu_task
                0x10081310      0x198 .\CortexM4\ARM_GCC_541\Debug\user_interface.o
                0x10081310                ui_menu_task
 .text.ui_task  0x100814a8      0x100 .\CortexM4\ARM_GCC_541\Debug\user_interface.o
                0x100814a8                ui_task
 .text.UpdateLedState
                0x100815a8       0x18 .\CortexM4\ARM_GCC_541\Debug\user_interface.o
                0x100815a8                UpdateLedState
 .text._delay_ms
                0x100815c0        0x8 .\CortexM4\ARM_GCC_541\Debug\st7735.o
                0x100815c0                _delay_ms
 .text.pgm_read_byte
                0x100815c8        0x4 .\CortexM4\ARM_GCC_541\Debug\st7735.o
                0x100815c8                pgm_read_byte
 .text.ST7735_Reset
                0x100815cc       0x10 .\CortexM4\ARM_GCC_541\Debug\st7735.o
                0x100815cc                ST7735_Reset
 .text.ST7735_SPI_Init
                0x100815dc       0x24 .\CortexM4\ARM_GCC_541\Debug\st7735.o
                0x100815dc                ST7735_SPI_Init
 .text.ST7735_CommandSend
                0x10081600       0x94 .\CortexM4\ARM_GCC_541\Debug\st7735.o
                0x10081600                ST7735_CommandSend
 .text.ST7735_Data8BitsSend
                0x10081694       0x94 .\CortexM4\ARM_GCC_541\Debug\st7735.o
                0x10081694                ST7735_Data8BitsSend
 .text.ST7735_Data16BitsSend
                0x10081728       0xb0 .\CortexM4\ARM_GCC_541\Debug\st7735.o
                0x10081728                ST7735_Data16BitsSend
 .text.ST7735_SetWindow
                0x100817d8       0x64 .\CortexM4\ARM_GCC_541\Debug\st7735.o
                0x100817d8                ST7735_SetWindow
 .text.ST7735_SendColor565
                0x1008183c       0x20 .\CortexM4\ARM_GCC_541\Debug\st7735.o
                0x1008183c                ST7735_SendColor565
 .text.ST7735_DrawPixel
                0x1008185c       0x18 .\CortexM4\ARM_GCC_541\Debug\st7735.o
                0x1008185c                ST7735_DrawPixel
 .text.ST7735_RAM_Content_Show
                0x10081874        0xc .\CortexM4\ARM_GCC_541\Debug\st7735.o
                0x10081874                ST7735_RAM_Content_Show
 .text.ST7735_ClearScreen
                0x10081880       0x1c .\CortexM4\ARM_GCC_541\Debug\st7735.o
                0x10081880                ST7735_ClearScreen
 .text.ST7735_DrawChar
                0x1008189c      0x1a8 .\CortexM4\ARM_GCC_541\Debug\st7735.o
                0x1008189c                ST7735_DrawChar
 .text.ST7735_SetPosition
                0x10081a44       0x30 .\CortexM4\ARM_GCC_541\Debug\st7735.o
                0x10081a44                ST7735_SetPosition
 .text.ST7735_CheckPosition
                0x10081a74       0x2c .\CortexM4\ARM_GCC_541\Debug\st7735.o
                0x10081a74                ST7735_CheckPosition
 .text.ST7735_DrawString
                0x10081aa0       0x50 .\CortexM4\ARM_GCC_541\Debug\st7735.o
                0x10081aa0                ST7735_DrawString
 .text.ST7735_DrawLine
                0x10081af0       0xd0 .\CortexM4\ARM_GCC_541\Debug\st7735.o
                0x10081af0                ST7735_DrawLine
 .text.ST7735_DrawRectangle
                0x10081bc0       0x40 .\CortexM4\ARM_GCC_541\Debug\st7735.o
                0x10081bc0                ST7735_DrawRectangle
 .text.ST7735_DelayMs
                0x10081c00       0x18 .\CortexM4\ARM_GCC_541\Debug\st7735.o
                0x10081c00                ST7735_DelayMs
 .text.ST7735_Commands
                0x10081c18       0x60 .\CortexM4\ARM_GCC_541\Debug\st7735.o
                0x10081c18                ST7735_Commands
 .text.ST7735_Init
                0x10081c78       0x18 .\CortexM4\ARM_GCC_541\Debug\st7735.o
                0x10081c78                ST7735_Init
 .text.power_timer
                0x10081c90       0x14 .\CortexM4\ARM_GCC_541\Debug\power.o
                0x10081c90                power_timer
 .text.power_flags_update
                0x10081ca4       0x28 .\CortexM4\ARM_GCC_541\Debug\power.o
                0x10081ca4                power_flags_update
 .text.power_init
                0x10081ccc       0x34 .\CortexM4\ARM_GCC_541\Debug\power.o
                0x10081ccc                power_init
 .text.power_wakeup
                0x10081d00       0x1c .\CortexM4\ARM_GCC_541\Debug\power.o
                0x10081d00                power_wakeup
 .text.power_task
                0x10081d1c        0x4 .\CortexM4\ARM_GCC_541\Debug\power.o
                0x10081d1c                power_task
 .text.power_i2c_read_reg
                0x10081d20       0x48 .\CortexM4\ARM_GCC_541\Debug\power.o
                0x10081d20                power_i2c_read_reg
 .text.power_get_diag_data
                0x10081d68       0x18 .\CortexM4\ARM_GCC_541\Debug\power.o
                0x10081d68                power_get_diag_data
 .text.power_i2c_write_reg
                0x10081d80       0x24 .\CortexM4\ARM_GCC_541\Debug\power.o
                0x10081d80                power_i2c_write_reg
 .text.power_5v_on
                0x10081da4       0x28 .\CortexM4\ARM_GCC_541\Debug\power.o
                0x10081da4                power_5v_on
 .text.power_5v_off
                0x10081dcc       0x28 .\CortexM4\ARM_GCC_541\Debug\power.o
                0x10081dcc                power_5v_off
 .text.I2C_SCL_Read
                0x10081df4       0x10 .\CortexM4\ARM_GCC_541\Debug\power.o
                0x10081df4                I2C_SCL_Read
 .text.I2C_SDA_Read
                0x10081e04       0x10 .\CortexM4\ARM_GCC_541\Debug\power.o
                0x10081e04                I2C_SDA_Read
 .text.I2C_SCL_Write
                0x10081e14       0x2c .\CortexM4\ARM_GCC_541\Debug\power.o
                0x10081e14                I2C_SCL_Write
 .text.I2C_SDA_Write
                0x10081e40       0x2c .\CortexM4\ARM_GCC_541\Debug\power.o
                0x10081e40                I2C_SDA_Write
 .text.myI2C_SCLidle
                0x10081e6c       0x24 .\CortexM4\ARM_GCC_541\Debug\my_i2c.o
                0x10081e6c                myI2C_SCLidle
 .text.myI2C_SDAidle
                0x10081e90       0x24 .\CortexM4\ARM_GCC_541\Debug\my_i2c.o
                0x10081e90                myI2C_SDAidle
 .text.myI2C_I2CMasterSendStop
                0x10081eb4       0x54 .\CortexM4\ARM_GCC_541\Debug\my_i2c.o
                0x10081eb4                myI2C_I2CMasterSendStop
 .text.myI2C_I2CMasterClearStatus
                0x10081f08       0x20 .\CortexM4\ARM_GCC_541\Debug\my_i2c.o
                0x10081f08                myI2C_I2CMasterClearStatus
 .text.myI2C_I2CMasterWriteByte
                0x10081f28       0x70 .\CortexM4\ARM_GCC_541\Debug\my_i2c.o
                0x10081f28                myI2C_I2CMasterWriteByte
 .text.myI2C_I2CMasterSendRestart
                0x10081f98       0xac .\CortexM4\ARM_GCC_541\Debug\my_i2c.o
                0x10081f98                myI2C_I2CMasterSendRestart
 .text.myI2C_I2CMasterSendStart
                0x10082044       0x18 .\CortexM4\ARM_GCC_541\Debug\my_i2c.o
                0x10082044                myI2C_I2CMasterSendStart
 .text.myI2C_I2CMasterReadByte
                0x1008205c       0x6c .\CortexM4\ARM_GCC_541\Debug\my_i2c.o
                0x1008205c                myI2C_I2CMasterReadByte
 .text.MY_UART_PIN_Write
                0x100820c8       0x2c .\CortexM4\ARM_GCC_541\Debug\myUART.o
                0x100820c8                MY_UART_PIN_Write
 .text.myUART_PutChar
                0x100820f4       0x38 .\CortexM4\ARM_GCC_541\Debug\myUART.o
                0x100820f4                myUART_PutChar
 .text.change   0x1008212c        0xc .\CortexM4\ARM_GCC_541\Debug\myprintf.o
 .text.iputc    0x10082138        0x8 .\CortexM4\ARM_GCC_541\Debug\myprintf.o
 .text.myprintf
                0x10082140      0x154 .\CortexM4\ARM_GCC_541\Debug\myprintf.o
                0x10082140                myprintf
 .text.a_st7789_write_byte
                0x10082294       0x40 .\CortexM4\ARM_GCC_541\Debug\driver_st7789.o
 .text.a_st7789_write_bytes
                0x100822d4       0x3c .\CortexM4\ARM_GCC_541\Debug\driver_st7789.o
 .text.a_st7789_draw_point
                0x10082310      0x168 .\CortexM4\ARM_GCC_541\Debug\driver_st7789.o
 .text.a_st7789_show_char
                0x10082478       0xcc .\CortexM4\ARM_GCC_541\Debug\driver_st7789.o
 .text.st7789_sleep_out
                0x10082544       0x5c .\CortexM4\ARM_GCC_541\Debug\driver_st7789.o
                0x10082544                st7789_sleep_out
 .text.st7789_normal_display_mode_on
                0x100825a0       0x34 .\CortexM4\ARM_GCC_541\Debug\driver_st7789.o
                0x100825a0                st7789_normal_display_mode_on
 .text.st7789_display_inversion_on
                0x100825d4       0x34 .\CortexM4\ARM_GCC_541\Debug\driver_st7789.o
                0x100825d4                st7789_display_inversion_on
 .text.st7789_set_gamma
                0x10082608       0x54 .\CortexM4\ARM_GCC_541\Debug\driver_st7789.o
                0x10082608                st7789_set_gamma
 .text.st7789_display_on
                0x1008265c       0x34 .\CortexM4\ARM_GCC_541\Debug\driver_st7789.o
                0x1008265c                st7789_display_on
 .text.st7789_set_memory_data_access_control
                0x10082690       0x50 .\CortexM4\ARM_GCC_541\Debug\driver_st7789.o
                0x10082690                st7789_set_memory_data_access_control
 .text.st7789_idle_mode_off
                0x100826e0       0x34 .\CortexM4\ARM_GCC_541\Debug\driver_st7789.o
                0x100826e0                st7789_idle_mode_off
 .text.st7789_set_interface_pixel_format
                0x10082714       0x58 .\CortexM4\ARM_GCC_541\Debug\driver_st7789.o
                0x10082714                st7789_set_interface_pixel_format
 .text.st7789_set_display_brightness
                0x1008276c       0x50 .\CortexM4\ARM_GCC_541\Debug\driver_st7789.o
                0x1008276c                st7789_set_display_brightness
 .text.st7789_set_display_control
                0x100827bc       0x64 .\CortexM4\ARM_GCC_541\Debug\driver_st7789.o
                0x100827bc                st7789_set_display_control
 .text.st7789_set_brightness_control_and_color_enhancement
                0x10082820       0x64 .\CortexM4\ARM_GCC_541\Debug\driver_st7789.o
                0x10082820                st7789_set_brightness_control_and_color_enhancement
 .text.st7789_set_cabc_minimum_brightness
                0x10082884       0x50 .\CortexM4\ARM_GCC_541\Debug\driver_st7789.o
                0x10082884                st7789_set_cabc_minimum_brightness
 .text.st7789_set_ram_control
                0x100828d4       0x84 .\CortexM4\ARM_GCC_541\Debug\driver_st7789.o
                0x100828d4                st7789_set_ram_control
 .text.st7789_set_rgb_interface_control
                0x10082958       0xc4 .\CortexM4\ARM_GCC_541\Debug\driver_st7789.o
                0x10082958                st7789_set_rgb_interface_control
 .text.st7789_set_porch
                0x10082a1c      0x110 .\CortexM4\ARM_GCC_541\Debug\driver_st7789.o
                0x10082a1c                st7789_set_porch
 .text.st7789_set_frame_rate_control
                0x10082b2c       0xb0 .\CortexM4\ARM_GCC_541\Debug\driver_st7789.o
                0x10082b2c                st7789_set_frame_rate_control
 .text.st7789_set_partial_mode_control
                0x10082bdc       0x64 .\CortexM4\ARM_GCC_541\Debug\driver_st7789.o
                0x10082bdc                st7789_set_partial_mode_control
 .text.st7789_set_gate_control
                0x10082c40       0x54 .\CortexM4\ARM_GCC_541\Debug\driver_st7789.o
                0x10082c40                st7789_set_gate_control
 .text.st7789_set_gate_on_timing_adjustment
                0x10082c94       0xb8 .\CortexM4\ARM_GCC_541\Debug\driver_st7789.o
                0x10082c94                st7789_set_gate_on_timing_adjustment
 .text.st7789_set_digital_gamma
                0x10082d4c       0x54 .\CortexM4\ARM_GCC_541\Debug\driver_st7789.o
                0x10082d4c                st7789_set_digital_gamma
 .text.st7789_set_vcoms
                0x10082da0       0x64 .\CortexM4\ARM_GCC_541\Debug\driver_st7789.o
                0x10082da0                st7789_set_vcoms
 .text.st7789_vcom_convert_to_register
                0x10082e04       0x3c .\CortexM4\ARM_GCC_541\Debug\driver_st7789.o
                0x10082e04                st7789_vcom_convert_to_register
 .text.st7789_set_lcm_control
                0x10082e40       0x80 .\CortexM4\ARM_GCC_541\Debug\driver_st7789.o
                0x10082e40                st7789_set_lcm_control
 .text.st7789_set_vdv_vrh_from
                0x10082ec0       0x60 .\CortexM4\ARM_GCC_541\Debug\driver_st7789.o
                0x10082ec0                st7789_set_vdv_vrh_from
 .text.st7789_set_vrhs
                0x10082f20       0x64 .\CortexM4\ARM_GCC_541\Debug\driver_st7789.o
                0x10082f20                st7789_set_vrhs
 .text.st7789_vrhs_convert_to_register
                0x10082f84       0x3c .\CortexM4\ARM_GCC_541\Debug\driver_st7789.o
                0x10082f84                st7789_vrhs_convert_to_register
 .text.st7789_set_vdv
                0x10082fc0       0x64 .\CortexM4\ARM_GCC_541\Debug\driver_st7789.o
                0x10082fc0                st7789_set_vdv
 .text.st7789_vdv_convert_to_register
                0x10083024       0x3c .\CortexM4\ARM_GCC_541\Debug\driver_st7789.o
                0x10083024                st7789_vdv_convert_to_register
 .text.st7789_set_vcoms_offset
                0x10083060       0x64 .\CortexM4\ARM_GCC_541\Debug\driver_st7789.o
                0x10083060                st7789_set_vcoms_offset
 .text.st7789_vcoms_offset_convert_to_register
                0x100830c4       0x3c .\CortexM4\ARM_GCC_541\Debug\driver_st7789.o
                0x100830c4                st7789_vcoms_offset_convert_to_register
 .text.st7789_set_frame_rate
                0x10083100       0x54 .\CortexM4\ARM_GCC_541\Debug\driver_st7789.o
                0x10083100                st7789_set_frame_rate
 .text.st7789_set_cabc_control
                0x10083154       0x68 .\CortexM4\ARM_GCC_541\Debug\driver_st7789.o
                0x10083154                st7789_set_cabc_control
 .text.st7789_set_pwm_frequency
                0x100831bc       0x50 .\CortexM4\ARM_GCC_541\Debug\driver_st7789.o
                0x100831bc                st7789_set_pwm_frequency
 .text.st7789_set_power_control_1
                0x1008320c       0x70 .\CortexM4\ARM_GCC_541\Debug\driver_st7789.o
                0x1008320c                st7789_set_power_control_1
 .text.st7789_set_command_2_enable
                0x1008327c       0x70 .\CortexM4\ARM_GCC_541\Debug\driver_st7789.o
                0x1008327c                st7789_set_command_2_enable
 .text.st7789_set_positive_voltage_gamma_control
                0x100832ec       0x54 .\CortexM4\ARM_GCC_541\Debug\driver_st7789.o
                0x100832ec                st7789_set_positive_voltage_gamma_control
 .text.st7789_set_negative_voltage_gamma_control
                0x10083340       0x54 .\CortexM4\ARM_GCC_541\Debug\driver_st7789.o
                0x10083340                st7789_set_negative_voltage_gamma_control
 .text.st7789_set_digital_gamma_look_up_table_red
                0x10083394       0x54 .\CortexM4\ARM_GCC_541\Debug\driver_st7789.o
                0x10083394                st7789_set_digital_gamma_look_up_table_red
 .text.st7789_set_digital_gamma_look_up_table_blue
                0x100833e8       0x54 .\CortexM4\ARM_GCC_541\Debug\driver_st7789.o
                0x100833e8                st7789_set_digital_gamma_look_up_table_blue
 .text.st7789_set_gate
                0x1008343c       0x9c .\CortexM4\ARM_GCC_541\Debug\driver_st7789.o
                0x1008343c                st7789_set_gate
 .text.st7789_gate_line_convert_to_register
                0x100834d8       0x1c .\CortexM4\ARM_GCC_541\Debug\driver_st7789.o
                0x100834d8                st7789_gate_line_convert_to_register
 .text.st7789_set_spi2_enable
                0x100834f4       0x54 .\CortexM4\ARM_GCC_541\Debug\driver_st7789.o
                0x100834f4                st7789_set_spi2_enable
 .text.st7789_set_power_control_2
                0x10083548       0x54 .\CortexM4\ARM_GCC_541\Debug\driver_st7789.o
                0x10083548                st7789_set_power_control_2
 .text.st7789_set_equalize_time_control
                0x1008359c       0xa4 .\CortexM4\ARM_GCC_541\Debug\driver_st7789.o
                0x1008359c                st7789_set_equalize_time_control
 .text.st7789_set_program_mode_enable
                0x10083640       0x70 .\CortexM4\ARM_GCC_541\Debug\driver_st7789.o
                0x10083640                st7789_set_program_mode_enable
 .text.st7789_init
                0x100836b0      0x148 .\CortexM4\ARM_GCC_541\Debug\driver_st7789.o
                0x100836b0                st7789_init
 .text.st7789_deinit
                0x100837f8       0x74 .\CortexM4\ARM_GCC_541\Debug\driver_st7789.o
                0x100837f8                st7789_deinit
 .text.st7789_set_column
                0x1008386c       0x2c .\CortexM4\ARM_GCC_541\Debug\driver_st7789.o
                0x1008386c                st7789_set_column
 .text.st7789_set_row
                0x10083898       0x30 .\CortexM4\ARM_GCC_541\Debug\driver_st7789.o
                0x10083898                st7789_set_row
 .text.st7789_clear
                0x100838c8      0x24c .\CortexM4\ARM_GCC_541\Debug\driver_st7789.o
                0x100838c8                st7789_clear
 .text.st7789_fill_rect
                0x10083b14      0x338 .\CortexM4\ARM_GCC_541\Debug\driver_st7789.o
                0x10083b14                st7789_fill_rect
 .text.st7789_draw_picture_16bits
                0x10083e4c      0x238 .\CortexM4\ARM_GCC_541\Debug\driver_st7789.o
                0x10083e4c                st7789_draw_picture_16bits
 .text.st7789_write_string
                0x10084084       0xd8 .\CortexM4\ARM_GCC_541\Debug\driver_st7789.o
                0x10084084                st7789_write_string
 .text.st7789_draw_point
                0x1008415c       0x48 .\CortexM4\ARM_GCC_541\Debug\driver_st7789.o
                0x1008415c                st7789_draw_point
 .text.st7789_info
                0x100841a4       0x70 .\CortexM4\ARM_GCC_541\Debug\driver_st7789.o
                0x100841a4                st7789_info
 .text.st7789_interface_spi_init
                0x10084214       0x24 .\CortexM4\ARM_GCC_541\Debug\driver_st7789_interface_template.o
                0x10084214                st7789_interface_spi_init
 .text.st7789_interface_spi_deinit
                0x10084238        0x4 .\CortexM4\ARM_GCC_541\Debug\driver_st7789_interface_template.o
                0x10084238                st7789_interface_spi_deinit
 .text.st7789_interface_spi_write_cmd
                0x1008423c       0xb4 .\CortexM4\ARM_GCC_541\Debug\driver_st7789_interface_template.o
                0x1008423c                st7789_interface_spi_write_cmd
 .text.st7789_interface_delay_ms
                0x100842f0        0xc .\CortexM4\ARM_GCC_541\Debug\driver_st7789_interface_template.o
                0x100842f0                st7789_interface_delay_ms
 .text.st7789_interface_debug_print
                0x100842fc        0x8 .\CortexM4\ARM_GCC_541\Debug\driver_st7789_interface_template.o
                0x100842fc                st7789_interface_debug_print
 .text.st7789_interface_cmd_data_gpio_init
                0x10084304        0x4 .\CortexM4\ARM_GCC_541\Debug\driver_st7789_interface_template.o
                0x10084304                st7789_interface_cmd_data_gpio_init
 .text.st7789_interface_cmd_data_gpio_deinit
                0x10084308        0x4 .\CortexM4\ARM_GCC_541\Debug\driver_st7789_interface_template.o
                0x10084308                st7789_interface_cmd_data_gpio_deinit
 .text.st7789_interface_cmd_data_gpio_write
                0x1008430c        0x4 .\CortexM4\ARM_GCC_541\Debug\driver_st7789_interface_template.o
                0x1008430c                st7789_interface_cmd_data_gpio_write
 .text.st7789_interface_reset_gpio_init
                0x10084310        0x4 .\CortexM4\ARM_GCC_541\Debug\driver_st7789_interface_template.o
                0x10084310                st7789_interface_reset_gpio_init
 .text.st7789_interface_reset_gpio_deinit
                0x10084314        0x4 .\CortexM4\ARM_GCC_541\Debug\driver_st7789_interface_template.o
                0x10084314                st7789_interface_reset_gpio_deinit
 .text.st7789_interface_reset_gpio_write
                0x10084318        0x4 .\CortexM4\ARM_GCC_541\Debug\driver_st7789_interface_template.o
                0x10084318                st7789_interface_reset_gpio_write
 .text.st7789_display_test
                0x1008431c      0xd44 .\CortexM4\ARM_GCC_541\Debug\driver_st7789_display_test.o
                0x1008431c                st7789_display_test
 .text.Cy_BLE_Start
                0x10085060       0x38 .\CortexM4\ARM_GCC_541\Debug\BLE.o
                0x10085060                Cy_BLE_Start
 .text.Cy_BLE_Stop
                0x10085098        0x8 .\CortexM4\ARM_GCC_541\Debug\BLE.o
                0x10085098                Cy_BLE_Stop
 .text.SPI_Interrupt
                0x100850a0       0x14 .\CortexM4\ARM_GCC_541\Debug\SPI.o
 .text.SPI_Start
                0x100850b4       0x70 .\CortexM4\ARM_GCC_541\Debug\SPI.o
                0x100850b4                SPI_Start
 .text.PWM_TENS_Start
                0x10085124       0x30 .\CortexM4\ARM_GCC_541\Debug\PWM_TENS.o
                0x10085124                PWM_TENS_Start
 .text.PWM_FAN_Start
                0x10085154       0x30 .\CortexM4\ARM_GCC_541\Debug\PWM_FAN.o
                0x10085154                PWM_FAN_Start
 .text.LCD_PWM_Start
                0x10085184       0x30 .\CortexM4\ARM_GCC_541\Debug\LCD_PWM.o
                0x10085184                LCD_PWM_Start
 .text.PWM_PEL1_Start
                0x100851b4       0x30 .\CortexM4\ARM_GCC_541\Debug\PWM_PEL1.o
                0x100851b4                PWM_PEL1_Start
 .text.PWM_PEL2_Start
                0x100851e4       0x30 .\CortexM4\ARM_GCC_541\Debug\PWM_PEL2.o
                0x100851e4                PWM_PEL2_Start
 .text.Cy_Flash_ProcessOpcode
                0x10085214       0xac .\CortexM4\ARM_GCC_541\Debug\cy_flash.o
 .text.Cy_Flash_OperationStatus
                0x100852c0       0x5c .\CortexM4\ARM_GCC_541\Debug\cy_flash.o
 .text.Cy_Flash_InitExt
                0x1008531c       0x80 .\CortexM4\ARM_GCC_541\Debug\cy_flash.o
                0x1008531c                Cy_Flash_InitExt
 .text.Cy_Flash_Init
                0x1008539c       0x10 .\CortexM4\ARM_GCC_541\Debug\cy_flash.o
                0x1008539c                Cy_Flash_Init
 .text.Cy_IPC_Drv_LockRelease
                0x100853ac       0x3c .\CortexM4\ARM_GCC_541\Debug\cy_ipc_drv.o
                0x100853ac                Cy_IPC_Drv_LockRelease
 .text.Cy_IPC_Drv_SendMsgWord
                0x100853e8       0x3c .\CortexM4\ARM_GCC_541\Debug\cy_ipc_drv.o
                0x100853e8                Cy_IPC_Drv_SendMsgWord
 .text.Cy_IPC_Drv_ReadMsgWord
                0x10085424       0x38 .\CortexM4\ARM_GCC_541\Debug\cy_ipc_drv.o
                0x10085424                Cy_IPC_Drv_ReadMsgWord
 .text.Cy_IPC_Sema_InitExt
                0x1008545c       0xac .\CortexM4\ARM_GCC_541\Debug\cy_ipc_sema.o
                0x1008545c                Cy_IPC_Sema_InitExt
 .text.Cy_IPC_Sema_Init
                0x10085508       0x64 .\CortexM4\ARM_GCC_541\Debug\cy_ipc_sema.o
                0x10085508                Cy_IPC_Sema_Init
 .text.Cy_IPC_Sema_Clear
                0x1008556c       0x88 .\CortexM4\ARM_GCC_541\Debug\cy_ipc_sema.o
                0x1008556c                Cy_IPC_Sema_Clear
 .text.Cy_IPC_Sema_Status
                0x100855f4       0x40 .\CortexM4\ARM_GCC_541\Debug\cy_ipc_sema.o
                0x100855f4                Cy_IPC_Sema_Status
 .text.Cy_IPC_Pipe_Config
                0x10085634       0x10 .\CortexM4\ARM_GCC_541\Debug\cy_ipc_pipe.o
                0x10085634                Cy_IPC_Pipe_Config
 .text.Cy_IPC_Pipe_EndpointInit
                0x10085644       0xd0 .\CortexM4\ARM_GCC_541\Debug\cy_ipc_pipe.o
                0x10085644                Cy_IPC_Pipe_EndpointInit
 .text.Cy_IPC_Pipe_Init
                0x10085714       0xb4 .\CortexM4\ARM_GCC_541\Debug\cy_ipc_pipe.o
                0x10085714                Cy_IPC_Pipe_Init
 .text.Cy_IPC_Pipe_SendMessage
                0x100857c8       0xa4 .\CortexM4\ARM_GCC_541\Debug\cy_ipc_pipe.o
                0x100857c8                Cy_IPC_Pipe_SendMessage
 .text.Cy_IPC_Pipe_RegisterCallback
                0x1008586c       0x50 .\CortexM4\ARM_GCC_541\Debug\cy_ipc_pipe.o
                0x1008586c                Cy_IPC_Pipe_RegisterCallback
 .text.Cy_IPC_Pipe_RegisterCallbackRel
                0x100858bc       0x2c .\CortexM4\ARM_GCC_541\Debug\cy_ipc_pipe.o
                0x100858bc                Cy_IPC_Pipe_RegisterCallbackRel
 .text.Cy_IPC_Pipe_ExecCallback
                0x100858e8       0xbc .\CortexM4\ARM_GCC_541\Debug\cy_ipc_pipe.o
                0x100858e8                Cy_IPC_Pipe_ExecCallback
 .text.Cy_IPC_Pipe_ExecuteCallback
                0x100859a4       0x2c .\CortexM4\ARM_GCC_541\Debug\cy_ipc_pipe.o
                0x100859a4                Cy_IPC_Pipe_ExecuteCallback
 .text.Cy_IPC_Pipe_EndpointPause
                0x100859d0       0x54 .\CortexM4\ARM_GCC_541\Debug\cy_ipc_pipe.o
                0x100859d0                Cy_IPC_Pipe_EndpointPause
 .text.Cy_IPC_Pipe_EndpointResume
                0x10085a24       0x48 .\CortexM4\ARM_GCC_541\Debug\cy_ipc_pipe.o
                0x10085a24                Cy_IPC_Pipe_EndpointResume
 .text.Cy_SCB_ReadArrayNoCheck
                0x10085a6c       0x38 .\CortexM4\ARM_GCC_541\Debug\cy_scb_common.o
                0x10085a6c                Cy_SCB_ReadArrayNoCheck
 .text.Cy_SCB_Write
                0x10085aa4       0x28 .\CortexM4\ARM_GCC_541\Debug\cy_scb_common.o
                0x10085aa4                Cy_SCB_Write
 .text.Cy_SCB_WriteArrayNoCheck
                0x10085acc       0x38 .\CortexM4\ARM_GCC_541\Debug\cy_scb_common.o
                0x10085acc                Cy_SCB_WriteArrayNoCheck
 .text.Cy_SCB_WriteArray
                0x10085b04       0x2c .\CortexM4\ARM_GCC_541\Debug\cy_scb_common.o
                0x10085b04                Cy_SCB_WriteArray
 .text.Cy_SCB_WriteDefaultArrayNoCheck
                0x10085b30       0x10 .\CortexM4\ARM_GCC_541\Debug\cy_scb_common.o
                0x10085b30                Cy_SCB_WriteDefaultArrayNoCheck
 .text.DiscardArrayNoCheck
                0x10085b40       0x10 .\CortexM4\ARM_GCC_541\Debug\cy_scb_spi.o
 .text.HandleTransmit
                0x10085b50       0x98 .\CortexM4\ARM_GCC_541\Debug\cy_scb_spi.o
 .text.HandleReceive
                0x10085be8       0xd0 .\CortexM4\ARM_GCC_541\Debug\cy_scb_spi.o
 .text.Cy_SCB_SPI_Init
                0x10085cb8      0x268 .\CortexM4\ARM_GCC_541\Debug\cy_scb_spi.o
                0x10085cb8                Cy_SCB_SPI_Init
 .text.Cy_SCB_SPI_Interrupt
                0x10085f20       0xe0 .\CortexM4\ARM_GCC_541\Debug\cy_scb_spi.o
                0x10085f20                Cy_SCB_SPI_Interrupt
 .text.Cy_SysInt_SetVector
                0x10086000       0x48 .\CortexM4\ARM_GCC_541\Debug\cy_sysint.o
                0x10086000                Cy_SysInt_SetVector
 .text.Cy_SysInt_Init
                0x10086048       0x74 .\CortexM4\ARM_GCC_541\Debug\cy_sysint.o
                0x10086048                Cy_SysInt_Init
 .text.Cy_SysLib_Delay
                0x100860bc       0x30 .\CortexM4\ARM_GCC_541\Debug\cy_syslib.o
                0x100860bc                Cy_SysLib_Delay
 .text.Cy_SysLib_DelayUs
                0x100860ec       0x14 .\CortexM4\ARM_GCC_541\Debug\cy_syslib.o
                0x100860ec                Cy_SysLib_DelayUs
 .text.Cy_SysLib_Halt
                0x10086100        0x4 .\CortexM4\ARM_GCC_541\Debug\cy_syslib.o
                0x10086100                Cy_SysLib_Halt
 .text.Cy_SysLib_AssertFailed
                0x10086104       0x1c .\CortexM4\ARM_GCC_541\Debug\cy_syslib.o
                0x10086104                Cy_SysLib_AssertFailed
 .text.Cy_SysLib_ProcessingFault
                0x10086120        0x4 .\CortexM4\ARM_GCC_541\Debug\cy_syslib.o
                0x10086120                Cy_SysLib_ProcessingFault
 .text.Cy_SysLib_FaultHandler
                0x10086124       0xa4 .\CortexM4\ARM_GCC_541\Debug\cy_syslib.o
                0x10086124                Cy_SysLib_FaultHandler
 .text          0x100861c8       0x20 .\CortexM4\ARM_GCC_541\Debug\cy_syslib_gcc.o
                0x100861c8                Cy_SysLib_DelayCycles
                0x100861da                Cy_SysLib_EnterCriticalSection
                0x100861e2                Cy_SysLib_ExitCriticalSection
 .text.Cy_SysPm_RegisterCallback
                0x100861e8       0x5c .\CortexM4\ARM_GCC_541\Debug\cy_syspm.o
                0x100861e8                Cy_SysPm_RegisterCallback
 .text.Cy_SysPm_UnregisterCallback
                0x10086244       0x68 .\CortexM4\ARM_GCC_541\Debug\cy_syspm.o
                0x10086244                Cy_SysPm_UnregisterCallback
 .text.Cy_SysPm_IoUnfreeze
                0x100862ac       0x2c .\CortexM4\ARM_GCC_541\Debug\cy_syspm.o
                0x100862ac                Cy_SysPm_IoUnfreeze
 .text.Cy_TCPWM_PWM_Init
                0x100862d8      0x16c .\CortexM4\ARM_GCC_541\Debug\cy_tcpwm_pwm.o
                0x100862d8                Cy_TCPWM_PWM_Init
 .text.Cy_WDT_Locked
                0x10086444       0x14 .\CortexM4\ARM_GCC_541\Debug\cy_wdt.o
 .text.Cy_WDT_Lock
                0x10086458       0x14 .\CortexM4\ARM_GCC_541\Debug\cy_wdt.o
                0x10086458                Cy_WDT_Lock
 .text.Cy_WDT_Unlock
                0x1008646c       0x24 .\CortexM4\ARM_GCC_541\Debug\cy_wdt.o
                0x1008646c                Cy_WDT_Unlock
 .text.Cy_WDT_SetMatch
                0x10086490       0x34 .\CortexM4\ARM_GCC_541\Debug\cy_wdt.o
                0x10086490                Cy_WDT_SetMatch
 .text.Cy_WDT_SetIgnoreBits
                0x100864c4       0x38 .\CortexM4\ARM_GCC_541\Debug\cy_wdt.o
                0x100864c4                Cy_WDT_SetIgnoreBits
 .text.Cy_WDT_ClearInterrupt
                0x100864fc       0x14 .\CortexM4\ARM_GCC_541\Debug\cy_wdt.o
                0x100864fc                Cy_WDT_ClearInterrupt
 .text.Cy_PDL_Init
                0x10086510        0xc .\CortexM4\ARM_GCC_541\Debug\cy_device.o
                0x10086510                Cy_PDL_Init
 .text.Cy_BLE_DeepSleepCallback
                0x1008651c       0x88 .\CortexM4\ARM_GCC_541\Debug\cy_ble.o
                0x1008651c                Cy_BLE_DeepSleepCallback
 .text.Cy_BLE_SleepCallback
                0x100865a4       0x64 .\CortexM4\ARM_GCC_541\Debug\cy_ble.o
                0x100865a4                Cy_BLE_SleepCallback
 .text.Cy_BLE_UnregisterHostPMCallbacks
                0x10086608       0x18 .\CortexM4\ARM_GCC_541\Debug\cy_ble.o
                0x10086608                Cy_BLE_UnregisterHostPMCallbacks
 .text.Cy_BLE_Init
                0x10086620       0x44 .\CortexM4\ARM_GCC_541\Debug\cy_ble.o
                0x10086620                Cy_BLE_Init
 .text.Cy_BLE_Enable
                0x10086664      0x118 .\CortexM4\ARM_GCC_541\Debug\cy_ble.o
                0x10086664                Cy_BLE_Enable
 .text.Cy_BLE_Disable
                0x1008677c        0x8 .\CortexM4\ARM_GCC_541\Debug\cy_ble.o
                0x1008677c                Cy_BLE_Disable
 .text.Cy_BLE_IPC_HostMsgFlushRecvCallBack
                0x10086784       0x1c .\CortexM4\ARM_GCC_541\Debug\cy_ble_hal_pvt.o
 .text.Cy_BLE_IPC_HostMsgRecvCallBack
                0x100867a0       0x1c .\CortexM4\ARM_GCC_541\Debug\cy_ble_hal_pvt.o
 .text.Cy_BLE_HAL_BlockCalcCRC8
                0x100867bc       0x34 .\CortexM4\ARM_GCC_541\Debug\cy_ble_hal_pvt.o
                0x100867bc                Cy_BLE_HAL_BlockCalcCRC8
 .text.Cy_BLE_HAL_EnterCriticalSection
                0x100867f0        0x8 .\CortexM4\ARM_GCC_541\Debug\cy_ble_hal_pvt.o
                0x100867f0                Cy_BLE_HAL_EnterCriticalSection
 .text.Cy_BLE_HAL_ExitCriticalSection
                0x100867f8        0x8 .\CortexM4\ARM_GCC_541\Debug\cy_ble_hal_pvt.o
                0x100867f8                Cy_BLE_HAL_ExitCriticalSection
 .text.Cy_BLE_HAL_EnableHostIpcPipeInterrupt
                0x10086800        0xc .\CortexM4\ARM_GCC_541\Debug\cy_ble_hal_pvt.o
                0x10086800                Cy_BLE_HAL_EnableHostIpcPipeInterrupt
 .text.Cy_BLE_HAL_DisableHostIpcPipeInterrupt
                0x1008680c        0xc .\CortexM4\ARM_GCC_541\Debug\cy_ble_hal_pvt.o
                0x1008680c                Cy_BLE_HAL_DisableHostIpcPipeInterrupt
 .text.Cy_BLE_IPC_HostRegisterClientCallbacks
                0x10086818       0x34 .\CortexM4\ARM_GCC_541\Debug\cy_ble_hal_pvt.o
                0x10086818                Cy_BLE_IPC_HostRegisterClientCallbacks
 .text.Cy_BLE_IPC_SendMessageToController
                0x1008684c       0x20 .\CortexM4\ARM_GCC_541\Debug\cy_ble_hal_pvt.o
                0x1008684c                Cy_BLE_IPC_SendMessageToController
 .text.Cy_BLE_HAL_EccHeapInit
                0x1008686c        0x4 .\CortexM4\ARM_GCC_541\Debug\cy_ble_hal_pvt.o
                0x1008686c                Cy_BLE_HAL_EccHeapInit
 .text.Cy_BLE_HAL_EccHeapDeInit
                0x10086870        0x4 .\CortexM4\ARM_GCC_541\Debug\cy_ble_hal_pvt.o
                0x10086870                Cy_BLE_HAL_EccHeapDeInit
 .text.Cy_BLE_HAL_EccGetFeatureHeapReq
                0x10086874        0x4 .\CortexM4\ARM_GCC_541\Debug\cy_ble_hal_pvt.o
                0x10086874                Cy_BLE_HAL_EccGetFeatureHeapReq
 .text.Cy_BLE_HAL_PairingLocalPublicKeyHandler
                0x10086878        0x8 .\CortexM4\ARM_GCC_541\Debug\cy_ble_hal_pvt.o
                0x10086878                Cy_BLE_HAL_PairingLocalPublicKeyHandler
 .text.Cy_BLE_HAL_PairingRemoteKeyHandler
                0x10086880        0x8 .\CortexM4\ARM_GCC_541\Debug\cy_ble_hal_pvt.o
                0x10086880                Cy_BLE_HAL_PairingRemoteKeyHandler
 .text.Cy_BLE_HAL_PairingDhkeyHandler
                0x10086888        0x8 .\CortexM4\ARM_GCC_541\Debug\cy_ble_hal_pvt.o
                0x10086888                Cy_BLE_HAL_PairingDhkeyHandler
 .text.Cy_BLE_HAL_PairingDhkeyCheckHandler
                0x10086890        0x8 .\CortexM4\ARM_GCC_541\Debug\cy_ble_hal_pvt.o
                0x10086890                Cy_BLE_HAL_PairingDhkeyCheckHandler
 .text.Cy_BLE_HAL_PairingKeypressNotificationHandler
                0x10086898        0x8 .\CortexM4\ARM_GCC_541\Debug\cy_ble_hal_pvt.o
                0x10086898                Cy_BLE_HAL_PairingKeypressNotificationHandler
 .text.Cy_BLE_HAL_PairingRandHandler
                0x100868a0        0x8 .\CortexM4\ARM_GCC_541\Debug\cy_ble_hal_pvt.o
                0x100868a0                Cy_BLE_HAL_PairingRandHandler
 .text.Cy_BLE_HAL_PairingConfirmHandler
                0x100868a8        0x8 .\CortexM4\ARM_GCC_541\Debug\cy_ble_hal_pvt.o
                0x100868a8                Cy_BLE_HAL_PairingConfirmHandler
 .text.Cy_BLE_HAL_PairingLrConfirmingHandler
                0x100868b0        0x8 .\CortexM4\ARM_GCC_541\Debug\cy_ble_hal_pvt.o
                0x100868b0                Cy_BLE_HAL_PairingLrConfirmingHandler
 .text.Cy_BLE_HAL_PairingScTbxLocalPubkeyGenerateComplete
                0x100868b8        0x8 .\CortexM4\ARM_GCC_541\Debug\cy_ble_hal_pvt.o
                0x100868b8                Cy_BLE_HAL_PairingScTbxLocalPubkeyGenerateComplete
 .text.Cy_BLE_HAL_PairingScTbxGenerateLocalP256PublicKey
                0x100868c0        0x8 .\CortexM4\ARM_GCC_541\Debug\cy_ble_hal_pvt.o
                0x100868c0                Cy_BLE_HAL_PairingScTbxGenerateLocalP256PublicKey
 .text.Cy_BLE_HAL_SeSmpScUserPasskeyHandler
                0x100868c8        0x8 .\CortexM4\ARM_GCC_541\Debug\cy_ble_hal_pvt.o
                0x100868c8                Cy_BLE_HAL_SeSmpScUserPasskeyHandler
 .text.Cy_BLE_HAL_EccPointMult
                0x100868d0        0x4 .\CortexM4\ARM_GCC_541\Debug\cy_ble_hal_pvt.o
                0x100868d0                Cy_BLE_HAL_EccPointMult
 .text.Cy_BLE_ServiceInit
                0x100868d4       0x24 .\CortexM4\ARM_GCC_541\Debug\cy_ble_gap.o
                0x100868d4                Cy_BLE_ServiceInit
 .text.Cy_BLE_GAPP_StartAdvertisement
                0x100868f8      0x120 .\CortexM4\ARM_GCC_541\Debug\cy_ble_gap.o
                0x100868f8                Cy_BLE_GAPP_StartAdvertisement
 .text.Cy_BLE_ChangeAdDeviceAddress
                0x10086a18       0x5c .\CortexM4\ARM_GCC_541\Debug\cy_ble_gap.o
                0x10086a18                Cy_BLE_ChangeAdDeviceAddress
 .text.Cy_BLE_GATTS_WriteAttributeValueCCCD
                0x10086a74       0x50 .\CortexM4\ARM_GCC_541\Debug\cy_ble_gatt.o
                0x10086a74                Cy_BLE_GATTS_WriteAttributeValueCCCD
 .text.Cy_BLE_GATTS_WriteEventHandler
                0x10086ac4       0x84 .\CortexM4\ARM_GCC_541\Debug\cy_ble_gatt.o
                0x10086ac4                Cy_BLE_GATTS_WriteEventHandler
 .text.Cy_BLE_GATTS_ReadAttributeValueCCCDReqHandler
                0x10086b48       0x58 .\CortexM4\ARM_GCC_541\Debug\cy_ble_gatt.o
                0x10086b48                Cy_BLE_GATTS_ReadAttributeValueCCCDReqHandler
 .text.Cy_BLE_GATTS_WriteAttributeValueLocal
                0x10086ba0       0x48 .\CortexM4\ARM_GCC_541\Debug\cy_ble_gatt.o
                0x10086ba0                Cy_BLE_GATTS_WriteAttributeValueLocal
 .text.Cy_BLE_SendWriteResponse
                0x10086be8       0x44 .\CortexM4\ARM_GCC_541\Debug\cy_ble_event_handler.o
 .text.Cy_BLE_RegisterServiceEventHandler
                0x10086c2c       0x60 .\CortexM4\ARM_GCC_541\Debug\cy_ble_event_handler.o
                0x10086c2c                Cy_BLE_RegisterServiceEventHandler
 .text.Cy_BLE_InvokeServiceEventHandler
                0x10086c8c       0x38 .\CortexM4\ARM_GCC_541\Debug\cy_ble_event_handler.o
                0x10086c8c                Cy_BLE_InvokeServiceEventHandler
 .text.Cy_BLE_IsDeviceAddressValid
                0x10086cc4       0x20 .\CortexM4\ARM_GCC_541\Debug\cy_ble_event_handler.o
                0x10086cc4                Cy_BLE_IsDeviceAddressValid
 .text.Cy_BLE_EventHandler
                0x10086ce4      0x634 .\CortexM4\ARM_GCC_541\Debug\cy_ble_event_handler.o
                0x10086ce4                Cy_BLE_EventHandler
 .text.Cy_BLE_BASS_WriteEventHandler
                0x10087318       0xc4 .\CortexM4\ARM_GCC_541\Debug\cy_ble_bas.o
 .text.Cy_BLE_BAS_EventHandler
                0x100873dc       0x24 .\CortexM4\ARM_GCC_541\Debug\cy_ble_bas.o
 .text.Cy_BLE_BAS_Init
                0x10087400       0x2c .\CortexM4\ARM_GCC_541\Debug\cy_ble_bas.o
                0x10087400                Cy_BLE_BAS_Init
 .text.Cy_BLE_CUSTOM_EventHandler
                0x1008742c        0x4 .\CortexM4\ARM_GCC_541\Debug\cy_ble_custom.o
 .text.Cy_BLE_CUSTOM_Init
                0x10087430       0x20 .\CortexM4\ARM_GCC_541\Debug\cy_ble_custom.o
                0x10087430                Cy_BLE_CUSTOM_Init
 .text.Cy_BLE_IASS_WriteCmdEventHandler
                0x10087450       0x80 .\CortexM4\ARM_GCC_541\Debug\cy_ble_ias.o
 .text.Cy_BLE_IASS_DisconnectEventHandler
                0x100874d0       0x3c .\CortexM4\ARM_GCC_541\Debug\cy_ble_ias.o
 .text.Cy_BLE_IAS_EventHandler
                0x1008750c       0x30 .\CortexM4\ARM_GCC_541\Debug\cy_ble_ias.o
 .text.Cy_BLE_IAS_Init
                0x1008753c       0x2c .\CortexM4\ARM_GCC_541\Debug\cy_ble_ias.o
                0x1008753c                Cy_BLE_IAS_Init
 .text.Cy_BLE_IAS_RegisterAttrCallback
                0x10087568       0x1c .\CortexM4\ARM_GCC_541\Debug\cy_ble_ias.o
                0x10087568                Cy_BLE_IAS_RegisterAttrCallback
 .text          0x10087584      0x370 c:/program files (x86)/cypress/psoc creator/4.4/psoc creator/import/gnu/arm/5.4.1/bin/../lib/gcc/arm-none-eabi/5.4.1/armv7e-m/softfp\libgcc.a(_arm_addsubdf3.o)
                0x10087584                __aeabi_drsub
                0x1008758c                __aeabi_dsub
                0x1008758c                __subdf3
                0x10087590                __aeabi_dadd
                0x10087590                __adddf3
                0x10087808                __floatunsidf
                0x10087808                __aeabi_ui2d
                0x10087828                __floatsidf
                0x10087828                __aeabi_i2d
                0x1008784c                __aeabi_f2d
                0x1008784c                __extendsfdf2
                0x10087888                __floatundidf
                0x10087888                __aeabi_ul2d
                0x10087898                __floatdidf
                0x10087898                __aeabi_l2d
 .text.atoi     0x100878f4        0x8 c:/program files (x86)/cypress/psoc creator/4.4/psoc creator/import/gnu/arm/5.4.1/bin/../lib/gcc/arm-none-eabi/5.4.1/../../../../arm-none-eabi/lib/armv7e-m/softfp\libg_nano.a(lib_a-atoi.o)
                0x100878f4                atoi
 .text.malloc   0x100878fc       0x10 c:/program files (x86)/cypress/psoc creator/4.4/psoc creator/import/gnu/arm/5.4.1/bin/../lib/gcc/arm-none-eabi/5.4.1/../../../../arm-none-eabi/lib/armv7e-m/softfp\libg_nano.a(lib_a-malloc.o)
                0x100878fc                malloc
 .text.memcmp   0x1008790c       0x1e c:/program files (x86)/cypress/psoc creator/4.4/psoc creator/import/gnu/arm/5.4.1/bin/../lib/gcc/arm-none-eabi/5.4.1/../../../../arm-none-eabi/lib/armv7e-m/softfp\libg_nano.a(lib_a-memcmp.o)
                0x1008790c                memcmp
 .text.memcpy   0x1008792a       0x16 c:/program files (x86)/cypress/psoc creator/4.4/psoc creator/import/gnu/arm/5.4.1/bin/../lib/gcc/arm-none-eabi/5.4.1/../../../../arm-none-eabi/lib/armv7e-m/softfp\libg_nano.a(lib_a-memcpy-stub.o)
                0x1008792a                memcpy
 .text.memset   0x10087940       0x10 c:/program files (x86)/cypress/psoc creator/4.4/psoc creator/import/gnu/arm/5.4.1/bin/../lib/gcc/arm-none-eabi/5.4.1/../../../../arm-none-eabi/lib/armv7e-m/softfp\libg_nano.a(lib_a-memset.o)
                0x10087940                memset
 .text._free_r  0x10087950       0x9c c:/program files (x86)/cypress/psoc creator/4.4/psoc creator/import/gnu/arm/5.4.1/bin/../lib/gcc/arm-none-eabi/5.4.1/../../../../arm-none-eabi/lib/armv7e-m/softfp\libg_nano.a(lib_a-nano-freer.o)
                0x10087950                _free_r
 .text._malloc_r
                0x100879ec       0xbc c:/program files (x86)/cypress/psoc creator/4.4/psoc creator/import/gnu/arm/5.4.1/bin/../lib/gcc/arm-none-eabi/5.4.1/../../../../arm-none-eabi/lib/armv7e-m/softfp\libg_nano.a(lib_a-nano-mallocr.o)
                0x100879ec                _malloc_r
 .text.rand     0x10087aa8       0x74 c:/program files (x86)/cypress/psoc creator/4.4/psoc creator/import/gnu/arm/5.4.1/bin/../lib/gcc/arm-none-eabi/5.4.1/../../../../arm-none-eabi/lib/armv7e-m/softfp\libg_nano.a(lib_a-rand.o)
                0x10087aa8                rand
 .text._sbrk_r  0x10087b1c       0x20 c:/program files (x86)/cypress/psoc creator/4.4/psoc creator/import/gnu/arm/5.4.1/bin/../lib/gcc/arm-none-eabi/5.4.1/../../../../arm-none-eabi/lib/armv7e-m/softfp\libg_nano.a(lib_a-sbrkr.o)
                0x10087b1c                _sbrk_r
 .text.sprintf  0x10087b3c       0x48 c:/program files (x86)/cypress/psoc creator/4.4/psoc creator/import/gnu/arm/5.4.1/bin/../lib/gcc/arm-none-eabi/5.4.1/../../../../arm-none-eabi/lib/armv7e-m/softfp\libg_nano.a(lib_a-sprintf.o)
                0x10087b3c                siprintf
                0x10087b3c                sprintf
 .text.strcpy   0x10087b84       0x10 c:/program files (x86)/cypress/psoc creator/4.4/psoc creator/import/gnu/arm/5.4.1/bin/../lib/gcc/arm-none-eabi/5.4.1/../../../../arm-none-eabi/lib/armv7e-m/softfp\libg_nano.a(lib_a-strcpy.o)
                0x10087b84                strcpy
 .text          0x10087b94       0x10 c:/program files (x86)/cypress/psoc creator/4.4/psoc creator/import/gnu/arm/5.4.1/bin/../lib/gcc/arm-none-eabi/5.4.1/../../../../arm-none-eabi/lib/armv7e-m/softfp\libg_nano.a(lib_a-strlen.o)
                0x10087b94                strlen
 .text.strncpy  0x10087ba4       0x26 c:/program files (x86)/cypress/psoc creator/4.4/psoc creator/import/gnu/arm/5.4.1/bin/../lib/gcc/arm-none-eabi/5.4.1/../../../../arm-none-eabi/lib/armv7e-m/softfp\libg_nano.a(lib_a-strncpy.o)
                0x10087ba4                strncpy
 *fill*         0x10087bca        0x2 
 .text.strtok   0x10087bcc       0x64 c:/program files (x86)/cypress/psoc creator/4.4/psoc creator/import/gnu/arm/5.4.1/bin/../lib/gcc/arm-none-eabi/5.4.1/../../../../arm-none-eabi/lib/armv7e-m/softfp\libg_nano.a(lib_a-strtok.o)
                0x10087bcc                strtok
 .text.__strtok_r
                0x10087c30       0x56 c:/program files (x86)/cypress/psoc creator/4.4/psoc creator/import/gnu/arm/5.4.1/bin/../lib/gcc/arm-none-eabi/5.4.1/../../../../arm-none-eabi/lib/armv7e-m/softfp\libg_nano.a(lib_a-strtok_r.o)
                0x10087c30                __strtok_r
 *fill*         0x10087c86        0x2 
 .text._strtol_r
                0x10087c88      0x10c c:/program files (x86)/cypress/psoc creator/4.4/psoc creator/import/gnu/arm/5.4.1/bin/../lib/gcc/arm-none-eabi/5.4.1/../../../../arm-none-eabi/lib/armv7e-m/softfp\libg_nano.a(lib_a-strtol.o)
                0x10087c88                _strtol_r
 .text.strtol   0x10087d94       0x14 c:/program files (x86)/cypress/psoc creator/4.4/psoc creator/import/gnu/arm/5.4.1/bin/../lib/gcc/arm-none-eabi/5.4.1/../../../../arm-none-eabi/lib/armv7e-m/softfp\libg_nano.a(lib_a-strtol.o)
                0x10087d94                strtol
 .text.__malloc_lock
                0x10087da8        0x2 c:/program files (x86)/cypress/psoc creator/4.4/psoc creator/import/gnu/arm/5.4.1/bin/../lib/gcc/arm-none-eabi/5.4.1/../../../../arm-none-eabi/lib/armv7e-m/softfp\libg_nano.a(lib_a-mlock.o)
                0x10087da8                __malloc_lock
 .text.__malloc_unlock
                0x10087daa        0x2 c:/program files (x86)/cypress/psoc creator/4.4/psoc creator/import/gnu/arm/5.4.1/bin/../lib/gcc/arm-none-eabi/5.4.1/../../../../arm-none-eabi/lib/armv7e-m/softfp\libg_nano.a(lib_a-mlock.o)
                0x10087daa                __malloc_unlock
 .text.__ssputs_r
                0x10087dac       0xb2 c:/program files (x86)/cypress/psoc creator/4.4/psoc creator/import/gnu/arm/5.4.1/bin/../lib/gcc/arm-none-eabi/5.4.1/../../../../arm-none-eabi/lib/armv7e-m/softfp\libg_nano.a(lib_a-nano-svfprintf.o)
                0x10087dac                __ssputs_r
 *fill*         0x10087e5e        0x2 
 .text._svfprintf_r
                0x10087e60      0x1e8 c:/program files (x86)/cypress/psoc creator/4.4/psoc creator/import/gnu/arm/5.4.1/bin/../lib/gcc/arm-none-eabi/5.4.1/../../../../arm-none-eabi/lib/armv7e-m/softfp\libg_nano.a(lib_a-nano-svfprintf.o)
                0x10087e60                _svfiprintf_r
                0x10087e60                _svfprintf_r
 .text._printf_common
                0x10088048       0xec c:/program files (x86)/cypress/psoc creator/4.4/psoc creator/import/gnu/arm/5.4.1/bin/../lib/gcc/arm-none-eabi/5.4.1/../../../../arm-none-eabi/lib/armv7e-m/softfp\libg_nano.a(lib_a-nano-vfprintf_i.o)
                0x10088048                _printf_common
 .text._printf_i
                0x10088134      0x24c c:/program files (x86)/cypress/psoc creator/4.4/psoc creator/import/gnu/arm/5.4.1/bin/../lib/gcc/arm-none-eabi/5.4.1/../../../../arm-none-eabi/lib/armv7e-m/softfp\libg_nano.a(lib_a-nano-vfprintf_i.o)
                0x10088134                _printf_i
 .text          0x10088380       0xa0 c:/program files (x86)/cypress/psoc creator/4.4/psoc creator/import/gnu/arm/5.4.1/bin/../lib/gcc/arm-none-eabi/5.4.1/../../../../arm-none-eabi/lib/armv7e-m/softfp\libg_nano.a(lib_a-memchr.o)
                0x10088380                memchr
 .text.memmove  0x10088420       0x36 c:/program files (x86)/cypress/psoc creator/4.4/psoc creator/import/gnu/arm/5.4.1/bin/../lib/gcc/arm-none-eabi/5.4.1/../../../../arm-none-eabi/lib/armv7e-m/softfp\libg_nano.a(lib_a-memmove.o)
                0x10088420                memmove
 .text._realloc_r
                0x10088456       0x4c c:/program files (x86)/cypress/psoc creator/4.4/psoc creator/import/gnu/arm/5.4.1/bin/../lib/gcc/arm-none-eabi/5.4.1/../../../../arm-none-eabi/lib/armv7e-m/softfp\libg_nano.a(lib_a-nano-reallocr.o)
                0x10088456                _realloc_r
 .text._malloc_usable_size_r
                0x100884a2       0x14 c:/program files (x86)/cypress/psoc creator/4.4/psoc creator/import/gnu/arm/5.4.1/bin/../lib/gcc/arm-none-eabi/5.4.1/../../../../arm-none-eabi/lib/armv7e-m/softfp\libg_nano.a(lib_a-nano-msizer.o)
                0x100884a2                _malloc_usable_size_r
 *fill*         0x100884b6        0x2 
 .text._sbrk    0x100884b8       0x1c c:/program files (x86)/cypress/psoc creator/4.4/psoc creator/import/gnu/arm/5.4.1/bin/../lib/gcc/arm-none-eabi/5.4.1/../../../../arm-none-eabi/lib/armv7e-m/softfp\libnosys.a(sbrk.o)
                0x100884b8                _sbrk
 *(.init)
 .init          0x100884d4        0x4 c:/program files (x86)/cypress/psoc creator/4.4/psoc creator/import/gnu/arm/5.4.1/bin/../lib/gcc/arm-none-eabi/5.4.1/armv7e-m/softfp/crti.o
                0x100884d4                _init
 .init          0x100884d8        0x8 c:/program files (x86)/cypress/psoc creator/4.4/psoc creator/import/gnu/arm/5.4.1/bin/../lib/gcc/arm-none-eabi/5.4.1/armv7e-m/softfp/crtn.o
 *(.fini)
 .fini          0x100884e0        0x4 c:/program files (x86)/cypress/psoc creator/4.4/psoc creator/import/gnu/arm/5.4.1/bin/../lib/gcc/arm-none-eabi/5.4.1/armv7e-m/softfp/crti.o
                0x100884e0                _fini
 .fini          0x100884e4        0x8 c:/program files (x86)/cypress/psoc creator/4.4/psoc creator/import/gnu/arm/5.4.1/bin/../lib/gcc/arm-none-eabi/5.4.1/armv7e-m/softfp/crtn.o
 *crtbegin.o(.ctors)
 *crtbegin?.o(.ctors)
 *(EXCLUDE_FILE(*crtend.o *crtend?.o) .ctors)
 *(SORT(.ctors.*))
 *(.ctors)
 *crtbegin.o(.dtors)
 *crtbegin?.o(.dtors)
 *(EXCLUDE_FILE(*crtend.o *crtend?.o) .dtors)
 *(SORT(.dtors.*))
 *(.dtors)
 *(.rodata .rodata.* .constdata .constdata.* .conststring .conststring.*)
 .rodata        0x100884ec        0x8 .\CortexM4\ARM_GCC_541\Debug\main_cm4.o
                0x100884ec                WDT_IRQ_cfg
 .rodata        0x100884f4       0x34 .\CortexM4\ARM_GCC_541\Debug\system_psoc6_cm4.o
 .rodata.str1.4
                0x10088528      0x10b .\CortexM4\ARM_GCC_541\Debug\host_main.o
 *fill*         0x10088633        0x1 
 .rodata        0x10088634      0x200 .\CortexM4\ARM_GCC_541\Debug\user_interface.o
                0x10088634                UI_MENU_ITEMS_MIN
                0x1008865c                UI_MENU_ITEMS_MAX
                0x10088684                UI_MAIN_MENU_ITEMS
                0x100886a8                UI_PRESETS_MENU_ITEMS
                0x100886d0                UI_TEMP_MENU_ITEMS
                0x1008870c                UI_VIBE_AMP_MENU_ITEMS
                0x10088738                UI_VIBE_FREQ_MENU_ITEMS
                0x10088760                UI_TENS_FREQ_MENU_ITEMS
                0x10088788                UI_TENS_AMP_MENU_ITEMS
                0x100887b4                UI_TENS_DUR_MENU_ITEMS
                0x100887dc                UI_TITLES
                0x10088804                UI_MENU_ITEMS_INIT
                0x1008882c                UI_DIAG_MENU_ITEMS
                0x10088830                UI_BLUETOOTH_MENU_ITEMS
 .rodata.str1.4
                0x10088834      0x3dc .\CortexM4\ARM_GCC_541\Debug\user_interface.o
                                0x3e0 (size before relaxing)
 .rodata        0x10088c10      0x1e0 .\CortexM4\ARM_GCC_541\Debug\font.o
                0x10088c10                FONTS
 .rodata        0x10088df0       0x1e .\CortexM4\ARM_GCC_541\Debug\st7735.o
                0x10088df0                INIT_ST7735B
 *fill*         0x10088e0e        0x2 
 .rodata.str1.4
                0x10088e10       0x4d .\CortexM4\ARM_GCC_541\Debug\power.o
 .rodata.str1.4
                0x10088e5d       0x3d .\CortexM4\ARM_GCC_541\Debug\myUART.o
 *fill*         0x10088e5d        0x3 
 .rodata.str1.4
                0x10088e60       0x11 .\CortexM4\ARM_GCC_541\Debug\myprintf.o
 *fill*         0x10088e71        0x3 
 .rodata        0x10088e74     0x17c0 .\CortexM4\ARM_GCC_541\Debug\driver_st7789.o
 .rodata.str1.4
                0x1008a634      0x7a4 .\CortexM4\ARM_GCC_541\Debug\driver_st7789.o
 .rodata.str1.4
                0x1008add8       0x82 .\CortexM4\ARM_GCC_541\Debug\driver_st7789_interface_template.o
 *fill*         0x1008ae5a        0x2 
 .rodata        0x1008ae5c    0x25800 .\CortexM4\ARM_GCC_541\Debug\driver_st7789_display_test.o
 .rodata.str1.4
                0x100b065c      0xa39 .\CortexM4\ARM_GCC_541\Debug\driver_st7789_display_test.o
 *fill*         0x100b1095        0x3 
 .rodata        0x100b1098       0x20 .\CortexM4\ARM_GCC_541\Debug\cyfitter_sysint_cfg.o
                0x100b1098                ADC_IRQ_cfg
                0x100b10a0                SPI_SCB_IRQ_cfg
                0x100b10a8                WDTIsr_cfg
                0x100b10b0                gpio_irq_cfg
 .rodata        0x100b10b8      0x21a .\CortexM4\ARM_GCC_541\Debug\BLE_config.o
 *fill*         0x100b12d2        0x2 
 .rodata        0x100b12d4        0x4 .\CortexM4\ARM_GCC_541\Debug\BLE_ias_config.o
 .rodata        0x100b12d8        0x6 .\CortexM4\ARM_GCC_541\Debug\BLE_custom_config.o
 *fill*         0x100b12de        0x2 
 .rodata        0x100b12e0        0x8 .\CortexM4\ARM_GCC_541\Debug\BLE_bas_config.o
 .rodata        0x100b12e8       0x34 .\CortexM4\ARM_GCC_541\Debug\SPI.o
                0x100b12e8                SPI_config
 .rodata        0x100b131c       0x64 .\CortexM4\ARM_GCC_541\Debug\PWM_TENS.o
                0x100b131c                PWM_TENS_config
 .rodata        0x100b1380       0x64 .\CortexM4\ARM_GCC_541\Debug\PWM_FAN.o
                0x100b1380                PWM_FAN_config
 .rodata        0x100b13e4       0x64 .\CortexM4\ARM_GCC_541\Debug\LCD_PWM.o
                0x100b13e4                LCD_PWM_config
 .rodata        0x100b1448       0x64 .\CortexM4\ARM_GCC_541\Debug\PWM_PEL1.o
                0x100b1448                PWM_PEL1_config
 .rodata        0x100b14ac       0x64 .\CortexM4\ARM_GCC_541\Debug\PWM_PEL2.o
                0x100b14ac                PWM_PEL2_config
 .rodata.str1.4
                0x100b1510       0x3f .\CortexM4\ARM_GCC_541\Debug\cy_flash.o
 *fill*         0x100b154f        0x1 
 .rodata.str1.4
                0x100b1550       0x7f .\CortexM4\ARM_GCC_541\Debug\cy_ipc_drv.o
 .rodata.str1.4
                0x100b15cf       0x3f .\CortexM4\ARM_GCC_541\Debug\cy_ipc_sema.o
 *fill*         0x100b15cf        0x1 
 .rodata.str1.4
                0x100b15d0       0x40 .\CortexM4\ARM_GCC_541\Debug\cy_ipc_pipe.o
                                 0x7f (size before relaxing)
 .rodata.str1.4
                0x100b1610       0x83 .\CortexM4\ARM_GCC_541\Debug\cy_scb_spi.o
 *fill*         0x100b1693        0x1 
 .rodata.str1.4
                0x100b1694       0x41 .\CortexM4\ARM_GCC_541\Debug\cy_sysint.o
 *fill*         0x100b16d5        0x3 
 .rodata.str1.4
                0x100b16d8       0x3b .\CortexM4\ARM_GCC_541\Debug\cy_wdt.o
 *fill*         0x100b1713        0x1 
 .rodata        0x100b1714      0x170 .\CortexM4\ARM_GCC_541\Debug\cy_device.o
                0x100b1714                cy_deviceIpBlockCfgPSoC6_02
                0x100b17cc                cy_deviceIpBlockCfgPSoC6_01
 .rodata        0x100b1884       0x14 .\CortexM4\ARM_GCC_541\Debug\cy_ble.o
 .rodata        0x100b1898      0x100 .\CortexM4\ARM_GCC_541\Debug\cy_ble_hal_pvt.o
 .rodata        0x100b1998        0x2 .\CortexM4\ARM_GCC_541\Debug\cy_ble_event_handler.o
 *fill*         0x100b199a        0x2 
 .rodata.str1.4
                0x100b199c       0x38 .\CortexM4\ARM_GCC_541\Debug\cy_ble_event_handler.o
                                 0x37 (size before relaxing)
 .constdata     0x100b19d4       0x18 Generated_Source\PSoC6\pdl\middleware\ble\lib\cy_ble_stack_gcc_host_ipc_cm4.a(BT_os.o)
                0x100b19d4                cyBleStackMemoryConfig
 .constdata     0x100b19ec       0x58 Generated_Source\PSoC6\pdl\middleware\ble\lib\cy_ble_stack_gcc_host_ipc_cm4.a(l2cap_init.o)
                0x100b19ec                l2cap_le_sig_handler
 .constdata     0x100b1a44       0x3c Generated_Source\PSoC6\pdl\middleware\ble\lib\cy_ble_stack_gcc_host_ipc_cm4.a(fsm_engine_pl.o)
                0x100b1a44                fsm_module_table
 .constdata     0x100b1a80      0x110 Generated_Source\PSoC6\pdl\middleware\ble\lib\cy_ble_stack_gcc_host_ipc_cm4.a(gap_hci_iface.o)
                0x100b1a80                hciCommandCompleteEventHandlers
 .constdata     0x100b1b90       0x20 Generated_Source\PSoC6\pdl\middleware\ble\lib\cy_ble_stack_gcc_host_ipc_cm4.a(gap_privacy.o)
 .constdata     0x100b1bb0       0x32 Generated_Source\PSoC6\pdl\middleware\ble\lib\cy_ble_stack_gcc_host_ipc_cm4.a(smp_core.o)
                0x100b1bb0                smp_iocap_assoc_map
                0x100b1bc9                smp_sc_iocap_assoc_map
 *fill*         0x100b1be2        0x2 
 .constdata     0x100b1be4        0xc Generated_Source\PSoC6\pdl\middleware\ble\lib\cy_ble_stack_gcc_host_ipc_cm4.a(smp_interface.o)
                0x100b1be4                smp_event_fp
 .constdata     0x100b1bf0       0x22 Generated_Source\PSoC6\pdl\middleware\ble\lib\cy_ble_stack_gcc_host_ipc_cm4.a(smp_utils.o)
                0x100b1bf0                smp_event_map
 *fill*         0x100b1c12        0x2 
 .constdata     0x100b1c14       0xb4 Generated_Source\PSoC6\pdl\middleware\ble\lib\cy_ble_stack_gcc_host_ipc_cm4.a(smp_fsm_table.o)
                0x100b1c14                smp_state_event_table
 .constdata     0x100b1cc8      0x110 Generated_Source\PSoC6\pdl\middleware\ble\lib\cy_ble_stack_gcc_host_ipc_cm4.a(smp_fsm_table.o)
                0x100b1cc8                smp_event_handler_table
 .constdata     0x100b1dd8       0x20 Generated_Source\PSoC6\pdl\middleware\ble\lib\cy_ble_stack_gcc_host_ipc_cm4.a(aes_cmac.o)
                0x100b1dd8                cmac_zero_data
                0x100b1de8                cmac_rb_data
 .constdata     0x100b1df8       0x60 Generated_Source\PSoC6\pdl\middleware\ble\lib\cy_ble_stack_gcc_host_ipc_cm4.a(att_fsm_table.o)
                0x100b1df8                att_state_event_table
 .constdata     0x100b1e58       0x58 Generated_Source\PSoC6\pdl\middleware\ble\lib\cy_ble_stack_gcc_host_ipc_cm4.a(att_fsm_table.o)
                0x100b1e58                att_event_handler_table
 .rodata.str1.1
                0x100b1eb0        0x2 c:/program files (x86)/cypress/psoc creator/4.4/psoc creator/import/gnu/arm/5.4.1/bin/../lib/gcc/arm-none-eabi/5.4.1/../../../../arm-none-eabi/lib/armv7e-m/softfp\libg_nano.a(lib_a-impure.o)
 .rodata._ctype_
                0x100b1eb2      0x101 c:/program files (x86)/cypress/psoc creator/4.4/psoc creator/import/gnu/arm/5.4.1/bin/../lib/gcc/arm-none-eabi/5.4.1/../../../../arm-none-eabi/lib/armv7e-m/softfp\libg_nano.a(lib_a-ctype_.o)
                0x100b1eb2                _ctype_
 .rodata.str1.1
                0x100b1fb3       0x11 c:/program files (x86)/cypress/psoc creator/4.4/psoc creator/import/gnu/arm/5.4.1/bin/../lib/gcc/arm-none-eabi/5.4.1/../../../../arm-none-eabi/lib/armv7e-m/softfp\libg_nano.a(lib_a-nano-svfprintf.o)
 .rodata.str1.1
                0x100b1fc4       0x22 c:/program files (x86)/cypress/psoc creator/4.4/psoc creator/import/gnu/arm/5.4.1/bin/../lib/gcc/arm-none-eabi/5.4.1/../../../../arm-none-eabi/lib/armv7e-m/softfp\libg_nano.a(lib_a-nano-vfprintf_i.o)
 *(.eh_frame*)
 *fill*         0x100b1fe6        0x2 
 .eh_frame      0x100b1fe8        0x0 c:/program files (x86)/cypress/psoc creator/4.4/psoc creator/import/gnu/arm/5.4.1/bin/../lib/gcc/arm-none-eabi/5.4.1/armv7e-m/softfp/crtbegin.o
 .eh_frame      0x100b1fe8        0x4 c:/program files (x86)/cypress/psoc creator/4.4/psoc creator/import/gnu/arm/5.4.1/bin/../lib/gcc/arm-none-eabi/5.4.1/armv7e-m/softfp/crtend.o

.glue_7         0x100b1fec        0x0
 .glue_7        0x100b1fec        0x0 linker stubs

.glue_7t        0x100b1fec        0x0
 .glue_7t       0x100b1fec        0x0 linker stubs

.vfp11_veneer   0x100b1fec        0x0
 .vfp11_veneer  0x100b1fec        0x0 linker stubs

.v4_bx          0x100b1fec        0x0
 .v4_bx         0x100b1fec        0x0 linker stubs

.iplt           0x100b1fec        0x0
 .iplt          0x100b1fec        0x0 c:/program files (x86)/cypress/psoc creator/4.4/psoc creator/import/gnu/arm/5.4.1/bin/../lib/gcc/arm-none-eabi/5.4.1/armv7e-m/softfp/crtbegin.o

i.CyBleStackMgr_Init
                0x100b1fec       0xdc
 i.CyBleStackMgr_Init
                0x100b1fec       0xdc Generated_Source\PSoC6\pdl\middleware\ble\lib\cy_ble_stack_gcc_host_ipc_cm4.a(CyBleStackMgrIP_Interface.o)
                0x100b1fec                CyBleStackMgr_Init

i.CyBleStackMgr_ProcessBleEvents
                0x100b20c8       0x14
 i.CyBleStackMgr_ProcessBleEvents
                0x100b20c8       0x14 Generated_Source\PSoC6\pdl\middleware\ble\lib\cy_ble_stack_gcc_host_ipc_cm4.a(CyBleStackMgrIP_Interface.o)
                0x100b20c8                CyBleStackMgr_ProcessBleEvents

i.CyBleStackMgr_Shutdown
                0x100b20dc       0x20
 i.CyBleStackMgr_Shutdown
                0x100b20dc       0x20 Generated_Source\PSoC6\pdl\middleware\ble\lib\cy_ble_stack_gcc_host_ipc_cm4.a(CyBleStackMgrIP_Interface.o)
                0x100b20dc                CyBleStackMgr_Shutdown

i.CyBle_GetHeapMemory
                0x100b20fc       0x3c
 i.CyBle_GetHeapMemory
                0x100b20fc       0x3c Generated_Source\PSoC6\pdl\middleware\ble\lib\cy_ble_stack_gcc_host_ipc_cm4.a(CyBleStackMgrIP_Interface.o)
                0x100b20fc                CyBle_GetHeapMemory

i.CyBle_GetNumAppBufferPools
                0x100b2138        0xc
 i.CyBle_GetNumAppBufferPools
                0x100b2138        0xc Generated_Source\PSoC6\pdl\middleware\ble\lib\cy_ble_stack_gcc_host_ipc_cm4.a(CyBleStackMgrIP_Interface.o)
                0x100b2138                CyBle_GetNumAppBufferPools

i.CyBle_HostStackBufferPoolInit
                0x100b2144       0xc4
 i.CyBle_HostStackBufferPoolInit
                0x100b2144       0xc4 Generated_Source\PSoC6\pdl\middleware\ble\lib\cy_ble_stack_gcc_host_ipc_cm4.a(CyBleStackMgrIP_Interface.o)

i.CyBle_SortBufers
                0x100b2208       0x40
 i.CyBle_SortBufers
                0x100b2208       0x40 Generated_Source\PSoC6\pdl\middleware\ble\lib\cy_ble_stack_gcc_host_ipc_cm4.a(CyBleStackMgrIP_Interface.o)
                0x100b2208                CyBle_SortBufers

i.CyBle_StackGetConfigPtr
                0x100b2248        0x8
 i.CyBle_StackGetConfigPtr
                0x100b2248        0x8 Generated_Source\PSoC6\pdl\middleware\ble\lib\cy_ble_stack_gcc_host_ipc_cm4.a(CyBleStackMgrIP_Interface.o)
                0x100b2248                CyBle_StackGetConfigPtr

i.Cy_BLE_ProcessEvents
                0x100b2250        0x4
 i.Cy_BLE_ProcessEvents
                0x100b2250        0x4 Generated_Source\PSoC6\pdl\middleware\ble\lib\cy_ble_stack_gcc_host_ipc_cm4.a(CyBleStackMgrIP_Interface.o)
                0x100b2250                Cy_BLE_ProcessEvents

i.Cy_BLE_StackEnterLPM
                0x100b2254       0x16
 i.Cy_BLE_StackEnterLPM
                0x100b2254       0x16 Generated_Source\PSoC6\pdl\middleware\ble\lib\cy_ble_stack_gcc_host_ipc_cm4.a(CyBleStackMgrIP_Interface.o)
                0x100b2254                Cy_BLE_StackEnterLPM

i.Cy_BLE_StackGetBleSsState
                0x100b226a        0x4
 i.Cy_BLE_StackGetBleSsState
                0x100b226a        0x4 Generated_Source\PSoC6\pdl\middleware\ble\lib\cy_ble_stack_gcc_host_ipc_cm4.a(CyBleStackMgrIP_Interface.o)
                0x100b226a                Cy_BLE_StackGetBleSsState

i.Cy_BLE_StackGetFeatureConfig
                0x100b2270       0x20
 i.Cy_BLE_StackGetFeatureConfig
                0x100b2270       0x20 Generated_Source\PSoC6\pdl\middleware\ble\lib\cy_ble_stack_gcc_host_ipc_cm4.a(CyBleStackMgrIP_Interface.o)
                0x100b2270                Cy_BLE_StackGetFeatureConfig

i.Cy_BLE_StackInit
                0x100b2290       0x70
 i.Cy_BLE_StackInit
                0x100b2290       0x70 Generated_Source\PSoC6\pdl\middleware\ble\lib\cy_ble_stack_gcc_host_ipc_cm4.a(CyBleStackMgrIP_Interface.o)
                0x100b2290                Cy_BLE_StackInit

i.Cy_BLE_StackSetFeatureConfig
                0x100b2300       0x54
 i.Cy_BLE_StackSetFeatureConfig
                0x100b2300       0x54 Generated_Source\PSoC6\pdl\middleware\ble\lib\cy_ble_stack_gcc_host_ipc_cm4.a(CyBleStackMgrIP_Interface.o)
                0x100b2300                Cy_BLE_StackSetFeatureConfig

i.ble_stack_idle_task_callback
                0x100b2354        0x2
 i.ble_stack_idle_task_callback
                0x100b2354        0x2 Generated_Source\PSoC6\pdl\middleware\ble\lib\cy_ble_stack_gcc_host_ipc_cm4.a(CyBleStackMgrIP_Interface.o)
                0x100b2354                ble_stack_idle_task_callback

i.BT_OSFreeBuf  0x100b2358       0x20
 i.BT_OSFreeBuf
                0x100b2358       0x20 Generated_Source\PSoC6\pdl\middleware\ble\lib\cy_ble_stack_gcc_host_ipc_cm4.a(BT_os.o)
                0x100b2358                BT_OSFreeBuf

i.BT_OSGetBuF   0x100b2378       0x30
 i.BT_OSGetBuF  0x100b2378       0x30 Generated_Source\PSoC6\pdl\middleware\ble\lib\cy_ble_stack_gcc_host_ipc_cm4.a(BT_os.o)
                0x100b2378                BT_OSGetBuF

i.BT_OSMemCreate
                0x100b23a8       0x3c
 i.BT_OSMemCreate
                0x100b23a8       0x3c Generated_Source\PSoC6\pdl\middleware\ble\lib\cy_ble_stack_gcc_host_ipc_cm4.a(BT_os.o)
                0x100b23a8                BT_OSMemCreate

i.BT_alloc_mem_ext
                0x100b23e4       0x40
 i.BT_alloc_mem_ext
                0x100b23e4       0x40 Generated_Source\PSoC6\pdl\middleware\ble\lib\cy_ble_stack_gcc_host_ipc_cm4.a(BT_os.o)
                0x100b23e4                BT_alloc_mem_ext

i.BT_free_mem   0x100b2424        0xa
 i.BT_free_mem  0x100b2424        0xa Generated_Source\PSoC6\pdl\middleware\ble\lib\cy_ble_stack_gcc_host_ipc_cm4.a(BT_os.o)
                0x100b2424                BT_free_mem

i.bt_stack_create_buffer_pool
                0x100b2430       0x2c
 i.bt_stack_create_buffer_pool
                0x100b2430       0x2c Generated_Source\PSoC6\pdl\middleware\ble\lib\cy_ble_stack_gcc_host_ipc_cm4.a(BT_os.o)
                0x100b2430                bt_stack_create_buffer_pool

i.CyBle_CreateBleStackTask
                0x100b245c       0x30
 i.CyBle_CreateBleStackTask
                0x100b245c       0x30 Generated_Source\PSoC6\pdl\middleware\ble\lib\cy_ble_stack_gcc_host_ipc_cm4.a(CyBleStackMgr_StackTaskHandler.o)
                0x100b245c                CyBle_CreateBleStackTask

i.CyBle_SignalBleStackTask
                0x100b248c       0x38
 i.CyBle_SignalBleStackTask
                0x100b248c       0x38 Generated_Source\PSoC6\pdl\middleware\ble\lib\cy_ble_stack_gcc_host_ipc_cm4.a(CyBleStackMgr_StackTaskHandler.o)
                0x100b248c                CyBle_SignalBleStackTask

i.CyBle_StackTaskHandler