ARM GAS  C:\Users\haske\AppData\Local\Temp\cclrS7bh.s 			page 1


   1              		.syntax unified
   2              		.cpu cortex-m4
   3              		.eabi_attribute 27, 1
   4              		.fpu fpv4-sp-d16
   5              		.eabi_attribute 20, 1
   6              		.eabi_attribute 21, 1
   7              		.eabi_attribute 23, 3
   8              		.eabi_attribute 24, 1
   9              		.eabi_attribute 25, 1
  10              		.eabi_attribute 26, 1
  11              		.eabi_attribute 30, 1
  12              		.eabi_attribute 34, 1
  13              		.eabi_attribute 18, 4
  14              		.thumb
  15              		.syntax unified
  16              		.file	"ui_comp_hook02.c"
  17              		.text
  18              	.Ltext0:
  19              		.cfi_sections	.debug_frame
  20              	.Letext0:
  21              		.section	.debug_line,"",%progbits
  22              	.Ldebug_line0:
  23              		.section	.debug_str,"MS",%progbits,1
  24              	.LASF0:
  25 0000 2E2E5C2E 		.ascii	"..\\..\\..\\arduinoLCD\\test\\Pain Drain\\libraries"
  25      2E5C2E2E 
  25      5C617264 
  25      75696E6F 
  25      4C43445C 
  26 002d 5C75695C 		.ascii	"\\ui\\src\\components\\ui_comp_hook02.c\000"
  26      7372635C 
  26      636F6D70 
  26      6F6E656E 
  26      74735C75 
  27              	.LASF1:
  28 0051 433A5C50 		.ascii	"C:\\Projects\\PainDrain\\firmware\\PainDrain\\PainD"
  28      726F6A65 
  28      6374735C 
  28      5061696E 
  28      44726169 
  29 007f 7261696E 		.ascii	"rain.cydsn\000"
  29      2E637964 
  29      736E00
  30              	.LASF2:
  31 008a 474E5520 		.ascii	"GNU C11 5.4.1 20160609 (release) [ARM/embedded-5-br"
  31      43313120 
  31      352E342E 
  31      31203230 
  31      31363036 
  32 00bd 616E6368 		.ascii	"anch revision 237715] -mcpu=cortex-m4 -mfloat-abi=s"
  32      20726576 
  32      6973696F 
  32      6E203233 
  32      37373135 
  33 00f0 6F667466 		.ascii	"oftfp -mfpu=fpv4-sp-d16 -mthumb -g -Og -ffunction-s"
  33      70202D6D 
  33      6670753D 
ARM GAS  C:\Users\haske\AppData\Local\Temp\cclrS7bh.s 			page 2


  33      66707634 
  33      2D73702D 
  34 0123 65637469 		.ascii	"ections -ffat-lto-objects\000"
  34      6F6E7320 
  34      2D666661 
  34      742D6C74 
  34      6F2D6F62 
  35              		.ident	"GCC: (GNU Tools for ARM Embedded Processors) 5.4.1 20160609 (release) [ARM/embedded-5-bran
