ARM GAS  C:\Users\dev\AppData\Local\Temp\ccduraFC.s 			page 1


   1              		.syntax unified
   2              		.cpu cortex-m4
   3              		.eabi_attribute 27, 1
   4              		.fpu fpv4-sp-d16
   5              		.eabi_attribute 20, 1
   6              		.eabi_attribute 21, 1
   7              		.eabi_attribute 23, 3
   8              		.eabi_attribute 24, 1
   9              		.eabi_attribute 25, 1
  10              		.eabi_attribute 26, 1
  11              		.eabi_attribute 30, 1
  12              		.eabi_attribute 34, 1
  13              		.eabi_attribute 18, 4
  14              		.thumb
  15              		.syntax unified
  16              		.file	"vibe.c"
  17              		.text
  18              	.Ltext0:
  19              		.cfi_sections	.debug_frame
  20              	.Letext0:
  21              		.section	.debug_line,"",%progbits
  22              	.Ldebug_line0:
  23              		.section	.debug_str,"MS",%progbits,1
  24              	.LASF0:
  25 0000 433A5C50 		.ascii	"C:\\Projects\\Pain Drain\\Production2\\Firmware\\Pa"
  25      726F6A65 
  25      6374735C 
  25      5061696E 
  25      20447261 
  26 002e 696E4472 		.ascii	"inDrain\\PainDrain.cydsn\000"
  26      61696E5C 
  26      5061696E 
  26      44726169 
  26      6E2E6379 
  27              	.LASF1:
  28 0046 76696265 		.ascii	"vibe.c\000"
  28      2E6300
  29              	.LASF2:
  30 004d 474E5520 		.ascii	"GNU C11 5.4.1 20160609 (release) [ARM/embedded-5-br"
  30      43313120 
  30      352E342E 
  30      31203230 
  30      31363036 
  31 0080 616E6368 		.ascii	"anch revision 237715] -mcpu=cortex-m4 -mfloat-abi=s"
  31      20726576 
  31      6973696F 
  31      6E203233 
  31      37373135 
  32 00b3 6F667466 		.ascii	"oftfp -mfpu=fpv4-sp-d16 -mthumb -g -Og -ffunction-s"
  32      70202D6D 
  32      6670753D 
  32      66707634 
  32      2D73702D 
  33 00e6 65637469 		.ascii	"ections -ffat-lto-objects\000"
  33      6F6E7320 
  33      2D666661 
  33      742D6C74 
ARM GAS  C:\Users\dev\AppData\Local\Temp\ccduraFC.s 			page 2


  33      6F2D6F62 
  34              		.ident	"GCC: (GNU Tools for ARM Embedded Processors) 5.4.1 20160609 (release) [ARM/embedded-5-bran
