ARM GAS  C:\Users\haske\AppData\Local\Temp\ccUfwBqq.s 			page 1


   1              		.syntax unified
   2              		.cpu cortex-m0plus
   3              		.fpu softvfp
   4              		.eabi_attribute 20, 1
   5              		.eabi_attribute 21, 1
   6              		.eabi_attribute 23, 3
   7              		.eabi_attribute 24, 1
   8              		.eabi_attribute 25, 1
   9              		.eabi_attribute 26, 1
  10              		.eabi_attribute 30, 1
  11              		.eabi_attribute 34, 0
  12              		.eabi_attribute 18, 4
  13              		.thumb
  14              		.syntax unified
  15              		.file	"lv_hal_tick.c"
  16              		.text
  17              	.Ltext0:
  18              		.cfi_sections	.debug_frame
  19              		.section	.text.lv_tick_inc,"ax",%progbits
  20              		.align	2
  21              		.global	lv_tick_inc
  22              		.code	16
  23              		.thumb_func
  24              		.type	lv_tick_inc, %function
  25              	lv_tick_inc:
  26              	.LFB0:
  27              		.file 1 "..\\..\\..\\arduinoLCD\\test\\Pain Drain\\libraries\\lvgl\\src\\hal\\lv_hal_tick.c"
   1:..\..\..\arduinoLCD\test\Pain Drain\libraries\lvgl\src\hal/lv_hal_tick.c **** /**
   2:..\..\..\arduinoLCD\test\Pain Drain\libraries\lvgl\src\hal/lv_hal_tick.c ****  * @file lv_hal_tick.c
   3:..\..\..\arduinoLCD\test\Pain Drain\libraries\lvgl\src\hal/lv_hal_tick.c ****  * Provide access to the system tick with 1 millisecond resolution
   4:..\..\..\arduinoLCD\test\Pain Drain\libraries\lvgl\src\hal/lv_hal_tick.c ****  */
   5:..\..\..\arduinoLCD\test\Pain Drain\libraries\lvgl\src\hal/lv_hal_tick.c **** 
   6:..\..\..\arduinoLCD\test\Pain Drain\libraries\lvgl\src\hal/lv_hal_tick.c **** /*********************
   7:..\..\..\arduinoLCD\test\Pain Drain\libraries\lvgl\src\hal/lv_hal_tick.c ****  *      INCLUDES
   8:..\..\..\arduinoLCD\test\Pain Drain\libraries\lvgl\src\hal/lv_hal_tick.c ****  *********************/
   9:..\..\..\arduinoLCD\test\Pain Drain\libraries\lvgl\src\hal/lv_hal_tick.c **** #include "lv_hal_tick.h"
  10:..\..\..\arduinoLCD\test\Pain Drain\libraries\lvgl\src\hal/lv_hal_tick.c **** #include <stddef.h>
  11:..\..\..\arduinoLCD\test\Pain Drain\libraries\lvgl\src\hal/lv_hal_tick.c **** 
  12:..\..\..\arduinoLCD\test\Pain Drain\libraries\lvgl\src\hal/lv_hal_tick.c **** #if LV_TICK_CUSTOM == 1
  13:..\..\..\arduinoLCD\test\Pain Drain\libraries\lvgl\src\hal/lv_hal_tick.c ****     #include LV_TICK_CUSTOM_INCLUDE
  14:..\..\..\arduinoLCD\test\Pain Drain\libraries\lvgl\src\hal/lv_hal_tick.c **** #endif
  15:..\..\..\arduinoLCD\test\Pain Drain\libraries\lvgl\src\hal/lv_hal_tick.c **** 
  16:..\..\..\arduinoLCD\test\Pain Drain\libraries\lvgl\src\hal/lv_hal_tick.c **** /*********************
  17:..\..\..\arduinoLCD\test\Pain Drain\libraries\lvgl\src\hal/lv_hal_tick.c ****  *      DEFINES
  18:..\..\..\arduinoLCD\test\Pain Drain\libraries\lvgl\src\hal/lv_hal_tick.c ****  *********************/
  19:..\..\..\arduinoLCD\test\Pain Drain\libraries\lvgl\src\hal/lv_hal_tick.c **** 
  20:..\..\..\arduinoLCD\test\Pain Drain\libraries\lvgl\src\hal/lv_hal_tick.c **** /**********************
  21:..\..\..\arduinoLCD\test\Pain Drain\libraries\lvgl\src\hal/lv_hal_tick.c ****  *      TYPEDEFS
  22:..\..\..\arduinoLCD\test\Pain Drain\libraries\lvgl\src\hal/lv_hal_tick.c ****  **********************/
  23:..\..\..\arduinoLCD\test\Pain Drain\libraries\lvgl\src\hal/lv_hal_tick.c **** 
  24:..\..\..\arduinoLCD\test\Pain Drain\libraries\lvgl\src\hal/lv_hal_tick.c **** /**********************
  25:..\..\..\arduinoLCD\test\Pain Drain\libraries\lvgl\src\hal/lv_hal_tick.c ****  *  STATIC PROTOTYPES
  26:..\..\..\arduinoLCD\test\Pain Drain\libraries\lvgl\src\hal/lv_hal_tick.c ****  **********************/
  27:..\..\..\arduinoLCD\test\Pain Drain\libraries\lvgl\src\hal/lv_hal_tick.c **** 
  28:..\..\..\arduinoLCD\test\Pain Drain\libraries\lvgl\src\hal/lv_hal_tick.c **** /**********************
  29:..\..\..\arduinoLCD\test\Pain Drain\libraries\lvgl\src\hal/lv_hal_tick.c ****  *  STATIC VARIABLES
  30:..\..\..\arduinoLCD\test\Pain Drain\libraries\lvgl\src\hal/lv_hal_tick.c ****  **********************/
ARM GAS  C:\Users\haske\AppData\Local\Temp\ccUfwBqq.s 			page 2


  31:..\..\..\arduinoLCD\test\Pain Drain\libraries\lvgl\src\hal/lv_hal_tick.c **** #if !LV_TICK_CUSTOM
  32:..\..\..\arduinoLCD\test\Pain Drain\libraries\lvgl\src\hal/lv_hal_tick.c ****     static uint32_t sys_time = 0;
  33:..\..\..\arduinoLCD\test\Pain Drain\libraries\lvgl\src\hal/lv_hal_tick.c ****     static volatile uint8_t tick_irq_flag;
  34:..\..\..\arduinoLCD\test\Pain Drain\libraries\lvgl\src\hal/lv_hal_tick.c **** #endif
  35:..\..\..\arduinoLCD\test\Pain Drain\libraries\lvgl\src\hal/lv_hal_tick.c **** 
  36:..\..\..\arduinoLCD\test\Pain Drain\libraries\lvgl\src\hal/lv_hal_tick.c **** /**********************
  37:..\..\..\arduinoLCD\test\Pain Drain\libraries\lvgl\src\hal/lv_hal_tick.c ****  *      MACROS
  38:..\..\..\arduinoLCD\test\Pain Drain\libraries\lvgl\src\hal/lv_hal_tick.c ****  **********************/
  39:..\..\..\arduinoLCD\test\Pain Drain\libraries\lvgl\src\hal/lv_hal_tick.c **** 
  40:..\..\..\arduinoLCD\test\Pain Drain\libraries\lvgl\src\hal/lv_hal_tick.c **** /**********************
  41:..\..\..\arduinoLCD\test\Pain Drain\libraries\lvgl\src\hal/lv_hal_tick.c ****  *   GLOBAL FUNCTIONS
  42:..\..\..\arduinoLCD\test\Pain Drain\libraries\lvgl\src\hal/lv_hal_tick.c ****  **********************/
  43:..\..\..\arduinoLCD\test\Pain Drain\libraries\lvgl\src\hal/lv_hal_tick.c **** 
  44:..\..\..\arduinoLCD\test\Pain Drain\libraries\lvgl\src\hal/lv_hal_tick.c **** #if !LV_TICK_CUSTOM
  45:..\..\..\arduinoLCD\test\Pain Drain\libraries\lvgl\src\hal/lv_hal_tick.c **** /**
  46:..\..\..\arduinoLCD\test\Pain Drain\libraries\lvgl\src\hal/lv_hal_tick.c ****  * You have to call this function periodically
  47:..\..\..\arduinoLCD\test\Pain Drain\libraries\lvgl\src\hal/lv_hal_tick.c ****  * @param tick_period the call period of this function in milliseconds
  48:..\..\..\arduinoLCD\test\Pain Drain\libraries\lvgl\src\hal/lv_hal_tick.c ****  */
  49:..\..\..\arduinoLCD\test\Pain Drain\libraries\lvgl\src\hal/lv_hal_tick.c **** LV_ATTRIBUTE_TICK_INC void lv_tick_inc(uint32_t tick_period)
  50:..\..\..\arduinoLCD\test\Pain Drain\libraries\lvgl\src\hal/lv_hal_tick.c **** {
  28              		.loc 1 50 0
  29              		.cfi_startproc
  30              		@ args = 0, pretend = 0, frame = 0
  31              		@ frame_needed = 0, uses_anonymous_args = 0
  32              		@ link register save eliminated.
  33              	.LVL0:
  51:..\..\..\arduinoLCD\test\Pain Drain\libraries\lvgl\src\hal/lv_hal_tick.c ****     tick_irq_flag = 0;
  34              		.loc 1 51 0
  35 0000 034B     		ldr	r3, .L2
  36 0002 0022     		movs	r2, #0
  37 0004 1A70     		strb	r2, [r3]
  52:..\..\..\arduinoLCD\test\Pain Drain\libraries\lvgl\src\hal/lv_hal_tick.c ****     sys_time += tick_period;
  38              		.loc 1 52 0
  39 0006 5A68     		ldr	r2, [r3, #4]
  40 0008 9446     		mov	ip, r2
  41 000a 6044     		add	r0, r0, ip
  42              	.LVL1:
  43 000c 5860     		str	r0, [r3, #4]
  53:..\..\..\arduinoLCD\test\Pain Drain\libraries\lvgl\src\hal/lv_hal_tick.c **** }
  44              		.loc 1 53 0
  45              		@ sp needed
  46 000e 7047     		bx	lr
  47              	.L3:
  48              		.align	2
  49              	.L2:
  50 0010 00000000 		.word	.LANCHOR0
  51              		.cfi_endproc
  52              	.LFE0:
  53              		.size	lv_tick_inc, .-lv_tick_inc
  54              		.section	.text.lv_tick_get,"ax",%progbits
  55              		.align	2
  56              		.global	lv_tick_get
  57              		.code	16
  58              		.thumb_func
  59              		.type	lv_tick_get, %function
  60              	lv_tick_get:
  61              	.LFB1:
ARM GAS  C:\Users\haske\AppData\Local\Temp\ccUfwBqq.s 			page 3


  54:..\..\..\arduinoLCD\test\Pain Drain\libraries\lvgl\src\hal/lv_hal_tick.c **** #endif
  55:..\..\..\arduinoLCD\test\Pain Drain\libraries\lvgl\src\hal/lv_hal_tick.c **** 
  56:..\..\..\arduinoLCD\test\Pain Drain\libraries\lvgl\src\hal/lv_hal_tick.c **** /**
  57:..\..\..\arduinoLCD\test\Pain Drain\libraries\lvgl\src\hal/lv_hal_tick.c ****  * Get the elapsed milliseconds since start up
  58:..\..\..\arduinoLCD\test\Pain Drain\libraries\lvgl\src\hal/lv_hal_tick.c ****  * @return the elapsed milliseconds
  59:..\..\..\arduinoLCD\test\Pain Drain\libraries\lvgl\src\hal/lv_hal_tick.c ****  */
  60:..\..\..\arduinoLCD\test\Pain Drain\libraries\lvgl\src\hal/lv_hal_tick.c **** uint32_t lv_tick_get(void)
  61:..\..\..\arduinoLCD\test\Pain Drain\libraries\lvgl\src\hal/lv_hal_tick.c **** {
  62              		.loc 1 61 0
  63              		.cfi_startproc
  64              		@ args = 0, pretend = 0, frame = 0
  65              		@ frame_needed = 0, uses_anonymous_args = 0
  66              		@ link register save eliminated.
  67              	.L5:
  62:..\..\..\arduinoLCD\test\Pain Drain\libraries\lvgl\src\hal/lv_hal_tick.c **** #if LV_TICK_CUSTOM == 0
  63:..\..\..\arduinoLCD\test\Pain Drain\libraries\lvgl\src\hal/lv_hal_tick.c **** 
  64:..\..\..\arduinoLCD\test\Pain Drain\libraries\lvgl\src\hal/lv_hal_tick.c ****     /*If `lv_tick_inc` is called from an interrupt while `sys_time` is read
  65:..\..\..\arduinoLCD\test\Pain Drain\libraries\lvgl\src\hal/lv_hal_tick.c ****      *the result might be corrupted.
  66:..\..\..\arduinoLCD\test\Pain Drain\libraries\lvgl\src\hal/lv_hal_tick.c ****      *This loop detects if `lv_tick_inc` was called while reading `sys_time`.
  67:..\..\..\arduinoLCD\test\Pain Drain\libraries\lvgl\src\hal/lv_hal_tick.c ****      *If `tick_irq_flag` was cleared in `lv_tick_inc` try to read again
  68:..\..\..\arduinoLCD\test\Pain Drain\libraries\lvgl\src\hal/lv_hal_tick.c ****      *until `tick_irq_flag` remains `1`.*/
  69:..\..\..\arduinoLCD\test\Pain Drain\libraries\lvgl\src\hal/lv_hal_tick.c ****     uint32_t result;
  70:..\..\..\arduinoLCD\test\Pain Drain\libraries\lvgl\src\hal/lv_hal_tick.c ****     do {
  71:..\..\..\arduinoLCD\test\Pain Drain\libraries\lvgl\src\hal/lv_hal_tick.c ****         tick_irq_flag = 1;
  68              		.loc 1 71 0 discriminator 1
  69 0000 034B     		ldr	r3, .L6
  70 0002 0122     		movs	r2, #1
  71 0004 1A70     		strb	r2, [r3]
  72:..\..\..\arduinoLCD\test\Pain Drain\libraries\lvgl\src\hal/lv_hal_tick.c ****         result        = sys_time;
  72              		.loc 1 72 0 discriminator 1
  73 0006 5868     		ldr	r0, [r3, #4]
  74              	.LVL2:
  73:..\..\..\arduinoLCD\test\Pain Drain\libraries\lvgl\src\hal/lv_hal_tick.c ****     } while(!tick_irq_flag); /*Continue until see a non interrupted cycle*/
  75              		.loc 1 73 0 discriminator 1
  76 0008 1B78     		ldrb	r3, [r3]
  77 000a 002B     		cmp	r3, #0
  78 000c F8D0     		beq	.L5
  74:..\..\..\arduinoLCD\test\Pain Drain\libraries\lvgl\src\hal/lv_hal_tick.c **** 
  75:..\..\..\arduinoLCD\test\Pain Drain\libraries\lvgl\src\hal/lv_hal_tick.c ****     return result;
  76:..\..\..\arduinoLCD\test\Pain Drain\libraries\lvgl\src\hal/lv_hal_tick.c **** #else
  77:..\..\..\arduinoLCD\test\Pain Drain\libraries\lvgl\src\hal/lv_hal_tick.c ****     return LV_TICK_CUSTOM_SYS_TIME_EXPR;
  78:..\..\..\arduinoLCD\test\Pain Drain\libraries\lvgl\src\hal/lv_hal_tick.c **** #endif
  79:..\..\..\arduinoLCD\test\Pain Drain\libraries\lvgl\src\hal/lv_hal_tick.c **** }
  79              		.loc 1 79 0
  80              		@ sp needed
  81 000e 7047     		bx	lr
  82              	.L7:
  83              		.align	2
  84              	.L6:
  85 0010 00000000 		.word	.LANCHOR0
  86              		.cfi_endproc
  87              	.LFE1:
  88              		.size	lv_tick_get, .-lv_tick_get
  89              		.section	.text.lv_tick_elaps,"ax",%progbits
  90              		.align	2
  91              		.global	lv_tick_elaps
  92              		.code	16
ARM GAS  C:\Users\haske\AppData\Local\Temp\ccUfwBqq.s 			page 4


  93              		.thumb_func
  94              		.type	lv_tick_elaps, %function
  95              	lv_tick_elaps:
  96              	.LFB2:
  80:..\..\..\arduinoLCD\test\Pain Drain\libraries\lvgl\src\hal/lv_hal_tick.c **** 
  81:..\..\..\arduinoLCD\test\Pain Drain\libraries\lvgl\src\hal/lv_hal_tick.c **** /**
  82:..\..\..\arduinoLCD\test\Pain Drain\libraries\lvgl\src\hal/lv_hal_tick.c ****  * Get the elapsed milliseconds since a previous time stamp
  83:..\..\..\arduinoLCD\test\Pain Drain\libraries\lvgl\src\hal/lv_hal_tick.c ****  * @param prev_tick a previous time stamp (return value of lv_tick_get() )
  84:..\..\..\arduinoLCD\test\Pain Drain\libraries\lvgl\src\hal/lv_hal_tick.c ****  * @return the elapsed milliseconds since 'prev_tick'
  85:..\..\..\arduinoLCD\test\Pain Drain\libraries\lvgl\src\hal/lv_hal_tick.c ****  */
  86:..\..\..\arduinoLCD\test\Pain Drain\libraries\lvgl\src\hal/lv_hal_tick.c **** uint32_t lv_tick_elaps(uint32_t prev_tick)
  87:..\..\..\arduinoLCD\test\Pain Drain\libraries\lvgl\src\hal/lv_hal_tick.c **** {
  97              		.loc 1 87 0
  98              		.cfi_startproc
  99              		@ args = 0, pretend = 0, frame = 0
 100              		@ frame_needed = 0, uses_anonymous_args = 0
 101              	.LVL3:
 102 0000 10B5     		push	{r4, lr}
 103              		.cfi_def_cfa_offset 8
 104              		.cfi_offset 4, -8
 105              		.cfi_offset 14, -4
 106 0002 0400     		movs	r4, r0
  88:..\..\..\arduinoLCD\test\Pain Drain\libraries\lvgl\src\hal/lv_hal_tick.c ****     uint32_t act_time = lv_tick_get();
 107              		.loc 1 88 0
 108 0004 FFF7FEFF 		bl	lv_tick_get
 109              	.LVL4:
  89:..\..\..\arduinoLCD\test\Pain Drain\libraries\lvgl\src\hal/lv_hal_tick.c **** 
  90:..\..\..\arduinoLCD\test\Pain Drain\libraries\lvgl\src\hal/lv_hal_tick.c ****     /*If there is no overflow in sys_time simple subtract*/
  91:..\..\..\arduinoLCD\test\Pain Drain\libraries\lvgl\src\hal/lv_hal_tick.c ****     if(act_time >= prev_tick) {
 110              		.loc 1 91 0
 111 0008 A042     		cmp	r0, r4
 112 000a 01D3     		bcc	.L9
  92:..\..\..\arduinoLCD\test\Pain Drain\libraries\lvgl\src\hal/lv_hal_tick.c ****         prev_tick = act_time - prev_tick;
 113              		.loc 1 92 0
 114 000c 001B     		subs	r0, r0, r4
 115              	.LVL5:
 116 000e 00E0     		b	.L10
 117              	.LVL6:
 118              	.L9:
  93:..\..\..\arduinoLCD\test\Pain Drain\libraries\lvgl\src\hal/lv_hal_tick.c ****     }
  94:..\..\..\arduinoLCD\test\Pain Drain\libraries\lvgl\src\hal/lv_hal_tick.c ****     else {
  95:..\..\..\arduinoLCD\test\Pain Drain\libraries\lvgl\src\hal/lv_hal_tick.c ****         prev_tick = UINT32_MAX - prev_tick + 1;
  96:..\..\..\arduinoLCD\test\Pain Drain\libraries\lvgl\src\hal/lv_hal_tick.c ****         prev_tick += act_time;
 119              		.loc 1 96 0
 120 0010 001B     		subs	r0, r0, r4
 121              	.LVL7:
 122              	.L10:
  97:..\..\..\arduinoLCD\test\Pain Drain\libraries\lvgl\src\hal/lv_hal_tick.c ****     }
  98:..\..\..\arduinoLCD\test\Pain Drain\libraries\lvgl\src\hal/lv_hal_tick.c **** 
  99:..\..\..\arduinoLCD\test\Pain Drain\libraries\lvgl\src\hal/lv_hal_tick.c ****     return prev_tick;
 100:..\..\..\arduinoLCD\test\Pain Drain\libraries\lvgl\src\hal/lv_hal_tick.c **** }
 123              		.loc 1 100 0
 124              		@ sp needed
 125 0012 10BD     		pop	{r4, pc}
 126              		.cfi_endproc
 127              	.LFE2:
 128              		.size	lv_tick_elaps, .-lv_tick_elaps
ARM GAS  C:\Users\haske\AppData\Local\Temp\ccUfwBqq.s 			page 5


 129              		.bss
 130              		.align	2
 131              		.set	.LANCHOR0,. + 0
 132              		.type	tick_irq_flag, %object
 133              		.size	tick_irq_flag, 1
 134              	tick_irq_flag:
 135 0000 00       		.space	1
 136 0001 000000   		.space	3
 137              		.type	sys_time, %object
 138              		.size	sys_time, 4
 139              	sys_time:
 140 0004 00000000 		.space	4
 141              		.text
 142              	.Letext0:
 143              		.file 2 "c:\\program files (x86)\\cypress\\psoc creator\\4.4\\psoc creator\\import\\gnu\\arm\\5.4.
 144              		.file 3 "c:\\program files (x86)\\cypress\\psoc creator\\4.4\\psoc creator\\import\\gnu\\arm\\5.4.
 145              		.section	.debug_info,"",%progbits
 146              	.Ldebug_info0:
 147 0000 4F010000 		.4byte	0x14f
 148 0004 0400     		.2byte	0x4
 149 0006 00000000 		.4byte	.Ldebug_abbrev0
 150 000a 04       		.byte	0x4
 151 000b 01       		.uleb128 0x1
 152 000c 8F010000 		.4byte	.LASF22
 153 0010 0C       		.byte	0xc
 154 0011 14000000 		.4byte	.LASF23
 155 0015 2E010000 		.4byte	.LASF24
 156 0019 00000000 		.4byte	.Ldebug_ranges0+0
 157 001d 00000000 		.4byte	0
 158 0021 00000000 		.4byte	.Ldebug_line0
 159 0025 02       		.uleb128 0x2
 160 0026 01       		.byte	0x1
 161 0027 06       		.byte	0x6
 162 0028 21020000 		.4byte	.LASF0
 163 002c 03       		.uleb128 0x3
 164 002d 00000000 		.4byte	.LASF5
 165 0031 02       		.byte	0x2
 166 0032 1D       		.byte	0x1d
 167 0033 37000000 		.4byte	0x37
 168 0037 02       		.uleb128 0x2
 169 0038 01       		.byte	0x1
 170 0039 08       		.byte	0x8
 171 003a 72000000 		.4byte	.LASF1
 172 003e 02       		.uleb128 0x2
 173 003f 02       		.byte	0x2
 174 0040 05       		.byte	0x5
 175 0041 67010000 		.4byte	.LASF2
 176 0045 02       		.uleb128 0x2
 177 0046 02       		.byte	0x2
 178 0047 07       		.byte	0x7
 179 0048 A0000000 		.4byte	.LASF3
 180 004c 02       		.uleb128 0x2
 181 004d 04       		.byte	0x4
 182 004e 05       		.byte	0x5
 183 004f 7A010000 		.4byte	.LASF4
 184 0053 03       		.uleb128 0x3
 185 0054 CD000000 		.4byte	.LASF6
ARM GAS  C:\Users\haske\AppData\Local\Temp\ccUfwBqq.s 			page 6


 186 0058 02       		.byte	0x2
 187 0059 41       		.byte	0x41
 188 005a 5E000000 		.4byte	0x5e
 189 005e 02       		.uleb128 0x2
 190 005f 04       		.byte	0x4
 191 0060 07       		.byte	0x7
 192 0061 8E000000 		.4byte	.LASF7
 193 0065 02       		.uleb128 0x2
 194 0066 08       		.byte	0x8
 195 0067 05       		.byte	0x5
 196 0068 20010000 		.4byte	.LASF8
 197 006c 02       		.uleb128 0x2
 198 006d 08       		.byte	0x8
 199 006e 07       		.byte	0x7
 200 006f FA000000 		.4byte	.LASF9
 201 0073 04       		.uleb128 0x4
 202 0074 04       		.byte	0x4
 203 0075 05       		.byte	0x5
 204 0076 696E7400 		.ascii	"int\000"
 205 007a 02       		.uleb128 0x2
 206 007b 04       		.byte	0x4
 207 007c 07       		.byte	0x7
 208 007d E4000000 		.4byte	.LASF10
 209 0081 03       		.uleb128 0x3
 210 0082 11010000 		.4byte	.LASF11
 211 0086 03       		.byte	0x3
 212 0087 18       		.byte	0x18
 213 0088 2C000000 		.4byte	0x2c
 214 008c 03       		.uleb128 0x3
 215 008d 71010000 		.4byte	.LASF12
 216 0091 03       		.byte	0x3
 217 0092 30       		.byte	0x30
 218 0093 53000000 		.4byte	0x53
 219 0097 02       		.uleb128 0x2
 220 0098 08       		.byte	0x8
 221 0099 04       		.byte	0x4
 222 009a 83010000 		.4byte	.LASF13
 223 009e 05       		.uleb128 0x5
 224 009f D8000000 		.4byte	.LASF25
 225 00a3 01       		.byte	0x1
 226 00a4 31       		.byte	0x31
 227 00a5 00000000 		.4byte	.LFB0
 228 00a9 14000000 		.4byte	.LFE0-.LFB0
 229 00ad 01       		.uleb128 0x1
 230 00ae 9C       		.byte	0x9c
 231 00af C3000000 		.4byte	0xc3
 232 00b3 06       		.uleb128 0x6
 233 00b4 C1000000 		.4byte	.LASF16
 234 00b8 01       		.byte	0x1
 235 00b9 31       		.byte	0x31
 236 00ba 8C000000 		.4byte	0x8c
 237 00be 00000000 		.4byte	.LLST0
 238 00c2 00       		.byte	0
 239 00c3 07       		.uleb128 0x7
 240 00c4 5D000000 		.4byte	.LASF14
 241 00c8 01       		.byte	0x1
 242 00c9 3C       		.byte	0x3c
ARM GAS  C:\Users\haske\AppData\Local\Temp\ccUfwBqq.s 			page 7


 243 00ca 8C000000 		.4byte	0x8c
 244 00ce 00000000 		.4byte	.LFB1
 245 00d2 14000000 		.4byte	.LFE1-.LFB1
 246 00d6 01       		.uleb128 0x1
 247 00d7 9C       		.byte	0x9c
 248 00d8 EA000000 		.4byte	0xea
 249 00dc 08       		.uleb128 0x8
 250 00dd 19010000 		.4byte	.LASF18
 251 00e1 01       		.byte	0x1
 252 00e2 45       		.byte	0x45
 253 00e3 8C000000 		.4byte	0x8c
 254 00e7 01       		.uleb128 0x1
 255 00e8 50       		.byte	0x50
 256 00e9 00       		.byte	0
 257 00ea 07       		.uleb128 0x7
 258 00eb 80000000 		.4byte	.LASF15
 259 00ef 01       		.byte	0x1
 260 00f0 56       		.byte	0x56
 261 00f1 8C000000 		.4byte	0x8c
 262 00f5 00000000 		.4byte	.LFB2
 263 00f9 14000000 		.4byte	.LFE2-.LFB2
 264 00fd 01       		.uleb128 0x1
 265 00fe 9C       		.byte	0x9c
 266 00ff 2B010000 		.4byte	0x12b
 267 0103 06       		.uleb128 0x6
 268 0104 0A000000 		.4byte	.LASF17
 269 0108 01       		.byte	0x1
 270 0109 56       		.byte	0x56
 271 010a 8C000000 		.4byte	0x8c
 272 010e 21000000 		.4byte	.LLST1
 273 0112 09       		.uleb128 0x9
 274 0113 F1000000 		.4byte	.LASF19
 275 0117 01       		.byte	0x1
 276 0118 58       		.byte	0x58
 277 0119 8C000000 		.4byte	0x8c
 278 011d 63000000 		.4byte	.LLST2
 279 0121 0A       		.uleb128 0xa
 280 0122 08000000 		.4byte	.LVL4
 281 0126 C3000000 		.4byte	0xc3
 282 012a 00       		.byte	0
 283 012b 08       		.uleb128 0x8
 284 012c 69000000 		.4byte	.LASF20
 285 0130 01       		.byte	0x1
 286 0131 20       		.byte	0x20
 287 0132 8C000000 		.4byte	0x8c
 288 0136 05       		.uleb128 0x5
 289 0137 03       		.byte	0x3
 290 0138 04000000 		.4byte	sys_time
 291 013c 08       		.uleb128 0x8
 292 013d B3000000 		.4byte	.LASF21
 293 0141 01       		.byte	0x1
 294 0142 21       		.byte	0x21
 295 0143 4D010000 		.4byte	0x14d
 296 0147 05       		.uleb128 0x5
 297 0148 03       		.byte	0x3
 298 0149 00000000 		.4byte	tick_irq_flag
 299 014d 0B       		.uleb128 0xb
ARM GAS  C:\Users\haske\AppData\Local\Temp\ccUfwBqq.s 			page 8


 300 014e 81000000 		.4byte	0x81
 301 0152 00       		.byte	0
 302              		.section	.debug_abbrev,"",%progbits
 303              	.Ldebug_abbrev0:
 304 0000 01       		.uleb128 0x1
 305 0001 11       		.uleb128 0x11
 306 0002 01       		.byte	0x1
 307 0003 25       		.uleb128 0x25
 308 0004 0E       		.uleb128 0xe
 309 0005 13       		.uleb128 0x13
 310 0006 0B       		.uleb128 0xb
 311 0007 03       		.uleb128 0x3
 312 0008 0E       		.uleb128 0xe
 313 0009 1B       		.uleb128 0x1b
 314 000a 0E       		.uleb128 0xe
 315 000b 55       		.uleb128 0x55
 316 000c 17       		.uleb128 0x17
 317 000d 11       		.uleb128 0x11
 318 000e 01       		.uleb128 0x1
 319 000f 10       		.uleb128 0x10
 320 0010 17       		.uleb128 0x17
 321 0011 00       		.byte	0
 322 0012 00       		.byte	0
 323 0013 02       		.uleb128 0x2
 324 0014 24       		.uleb128 0x24
 325 0015 00       		.byte	0
 326 0016 0B       		.uleb128 0xb
 327 0017 0B       		.uleb128 0xb
 328 0018 3E       		.uleb128 0x3e
 329 0019 0B       		.uleb128 0xb
 330 001a 03       		.uleb128 0x3
 331 001b 0E       		.uleb128 0xe
 332 001c 00       		.byte	0
 333 001d 00       		.byte	0
 334 001e 03       		.uleb128 0x3
 335 001f 16       		.uleb128 0x16
 336 0020 00       		.byte	0
 337 0021 03       		.uleb128 0x3
 338 0022 0E       		.uleb128 0xe
 339 0023 3A       		.uleb128 0x3a
 340 0024 0B       		.uleb128 0xb
 341 0025 3B       		.uleb128 0x3b
 342 0026 0B       		.uleb128 0xb
 343 0027 49       		.uleb128 0x49
 344 0028 13       		.uleb128 0x13
 345 0029 00       		.byte	0
 346 002a 00       		.byte	0
 347 002b 04       		.uleb128 0x4
 348 002c 24       		.uleb128 0x24
 349 002d 00       		.byte	0
 350 002e 0B       		.uleb128 0xb
 351 002f 0B       		.uleb128 0xb
 352 0030 3E       		.uleb128 0x3e
 353 0031 0B       		.uleb128 0xb
 354 0032 03       		.uleb128 0x3
 355 0033 08       		.uleb128 0x8
 356 0034 00       		.byte	0
ARM GAS  C:\Users\haske\AppData\Local\Temp\ccUfwBqq.s 			page 9


 357 0035 00       		.byte	0
 358 0036 05       		.uleb128 0x5
 359 0037 2E       		.uleb128 0x2e
 360 0038 01       		.byte	0x1
 361 0039 3F       		.uleb128 0x3f
 362 003a 19       		.uleb128 0x19
 363 003b 03       		.uleb128 0x3
 364 003c 0E       		.uleb128 0xe
 365 003d 3A       		.uleb128 0x3a
 366 003e 0B       		.uleb128 0xb
 367 003f 3B       		.uleb128 0x3b
 368 0040 0B       		.uleb128 0xb
 369 0041 27       		.uleb128 0x27
 370 0042 19       		.uleb128 0x19
 371 0043 11       		.uleb128 0x11
 372 0044 01       		.uleb128 0x1
 373 0045 12       		.uleb128 0x12
 374 0046 06       		.uleb128 0x6
 375 0047 40       		.uleb128 0x40
 376 0048 18       		.uleb128 0x18
 377 0049 9742     		.uleb128 0x2117
 378 004b 19       		.uleb128 0x19
 379 004c 01       		.uleb128 0x1
 380 004d 13       		.uleb128 0x13
 381 004e 00       		.byte	0
 382 004f 00       		.byte	0
 383 0050 06       		.uleb128 0x6
 384 0051 05       		.uleb128 0x5
 385 0052 00       		.byte	0
 386 0053 03       		.uleb128 0x3
 387 0054 0E       		.uleb128 0xe
 388 0055 3A       		.uleb128 0x3a
 389 0056 0B       		.uleb128 0xb
 390 0057 3B       		.uleb128 0x3b
 391 0058 0B       		.uleb128 0xb
 392 0059 49       		.uleb128 0x49
 393 005a 13       		.uleb128 0x13
 394 005b 02       		.uleb128 0x2
 395 005c 17       		.uleb128 0x17
 396 005d 00       		.byte	0
 397 005e 00       		.byte	0
 398 005f 07       		.uleb128 0x7
 399 0060 2E       		.uleb128 0x2e
 400 0061 01       		.byte	0x1
 401 0062 3F       		.uleb128 0x3f
 402 0063 19       		.uleb128 0x19
 403 0064 03       		.uleb128 0x3
 404 0065 0E       		.uleb128 0xe
 405 0066 3A       		.uleb128 0x3a
 406 0067 0B       		.uleb128 0xb
 407 0068 3B       		.uleb128 0x3b
 408 0069 0B       		.uleb128 0xb
 409 006a 27       		.uleb128 0x27
 410 006b 19       		.uleb128 0x19
 411 006c 49       		.uleb128 0x49
 412 006d 13       		.uleb128 0x13
 413 006e 11       		.uleb128 0x11
ARM GAS  C:\Users\haske\AppData\Local\Temp\ccUfwBqq.s 			page 10


 414 006f 01       		.uleb128 0x1
 415 0070 12       		.uleb128 0x12
 416 0071 06       		.uleb128 0x6
 417 0072 40       		.uleb128 0x40
 418 0073 18       		.uleb128 0x18
 419 0074 9742     		.uleb128 0x2117
 420 0076 19       		.uleb128 0x19
 421 0077 01       		.uleb128 0x1
 422 0078 13       		.uleb128 0x13
 423 0079 00       		.byte	0
 424 007a 00       		.byte	0
 425 007b 08       		.uleb128 0x8
 426 007c 34       		.uleb128 0x34
 427 007d 00       		.byte	0
 428 007e 03       		.uleb128 0x3
 429 007f 0E       		.uleb128 0xe
 430 0080 3A       		.uleb128 0x3a
 431 0081 0B       		.uleb128 0xb
 432 0082 3B       		.uleb128 0x3b
 433 0083 0B       		.uleb128 0xb
 434 0084 49       		.uleb128 0x49
 435 0085 13       		.uleb128 0x13
 436 0086 02       		.uleb128 0x2
 437 0087 18       		.uleb128 0x18
 438 0088 00       		.byte	0
 439 0089 00       		.byte	0
 440 008a 09       		.uleb128 0x9
 441 008b 34       		.uleb128 0x34
 442 008c 00       		.byte	0
 443 008d 03       		.uleb128 0x3
 444 008e 0E       		.uleb128 0xe
 445 008f 3A       		.uleb128 0x3a
 446 0090 0B       		.uleb128 0xb
 447 0091 3B       		.uleb128 0x3b
 448 0092 0B       		.uleb128 0xb
 449 0093 49       		.uleb128 0x49
 450 0094 13       		.uleb128 0x13
 451 0095 02       		.uleb128 0x2
 452 0096 17       		.uleb128 0x17
 453 0097 00       		.byte	0
 454 0098 00       		.byte	0
 455 0099 0A       		.uleb128 0xa
 456 009a 898201   		.uleb128 0x4109
 457 009d 00       		.byte	0
 458 009e 11       		.uleb128 0x11
 459 009f 01       		.uleb128 0x1
 460 00a0 31       		.uleb128 0x31
 461 00a1 13       		.uleb128 0x13
 462 00a2 00       		.byte	0
 463 00a3 00       		.byte	0
 464 00a4 0B       		.uleb128 0xb
 465 00a5 35       		.uleb128 0x35
 466 00a6 00       		.byte	0
 467 00a7 49       		.uleb128 0x49
 468 00a8 13       		.uleb128 0x13
 469 00a9 00       		.byte	0
 470 00aa 00       		.byte	0
ARM GAS  C:\Users\haske\AppData\Local\Temp\ccUfwBqq.s 			page 11


 471 00ab 00       		.byte	0
 472              		.section	.debug_loc,"",%progbits
 473              	.Ldebug_loc0:
 474              	.LLST0:
 475 0000 00000000 		.4byte	.LVL0
 476 0004 0C000000 		.4byte	.LVL1
 477 0008 0100     		.2byte	0x1
 478 000a 50       		.byte	0x50
 479 000b 0C000000 		.4byte	.LVL1
 480 000f 14000000 		.4byte	.LFE0
 481 0013 0400     		.2byte	0x4
 482 0015 F3       		.byte	0xf3
 483 0016 01       		.uleb128 0x1
 484 0017 50       		.byte	0x50
 485 0018 9F       		.byte	0x9f
 486 0019 00000000 		.4byte	0
 487 001d 00000000 		.4byte	0
 488              	.LLST1:
 489 0021 00000000 		.4byte	.LVL3
 490 0025 07000000 		.4byte	.LVL4-1
 491 0029 0100     		.2byte	0x1
 492 002b 50       		.byte	0x50
 493 002c 07000000 		.4byte	.LVL4-1
 494 0030 0E000000 		.4byte	.LVL5
 495 0034 0100     		.2byte	0x1
 496 0036 54       		.byte	0x54
 497 0037 0E000000 		.4byte	.LVL5
 498 003b 10000000 		.4byte	.LVL6
 499 003f 0100     		.2byte	0x1
 500 0041 50       		.byte	0x50
 501 0042 10000000 		.4byte	.LVL6
 502 0046 12000000 		.4byte	.LVL7
 503 004a 0400     		.2byte	0x4
 504 004c 74       		.byte	0x74
 505 004d 00       		.sleb128 0
 506 004e 1F       		.byte	0x1f
 507 004f 9F       		.byte	0x9f
 508 0050 12000000 		.4byte	.LVL7
 509 0054 14000000 		.4byte	.LFE2
 510 0058 0100     		.2byte	0x1
 511 005a 50       		.byte	0x50
 512 005b 00000000 		.4byte	0
 513 005f 00000000 		.4byte	0
 514              	.LLST2:
 515 0063 08000000 		.4byte	.LVL4
 516 0067 0E000000 		.4byte	.LVL5
 517 006b 0100     		.2byte	0x1
 518 006d 50       		.byte	0x50
 519 006e 10000000 		.4byte	.LVL6
 520 0072 12000000 		.4byte	.LVL7
 521 0076 0100     		.2byte	0x1
 522 0078 50       		.byte	0x50
 523 0079 00000000 		.4byte	0
 524 007d 00000000 		.4byte	0
 525              		.section	.debug_aranges,"",%progbits
 526 0000 2C000000 		.4byte	0x2c
 527 0004 0200     		.2byte	0x2
ARM GAS  C:\Users\haske\AppData\Local\Temp\ccUfwBqq.s 			page 12


 528 0006 00000000 		.4byte	.Ldebug_info0
 529 000a 04       		.byte	0x4
 530 000b 00       		.byte	0
 531 000c 0000     		.2byte	0
 532 000e 0000     		.2byte	0
 533 0010 00000000 		.4byte	.LFB0
 534 0014 14000000 		.4byte	.LFE0-.LFB0
 535 0018 00000000 		.4byte	.LFB1
 536 001c 14000000 		.4byte	.LFE1-.LFB1
 537 0020 00000000 		.4byte	.LFB2
 538 0024 14000000 		.4byte	.LFE2-.LFB2
 539 0028 00000000 		.4byte	0
 540 002c 00000000 		.4byte	0
 541              		.section	.debug_ranges,"",%progbits
 542              	.Ldebug_ranges0:
 543 0000 00000000 		.4byte	.LFB0
 544 0004 14000000 		.4byte	.LFE0
 545 0008 00000000 		.4byte	.LFB1
 546 000c 14000000 		.4byte	.LFE1
 547 0010 00000000 		.4byte	.LFB2
 548 0014 14000000 		.4byte	.LFE2
 549 0018 00000000 		.4byte	0
 550 001c 00000000 		.4byte	0
 551              		.section	.debug_line,"",%progbits
 552              	.Ldebug_line0:
 553 0000 AA010000 		.section	.debug_str,"MS",%progbits,1
 553      02005C01 
 553      00000201 
 553      FB0E0D00 
 553      01010101 
 554              	.LASF5:
 555 0000 5F5F7569 		.ascii	"__uint8_t\000"
 555      6E74385F 
 555      7400
 556              	.LASF17:
 557 000a 70726576 		.ascii	"prev_tick\000"
 557      5F746963 
 557      6B00
 558              	.LASF23:
 559 0014 2E2E5C2E 		.ascii	"..\\..\\..\\arduinoLCD\\test\\Pain Drain\\libraries"
 559      2E5C2E2E 
 559      5C617264 
 559      75696E6F 
 559      4C43445C 
 560 0041 5C6C7667 		.ascii	"\\lvgl\\src\\hal\\lv_hal_tick.c\000"
 560      6C5C7372 
 560      635C6861 
 560      6C5C6C76 
 560      5F68616C 
 561              	.LASF14:
 562 005d 6C765F74 		.ascii	"lv_tick_get\000"
 562      69636B5F 
 562      67657400 
 563              	.LASF20:
 564 0069 7379735F 		.ascii	"sys_time\000"
 564      74696D65 
 564      00
ARM GAS  C:\Users\haske\AppData\Local\Temp\ccUfwBqq.s 			page 13


 565              	.LASF1:
 566 0072 756E7369 		.ascii	"unsigned char\000"
 566      676E6564 
 566      20636861 
 566      7200
 567              	.LASF15:
 568 0080 6C765F74 		.ascii	"lv_tick_elaps\000"
 568      69636B5F 
 568      656C6170 
 568      7300
 569              	.LASF7:
 570 008e 6C6F6E67 		.ascii	"long unsigned int\000"
 570      20756E73 
 570      69676E65 
 570      6420696E 
 570      7400
 571              	.LASF3:
 572 00a0 73686F72 		.ascii	"short unsigned int\000"
 572      7420756E 
 572      7369676E 
 572      65642069 
 572      6E7400
 573              	.LASF21:
 574 00b3 7469636B 		.ascii	"tick_irq_flag\000"
 574      5F697271 
 574      5F666C61 
 574      6700
 575              	.LASF16:
 576 00c1 7469636B 		.ascii	"tick_period\000"
 576      5F706572 
 576      696F6400 
 577              	.LASF6:
 578 00cd 5F5F7569 		.ascii	"__uint32_t\000"
 578      6E743332 
 578      5F7400
 579              	.LASF25:
 580 00d8 6C765F74 		.ascii	"lv_tick_inc\000"
 580      69636B5F 
 580      696E6300 
 581              	.LASF10:
 582 00e4 756E7369 		.ascii	"unsigned int\000"
 582      676E6564 
 582      20696E74 
 582      00
 583              	.LASF19:
 584 00f1 6163745F 		.ascii	"act_time\000"
 584      74696D65 
 584      00
 585              	.LASF9:
 586 00fa 6C6F6E67 		.ascii	"long long unsigned int\000"
 586      206C6F6E 
 586      6720756E 
 586      7369676E 
 586      65642069 
 587              	.LASF11:
 588 0111 75696E74 		.ascii	"uint8_t\000"
 588      385F7400 
ARM GAS  C:\Users\haske\AppData\Local\Temp\ccUfwBqq.s 			page 14


 589              	.LASF18:
 590 0119 72657375 		.ascii	"result\000"
 590      6C7400
 591              	.LASF8:
 592 0120 6C6F6E67 		.ascii	"long long int\000"
 592      206C6F6E 
 592      6720696E 
 592      7400
 593              	.LASF24:
 594 012e 433A5C50 		.ascii	"C:\\Projects\\PainDrain\\firmware\\PainDrain\\PainD"
 594      726F6A65 
 594      6374735C 
 594      5061696E 
 594      44726169 
 595 015c 7261696E 		.ascii	"rain.cydsn\000"
 595      2E637964 
 595      736E00
 596              	.LASF2:
 597 0167 73686F72 		.ascii	"short int\000"
 597      7420696E 
 597      7400
 598              	.LASF12:
 599 0171 75696E74 		.ascii	"uint32_t\000"
 599      33325F74 
 599      00
 600              	.LASF4:
 601 017a 6C6F6E67 		.ascii	"long int\000"
 601      20696E74 
 601      00
 602              	.LASF13:
 603 0183 6C6F6E67 		.ascii	"long double\000"
 603      20646F75 
 603      626C6500 
 604              	.LASF22:
 605 018f 474E5520 		.ascii	"GNU C11 5.4.1 20160609 (release) [ARM/embedded-5-br"
 605      43313120 
 605      352E342E 
 605      31203230 
 605      31363036 
 606 01c2 616E6368 		.ascii	"anch revision 237715] -mcpu=cortex-m0plus -mthumb -"
 606      20726576 
 606      6973696F 
 606      6E203233 
 606      37373135 
 607 01f5 67202D4F 		.ascii	"g -Og -ffunction-sections -ffat-lto-objects\000"
 607      67202D66 
 607      66756E63 
 607      74696F6E 
 607      2D736563 
 608              	.LASF0:
 609 0221 7369676E 		.ascii	"signed char\000"
 609      65642063 
 609      68617200 
 610              		.ident	"GCC: (GNU Tools for ARM Embedded Processors) 5.4.1 20160609 (release) [ARM/embedded-5-bran
